Archive member included to satisfy reference by file (symbol)

c:/program files (x86)/atmel/studio/7.0/toolchain/avr8/avr8-gnu-toolchain/bin/../lib/gcc/avr/4.9.2/../../../../avr/lib/avr5\libm.a(addsf3.o)
                              Sketch.o (__subsf3)
c:/program files (x86)/atmel/studio/7.0/toolchain/avr8/avr8-gnu-toolchain/bin/../lib/gcc/avr/4.9.2/../../../../avr/lib/avr5\libm.a(addsf3x.o)
                              c:/program files (x86)/atmel/studio/7.0/toolchain/avr8/avr8-gnu-toolchain/bin/../lib/gcc/avr/4.9.2/../../../../avr/lib/avr5\libm.a(addsf3.o) (__addsf3x)
c:/program files (x86)/atmel/studio/7.0/toolchain/avr8/avr8-gnu-toolchain/bin/../lib/gcc/avr/4.9.2/../../../../avr/lib/avr5\libm.a(atan2.o)
                              Sketch.o (atan2)
c:/program files (x86)/atmel/studio/7.0/toolchain/avr8/avr8-gnu-toolchain/bin/../lib/gcc/avr/4.9.2/../../../../avr/lib/avr5\libm.a(atan.o)
                              Sketch.o (atan)
c:/program files (x86)/atmel/studio/7.0/toolchain/avr8/avr8-gnu-toolchain/bin/../lib/gcc/avr/4.9.2/../../../../avr/lib/avr5\libm.a(cmpsf2.o)
                              Sketch.o (__ltsf2)
c:/program files (x86)/atmel/studio/7.0/toolchain/avr8/avr8-gnu-toolchain/bin/../lib/gcc/avr/4.9.2/../../../../avr/lib/avr5\libm.a(divsf3.o)
                              Sketch.o (__divsf3)
c:/program files (x86)/atmel/studio/7.0/toolchain/avr8/avr8-gnu-toolchain/bin/../lib/gcc/avr/4.9.2/../../../../avr/lib/avr5\libm.a(divsf3x.o)
                              c:/program files (x86)/atmel/studio/7.0/toolchain/avr8/avr8-gnu-toolchain/bin/../lib/gcc/avr/4.9.2/../../../../avr/lib/avr5\libm.a(divsf3.o) (__divsf3x)
c:/program files (x86)/atmel/studio/7.0/toolchain/avr8/avr8-gnu-toolchain/bin/../lib/gcc/avr/4.9.2/../../../../avr/lib/avr5\libm.a(fixsfsi.o)
                              Sketch.o (__fixsfsi)
c:/program files (x86)/atmel/studio/7.0/toolchain/avr8/avr8-gnu-toolchain/bin/../lib/gcc/avr/4.9.2/../../../../avr/lib/avr5\libm.a(fixunssfsi.o)
                              c:/program files (x86)/atmel/studio/7.0/toolchain/avr8/avr8-gnu-toolchain/bin/../lib/gcc/avr/4.9.2/../../../../avr/lib/avr5\libm.a(fixsfsi.o) (__fixunssfsi)
c:/program files (x86)/atmel/studio/7.0/toolchain/avr8/avr8-gnu-toolchain/bin/../lib/gcc/avr/4.9.2/../../../../avr/lib/avr5\libm.a(floatsisf.o)
                              Sketch.o (__floatunsisf)
c:/program files (x86)/atmel/studio/7.0/toolchain/avr8/avr8-gnu-toolchain/bin/../lib/gcc/avr/4.9.2/../../../../avr/lib/avr5\libm.a(fp_cmp.o)
                              c:/program files (x86)/atmel/studio/7.0/toolchain/avr8/avr8-gnu-toolchain/bin/../lib/gcc/avr/4.9.2/../../../../avr/lib/avr5\libm.a(cmpsf2.o) (__fp_cmp)
c:/program files (x86)/atmel/studio/7.0/toolchain/avr8/avr8-gnu-toolchain/bin/../lib/gcc/avr/4.9.2/../../../../avr/lib/avr5\libm.a(fp_inf.o)
                              c:/program files (x86)/atmel/studio/7.0/toolchain/avr8/avr8-gnu-toolchain/bin/../lib/gcc/avr/4.9.2/../../../../avr/lib/avr5\libm.a(addsf3x.o) (__fp_inf)
c:/program files (x86)/atmel/studio/7.0/toolchain/avr8/avr8-gnu-toolchain/bin/../lib/gcc/avr/4.9.2/../../../../avr/lib/avr5\libm.a(fp_nan.o)
                              c:/program files (x86)/atmel/studio/7.0/toolchain/avr8/avr8-gnu-toolchain/bin/../lib/gcc/avr/4.9.2/../../../../avr/lib/avr5\libm.a(addsf3x.o) (__fp_nan)
c:/program files (x86)/atmel/studio/7.0/toolchain/avr8/avr8-gnu-toolchain/bin/../lib/gcc/avr/4.9.2/../../../../avr/lib/avr5\libm.a(fp_powser.o)
                              c:/program files (x86)/atmel/studio/7.0/toolchain/avr8/avr8-gnu-toolchain/bin/../lib/gcc/avr/4.9.2/../../../../avr/lib/avr5\libm.a(atan.o) (__fp_powser)
c:/program files (x86)/atmel/studio/7.0/toolchain/avr8/avr8-gnu-toolchain/bin/../lib/gcc/avr/4.9.2/../../../../avr/lib/avr5\libm.a(fp_pscA.o)
                              c:/program files (x86)/atmel/studio/7.0/toolchain/avr8/avr8-gnu-toolchain/bin/../lib/gcc/avr/4.9.2/../../../../avr/lib/avr5\libm.a(addsf3x.o) (__fp_pscA)
c:/program files (x86)/atmel/studio/7.0/toolchain/avr8/avr8-gnu-toolchain/bin/../lib/gcc/avr/4.9.2/../../../../avr/lib/avr5\libm.a(fp_pscB.o)
                              c:/program files (x86)/atmel/studio/7.0/toolchain/avr8/avr8-gnu-toolchain/bin/../lib/gcc/avr/4.9.2/../../../../avr/lib/avr5\libm.a(addsf3x.o) (__fp_pscB)
c:/program files (x86)/atmel/studio/7.0/toolchain/avr8/avr8-gnu-toolchain/bin/../lib/gcc/avr/4.9.2/../../../../avr/lib/avr5\libm.a(fp_round.o)
                              c:/program files (x86)/atmel/studio/7.0/toolchain/avr8/avr8-gnu-toolchain/bin/../lib/gcc/avr/4.9.2/../../../../avr/lib/avr5\libm.a(addsf3.o) (__fp_round)
c:/program files (x86)/atmel/studio/7.0/toolchain/avr8/avr8-gnu-toolchain/bin/../lib/gcc/avr/4.9.2/../../../../avr/lib/avr5\libm.a(fp_split3.o)
                              c:/program files (x86)/atmel/studio/7.0/toolchain/avr8/avr8-gnu-toolchain/bin/../lib/gcc/avr/4.9.2/../../../../avr/lib/avr5\libm.a(addsf3x.o) (__fp_split3)
[...]
Memory Configuration

Name             Origin             Length             Attributes
text             0x00000000         0x00020000         xr
data             0x00800060         0x0000ffa0         rw !x
eeprom           0x00810000         0x00010000         rw !x
fuse             0x00820000         0x00000400         rw !x
lock             0x00830000         0x00000400         rw !x
signature        0x00840000         0x00000400         rw !x
user_signatures  0x00850000         0x00000400         rw !x
*default*        0x00000000         0xffffffff

Linker script and memory map

Address of section .data set to 0x800100
LOAD C:/Program Files (x86)/Atmel/Studio/7.0/Packs/atmel/ATmega_DFP/1.0.106/gcc/dev/atmega328p/avr5/crtatmega328p.o
LOAD Sketch.o
START GROUP
LOAD c:/program files (x86)/atmel/studio/7.0/toolchain/avr8/avr8-gnu-toolchain/bin/../lib/gcc/avr/4.9.2/../../../../avr/lib/avr5\libm.a
LOAD C:\Users\Kevin Mulligan\Documents\Atmel Studio\7.0\ArduinoMain\ArduinoMain\ArduinoCore\Debug\libArduinoCore.a
END GROUP
LOAD c:/program files (x86)/atmel/studio/7.0/toolchain/avr8/avr8-gnu-toolchain/bin/../lib/gcc/avr/4.9.2/avr5\libgcc.a
LOAD c:/program files (x86)/atmel/studio/7.0/toolchain/avr8/avr8-gnu-toolchain/bin/../lib/gcc/avr/4.9.2/../../../../avr/lib/avr5\libm.a
START GROUP
LOAD c:/program files (x86)/atmel/studio/7.0/toolchain/avr8/avr8-gnu-toolchain/bin/../lib/gcc/avr/4.9.2/avr5\libgcc.a
LOAD c:/program files (x86)/atmel/studio/7.0/toolchain/avr8/avr8-gnu-toolchain/bin/../lib/gcc/avr/4.9.2/../../../../avr/lib/avr5\libm.a
LOAD c:/program files (x86)/atmel/studio/7.0/toolchain/avr8/avr8-gnu-toolchain/bin/../lib/gcc/avr/4.9.2/../../../../avr/lib/avr5\libc.a
LOAD C:/Program Files (x86)/Atmel/Studio/7.0/Packs/atmel/ATmega_DFP/1.0.106/gcc/dev/atmega328p/avr5\libatmega328p.a
END GROUP
                0x00020000                __TEXT_REGION_LENGTH__ = DEFINED (__TEXT_REGION_LENGTH__)?__TEXT_REGION_LENGTH__:0x20000
                0x0000ffa0                __DATA_REGION_LENGTH__ = DEFINED (__DATA_REGION_LENGTH__)?__DATA_REGION_LENGTH__:0xffa0
                0x00010000                __EEPROM_REGION_LENGTH__ = DEFINED (__EEPROM_REGION_LENGTH__)?__EEPROM_REGION_LENGTH__:0x10000
                0x00000400                __FUSE_REGION_LENGTH__ = DEFINED (__FUSE_REGION_LENGTH__)?__FUSE_REGION_LENGTH__:0x400
                0x00000400                __LOCK_REGION_LENGTH__ = DEFINED (__LOCK_REGION_LENGTH__)?__LOCK_REGION_LENGTH__:0x400
                0x00000400                __SIGNATURE_REGION_LENGTH__ = DEFINED (__SIGNATURE_REGION_LENGTH__)?__SIGNATURE_REGION_LENGTH__:0x400
                0x00000400                __USER_SIGNATURE_REGION_LENGTH__ = DEFINED (__USER_SIGNATURE_REGION_LENGTH__)?__USER_SIGNATURE_REGION_LENGTH__:0x400

.hash
 *(.hash)

.dynsym
 *(.dynsym)

.dynstr
 *(.dynstr)

.gnu.version
 *(.gnu.version)

.gnu.version_d
 *(.gnu.version_d)

.gnu.version_r
 *(.gnu.version_r)

.rel.init
 *(.rel.init)

.rela.init
 *(.rela.init)

.rel.text
 *(.rel.text)
 *(.rel.text.*)
 *(.rel.gnu.linkonce.t*)

.rela.text
 *(.rela.text)
 *(.rela.text.*)
 *(.rela.gnu.linkonce.t*)

.rel.fini
 *(.rel.fini)

.rela.fini
 *(.rela.fini)

.rel.rodata
 *(.rel.rodata)
 *(.rel.rodata.*)
 *(.rel.gnu.linkonce.r*)

.rela.rodata
 *(.rela.rodata)
 *(.rela.rodata.*)
 *(.rela.gnu.linkonce.r*)

.rel.data
 *(.rel.data)
 *(.rel.data.*)
 *(.rel.gnu.linkonce.d*)

.rela.data
 *(.rela.data)
 *(.rela.data.*)
 *(.rela.gnu.linkonce.d*)

.rel.ctors
 *(.rel.ctors)

.rela.ctors
 *(.rela.ctors)

.rel.dtors
 *(.rel.dtors)

.rela.dtors
 *(.rela.dtors)

.rel.got
 *(.rel.got)

.rela.got
 *(.rela.got)

.rel.bss
 *(.rel.bss)

.rela.bss
 *(.rela.bss)

.rel.plt
 *(.rel.plt)

.rela.plt
 *(.rela.plt)

.text           0x00000000     0x391a
 *(.vectors)
 .vectors       0x00000000       0x68 C:/Program Files (x86)/Atmel/Studio/7.0/Packs/atmel/ATmega_DFP/1.0.106/gcc/dev/atmega328p/avr5/crtatmega328p.o
                0x00000000                __vector_default
                0x00000000                __vectors
 *(.vectors)
 *(.progmem.gcc*)
 .progmem.gcc_fplib
                0x00000068       0x2d c:/program files (x86)/atmel/studio/7.0/toolchain/avr8/avr8-gnu-toolchain/bin/../lib/gcc/avr/4.9.2/../../../../avr/lib/avr5\libm.a(atan.o)
                0x00000096                . = ALIGN (0x2)
 *fill*         0x00000095        0x1 
                0x00000096                __trampolines_start = .
 *(.trampolines)
 .trampolines   0x00000096        0x0 linker stubs
 *(.trampolines*)
                0x00000096                __trampolines_end = .
 *libprintf_flt.a:*(.progmem.data)
 *libc.a:*(.progmem.data)
 .progmem.data  0x00000096       0x3b c:/program files (x86)/atmel/studio/7.0/toolchain/avr8/avr8-gnu-toolchain/bin/../lib/gcc/avr/4.9.2/../../../../avr/lib/avr5\libc.a(strtod.o)
 *(.progmem*)
 .progmem.data.digital_pin_to_timer_PGM
                0x000000d1       0x14 C:\Users\Kevin Mulligan\Documents\Atmel Studio\7.0\ArduinoMain\ArduinoMain\ArduinoCore\Debug\libArduinoCore.a(wiring_digital.o)
                0x000000d1                digital_pin_to_timer_PGM
 .progmem.data.digital_pin_to_bit_mask_PGM
                0x000000e5       0x14 C:\Users\Kevin Mulligan\Documents\Atmel Studio\7.0\ArduinoMain\ArduinoMain\ArduinoCore\Debug\libArduinoCore.a(wiring_digital.o)
                0x000000e5                digital_pin_to_bit_mask_PGM
 .progmem.data.digital_pin_to_port_PGM
                0x000000f9       0x14 C:\Users\Kevin Mulligan\Documents\Atmel Studio\7.0\ArduinoMain\ArduinoMain\ArduinoCore\Debug\libArduinoCore.a(wiring_digital.o)
                0x000000f9                digital_pin_to_port_PGM
 .progmem.data.port_to_output_PGM
                0x0000010d        0xa C:\Users\Kevin Mulligan\Documents\Atmel Studio\7.0\ArduinoMain\ArduinoMain\ArduinoCore\Debug\libArduinoCore.a(wiring_digital.o)
                0x0000010d                port_to_output_PGM
 .progmem.data.port_to_mode_PGM
                0x00000117        0xa C:\Users\Kevin Mulligan\Documents\Atmel Studio\7.0\ArduinoMain\ArduinoMain\ArduinoCore\Debug\libArduinoCore.a(wiring_digital.o)
                0x00000117                port_to_mode_PGM
                0x00000122                . = ALIGN (0x2)
 *fill*         0x00000121        0x1 
 *(.jumptables)
 *(.jumptables*)
 *(.lowtext)
 *(.lowtext*)
                0x00000122                __ctors_start = .
 *(.ctors)
 .ctors         0x00000122        0x2 Sketch.o
 .ctors         0x00000124        0x2 C:\Users\Kevin Mulligan\Documents\Atmel Studio\7.0\ArduinoMain\ArduinoMain\ArduinoCore\Debug\libArduinoCore.a(HardwareSerial0.o)
 .ctors         0x00000126        0x2 C:\Users\Kevin Mulligan\Documents\Atmel Studio\7.0\ArduinoMain\ArduinoMain\ArduinoCore\Debug\libArduinoCore.a(Wire.o)
                0x00000128                __ctors_end = .
                0x00000128                __dtors_start = .
 *(.dtors)
 .dtors         0x00000128        0x2 Sketch.o
                0x0000012a                __dtors_end = .
 SORT(*)(.ctors)
 SORT(*)(.dtors)
 *(.init0)
 .init0         0x0000012a        0x0 C:/Program Files (x86)/Atmel/Studio/7.0/Packs/atmel/ATmega_DFP/1.0.106/gcc/dev/atmega328p/avr5/crtatmega328p.o
                0x0000012a                __init
 *(.init0)
 *(.init1)
 *(.init1)
 *(.init2)
 .init2         0x0000012a        0xc C:/Program Files (x86)/Atmel/Studio/7.0/Packs/atmel/ATmega_DFP/1.0.106/gcc/dev/atmega328p/avr5/crtatmega328p.o
 *(.init2)
 *(.init3)
 *(.init3)
 *(.init4)
 .init4         0x00000136       0x16 c:/program files (x86)/atmel/studio/7.0/toolchain/avr8/avr8-gnu-toolchain/bin/../lib/gcc/avr/4.9.2/avr5\libgcc.a(_copy_data.o)
                0x00000136                __do_copy_data
 .init4         0x0000014c       0x10 c:/program files (x86)/atmel/studio/7.0/toolchain/avr8/avr8-gnu-toolchain/bin/../lib/gcc/avr/4.9.2/avr5\libgcc.a(_clear_bss.o)
                0x0000014c                __do_clear_bss
 *(.init4)
 *(.init5)
 *(.init5)
 *(.init6)
 .init6         0x0000015c       0x16 c:/program files (x86)/atmel/studio/7.0/toolchain/avr8/avr8-gnu-toolchain/bin/../lib/gcc/avr/4.9.2/avr5\libgcc.a(_ctors.o)
                0x0000015c                __do_global_ctors
 *(.init6)
 *(.init7)
 *(.init7)
 *(.init8)
 *(.init8)
 *(.init9)
 .init9         0x00000172        0x8 C:/Program Files (x86)/Atmel/Studio/7.0/Packs/atmel/ATmega_DFP/1.0.106/gcc/dev/atmega328p/avr5/crtatmega328p.o
 *(.init9)
 *(.text)
 .text          0x0000017a        0x4 C:/Program Files (x86)/Atmel/Studio/7.0/Packs/atmel/ATmega_DFP/1.0.106/gcc/dev/atmega328p/avr5/crtatmega328p.o
                0x0000017a                __vector_22
                0x0000017a                __vector_1
                0x0000017a                __vector_12
                0x0000017a                __bad_interrupt
                0x0000017a                __vector_6
                0x0000017a                __vector_3
                0x0000017a                __vector_23
                0x0000017a                __vector_25
                0x0000017a                __vector_11
                0x0000017a                __vector_13
                0x0000017a                __vector_17
                0x0000017a                __vector_7
                0x0000017a                __vector_5
                0x0000017a                __vector_4
                0x0000017a                __vector_9
                0x0000017a                __vector_2
                0x0000017a                __vector_21
                0x0000017a                __vector_15
                0x0000017a                __vector_8
                0x0000017a                __vector_14
                0x0000017a                __vector_10
                0x0000017a                __vector_20
                0x0000017e                . = ALIGN (0x2)
 *(.text.*)
 .text._ZN15Adafruit_Sensor15enableAutoRangeEb
                0x0000017e        0x2 Sketch.o
                0x0000017e                _ZN15Adafruit_Sensor15enableAutoRangeEb
 .text._ZN7TwoWire5writeEi
                0x00000180        0xe Sketch.o
                0x00000180                _ZN7TwoWire5writeEi
 .text._Z10MotorsInitv
                0x0000018e       0x78 Sketch.o
                0x0000018e                _Z10MotorsInitv
 .text._Z8wheeldiri
                0x00000206       0xce Sketch.o
                0x00000206                _Z8wheeldiri
 .text._Z9parseDatav
                0x000002d4       0x6e Sketch.o
                0x000002d4                _Z9parseDatav
 .text._Z11showNewDatav
                0x00000342       0x12 Sketch.o
                0x00000342                _Z11showNewDatav
 .text.startup._GLOBAL__sub_I_mag
                0x00000354       0x38 Sketch.o
 .text.exit._GLOBAL__sub_D_mag
                0x0000038c       0x10 Sketch.o
 .text._Z17AccelerometerInitv
                0x0000039c      0x15e Sketch.o
                0x0000039c                _Z17AccelerometerInitv
 .text._Z17AccelerometerReadv
                0x000004fa       0xe2 Sketch.o
                0x000004fa                _Z17AccelerometerReadv
 .text._Z7writeToihh
                0x000005dc       0x40 Sketch.o
                0x000005dc                _Z7writeToihh
 .text._Z8GyroInitv
                0x0000061c       0x30 Sketch.o
                0x0000061c                _Z8GyroInitv
 .text.setup    0x0000064c       0x48 Sketch.o
                0x0000064c                setup
 .text._Z8readFromihiPh
                0x00000694       0x94 Sketch.o
                0x00000694                _Z8readFromihiPh
 .text._Z16getGyroscopeDataPi
                0x00000728       0xaa Sketch.o
                0x00000728                _Z16getGyroscopeDataPi
 .text._Z8GyroReadv
                0x000007d2       0xea Sketch.o
                0x000007d2                _Z8GyroReadv
 .text._Z10sensorloopi
                0x000008bc      0x74e Sketch.o
                0x000008bc                _Z10sensorloopi
 .text._Z11delaysensori
                0x0000100a       0x38 Sketch.o
                0x0000100a                _Z11delaysensori
 .text._Z17recvWithEndMarkerv
                0x00001042       0x62 Sketch.o
                0x00001042                _Z17recvWithEndMarkerv
 .text.loop     0x000010a4       0x3c Sketch.o
                0x000010a4                loop
 .text.avr-libc.fplib
                0x000010e0        0xe c:/program files (x86)/atmel/studio/7.0/toolchain/avr8/avr8-gnu-toolchain/bin/../lib/gcc/avr/4.9.2/../../../../avr/lib/avr5\libm.a(addsf3.o)
                0x000010e0                __subsf3
                0x000010e2                __addsf3
 .text.avr-libc.fplib
                0x000010ee       0xcc c:/program files (x86)/atmel/studio/7.0/toolchain/avr8/avr8-gnu-toolchain/bin/../lib/gcc/avr/4.9.2/../../../../avr/lib/avr5\libm.a(addsf3x.o)
                0x00001110                __addsf3x
 .text.avr-libc.fplib
                0x000011ba       0x86 c:/program files (x86)/atmel/studio/7.0/toolchain/avr8/avr8-gnu-toolchain/bin/../lib/gcc/avr/4.9.2/../../../../avr/lib/avr5\libm.a(atan2.o)
                0x000011e0                atan2
 .text.avr-libc.fplib
                0x00001240       0x5e c:/program files (x86)/atmel/studio/7.0/toolchain/avr8/avr8-gnu-toolchain/bin/../lib/gcc/avr/4.9.2/../../../../avr/lib/avr5\libm.a(atan.o)
                0x00001240                atan
 .text.avr-libc.fplib
                0x0000129e        0xa c:/program files (x86)/atmel/studio/7.0/toolchain/avr8/avr8-gnu-toolchain/bin/../lib/gcc/avr/4.9.2/../../../../avr/lib/avr5\libm.a(cmpsf2.o)
                0x0000129e                __nesf2
                0x0000129e                __eqsf2
                0x0000129e                __cmpsf2
                0x0000129e                __ltsf2
                0x0000129e                __lesf2
 .text.avr-libc.fplib
                0x000012a8        0x8 c:/program files (x86)/atmel/studio/7.0/toolchain/avr8/avr8-gnu-toolchain/bin/../lib/gcc/avr/4.9.2/../../../../avr/lib/avr5\libm.a(divsf3.o)
                0x000012a8                __divsf3
 .text.avr-libc.fplib
                0x000012b0       0xdc c:/program files (x86)/atmel/studio/7.0/toolchain/avr8/avr8-gnu-toolchain/bin/../lib/gcc/avr/4.9.2/../../../../avr/lib/avr5\libm.a(divsf3x.o)
                0x000012d0                __divsf3x
                0x000012d6                __divsf3_pse
 .text.avr-libc.fplib
                0x0000138c        0xe c:/program files (x86)/atmel/studio/7.0/toolchain/avr8/avr8-gnu-toolchain/bin/../lib/gcc/avr/4.9.2/../../../../avr/lib/avr5\libm.a(fixsfsi.o)
                0x0000138c                __fixsfsi
 .text.avr-libc.fplib
                0x0000139a       0x5e c:/program files (x86)/atmel/studio/7.0/toolchain/avr8/avr8-gnu-toolchain/bin/../lib/gcc/avr/4.9.2/../../../../avr/lib/avr5\libm.a(fixunssfsi.o)
                0x0000139a                __fixunssfsi
 .text.avr-libc.fplib
                0x000013f8       0x7a c:/program files (x86)/atmel/studio/7.0/toolchain/avr8/avr8-gnu-toolchain/bin/../lib/gcc/avr/4.9.2/../../../../avr/lib/avr5\libm.a(floatsisf.o)
                0x000013f8                __floatunsisf
                0x000013fc                __floatsisf
 .text.avr-libc.fplib
                0x00001472       0x48 c:/program files (x86)/atmel/studio/7.0/toolchain/avr8/avr8-gnu-toolchain/bin/../lib/gcc/avr/4.9.2/../../../../avr/lib/avr5\libm.a(fp_cmp.o)
                0x00001472                __fp_cmp
 .text.avr-libc.fplib
                0x000014ba        0xc c:/program files (x86)/atmel/studio/7.0/toolchain/avr8/avr8-gnu-toolchain/bin/../lib/gcc/avr/4.9.2/../../../../avr/lib/avr5\libm.a(fp_inf.o)
                0x000014ba                __fp_inf
 .text.avr-libc.fplib
                0x000014c6        0x6 c:/program files (x86)/atmel/studio/7.0/toolchain/avr8/avr8-gnu-toolchain/bin/../lib/gcc/avr/4.9.2/../../../../avr/lib/avr5\libm.a(fp_nan.o)
                0x000014c6                __fp_nan
 .text.avr-libc.fplib
                0x000014cc       0x4e c:/program files (x86)/atmel/studio/7.0/toolchain/avr8/avr8-gnu-toolchain/bin/../lib/gcc/avr/4.9.2/../../../../avr/lib/avr5\libm.a(fp_powser.o)
                0x000014cc                __fp_powser
 .text.avr-libc.fplib
                0x0000151a        0xe c:/program files (x86)/atmel/studio/7.0/toolchain/avr8/avr8-gnu-toolchain/bin/../lib/gcc/avr/4.9.2/../../../../avr/lib/avr5\libm.a(fp_pscA.o)
                0x0000151a                __fp_pscA
 .text.avr-libc.fplib
                0x00001528        0xe c:/program files (x86)/atmel/studio/7.0/toolchain/avr8/avr8-gnu-toolchain/bin/../lib/gcc/avr/4.9.2/../../../../avr/lib/avr5\libm.a(fp_pscB.o)
                0x00001528                __fp_pscB
 .text.avr-libc.fplib
                0x00001536       0x22 c:/program files (x86)/atmel/studio/7.0/toolchain/avr8/avr8-gnu-toolchain/bin/../lib/gcc/avr/4.9.2/../../../../avr/lib/avr5\libm.a(fp_round.o)
                0x00001536                __fp_round
 .text.avr-libc.fplib
                0x00001558       0x44 c:/program files (x86)/atmel/studio/7.0/toolchain/avr8/avr8-gnu-toolchain/bin/../lib/gcc/avr/4.9.2/../../../../avr/lib/avr5\libm.a(fp_split3.o)
                0x00001558                __fp_split3
                0x00001568                __fp_splitA
 .text.avr-libc.fplib
                0x0000159c        0xe c:/program files (x86)/atmel/studio/7.0/toolchain/avr8/avr8-gnu-toolchain/bin/../lib/gcc/avr/4.9.2/../../../../avr/lib/avr5\libm.a(fp_zero.o)
                0x0000159c                __fp_zero
                0x0000159e                __fp_szero
 .text.avr-libc.fplib
                0x000015aa        0xa c:/program files (x86)/atmel/studio/7.0/toolchain/avr8/avr8-gnu-toolchain/bin/../lib/gcc/avr/4.9.2/../../../../avr/lib/avr5\libm.a(gesf2.o)
                0x000015aa                __gesf2
                0x000015aa                __gtsf2
 .text.avr-libc.fplib
                0x000015b4       0x10 c:/program files (x86)/atmel/studio/7.0/toolchain/avr8/avr8-gnu-toolchain/bin/../lib/gcc/avr/4.9.2/../../../../avr/lib/avr5\libm.a(inverse.o)
                0x000015b4                inverse
 .text.avr-libc.fplib
                0x000015c4        0x8 c:/program files (x86)/atmel/studio/7.0/toolchain/avr8/avr8-gnu-toolchain/bin/../lib/gcc/avr/4.9.2/../../../../avr/lib/avr5\libm.a(mulsf3.o)
                0x000015c4                __mulsf3
 .text.avr-libc.fplib
                0x000015cc       0xd2 c:/program files (x86)/atmel/studio/7.0/toolchain/avr8/avr8-gnu-toolchain/bin/../lib/gcc/avr/4.9.2/../../../../avr/lib/avr5\libm.a(mulsf3x.o)
                0x000015ea                __mulsf3x
                0x000015f0                __mulsf3_pse
 .text.avr-libc.fplib
                0x0000169e       0x8c c:/program files (x86)/atmel/studio/7.0/toolchain/avr8/avr8-gnu-toolchain/bin/../lib/gcc/avr/4.9.2/../../../../avr/lib/avr5\libm.a(sqrt.o)
                0x000016aa                sqrtf
                0x000016aa                sqrt
 .text.avr-libc.fplib
                0x0000172a        0x8 c:/program files (x86)/atmel/studio/7.0/toolchain/avr8/avr8-gnu-toolchain/bin/../lib/gcc/avr/4.9.2/../../../../avr/lib/avr5\libm.a(square.o)
                0x0000172a                square
 .text.avr-libc.fplib
                0x00001732       0x1c c:/program files (x86)/atmel/studio/7.0/toolchain/avr8/avr8-gnu-toolchain/bin/../lib/gcc/avr/4.9.2/../../../../avr/lib/avr5\libm.a(fp_mpack.o)
                0x00001732                __fp_mpack
                0x00001736                __fp_mpack_finite
 .text.avr-libc.fplib
                0x0000174e        0xe c:/program files (x86)/atmel/studio/7.0/toolchain/avr8/avr8-gnu-toolchain/bin/../lib/gcc/avr/4.9.2/../../../../avr/lib/avr5\libm.a(fp_norm2.o)
                0x0000174e                __fp_norm2
 .text._ZN14HardwareSerial9availableEv
                0x0000175c       0x18 C:\Users\Kevin Mulligan\Documents\Atmel Studio\7.0\ArduinoMain\ArduinoMain\ArduinoCore\Debug\libArduinoCore.a(HardwareSerial.o)
                0x0000175c                _ZN14HardwareSerial9availableEv
 .text._ZN14HardwareSerial4peekEv
                0x00001774       0x1c C:\Users\Kevin Mulligan\Documents\Atmel Studio\7.0\ArduinoMain\ArduinoMain\ArduinoCore\Debug\libArduinoCore.a(HardwareSerial.o)
                0x00001774                _ZN14HardwareSerial4peekEv
 .text._ZN14HardwareSerial4readEv
                0x00001790       0x28 C:\Users\Kevin Mulligan\Documents\Atmel Studio\7.0\ArduinoMain\ArduinoMain\ArduinoCore\Debug\libArduinoCore.a(HardwareSerial.o)
                0x00001790                _ZN14HardwareSerial4readEv
 .text._Z14serialEventRunv
                0x000017b8       0x1c C:\Users\Kevin Mulligan\Documents\Atmel Studio\7.0\ArduinoMain\ArduinoMain\ArduinoCore\Debug\libArduinoCore.a(HardwareSerial.o)
                0x000017b8                _Z14serialEventRunv
 .text._ZN14HardwareSerial17_tx_udr_empty_irqEv
                0x000017d4       0x42 C:\Users\Kevin Mulligan\Documents\Atmel Studio\7.0\ArduinoMain\ArduinoMain\ArduinoCore\Debug\libArduinoCore.a(HardwareSerial.o)
                0x000017d4                _ZN14HardwareSerial17_tx_udr_empty_irqEv
 .text._ZN14HardwareSerial5flushEv
                0x00001816       0x44 C:\Users\Kevin Mulligan\Documents\Atmel Studio\7.0\ArduinoMain\ArduinoMain\ArduinoCore\Debug\libArduinoCore.a(HardwareSerial.o)
                0x00001816                _ZN14HardwareSerial5flushEv
 .text._ZN14HardwareSerial5writeEh
                0x0000185a       0x8e C:\Users\Kevin Mulligan\Documents\Atmel Studio\7.0\ArduinoMain\ArduinoMain\ArduinoCore\Debug\libArduinoCore.a(HardwareSerial.o)
                0x0000185a                _ZN14HardwareSerial5writeEh
 .text._ZN14HardwareSerial5beginEmh
                0x000018e8       0xca C:\Users\Kevin Mulligan\Documents\Atmel Studio\7.0\ArduinoMain\ArduinoMain\ArduinoCore\Debug\libArduinoCore.a(HardwareSerial.o)
                0x000018e8                _ZN14HardwareSerial5beginEmh
 .text.__vector_18
                0x000019b2       0x64 C:\Users\Kevin Mulligan\Documents\Atmel Studio\7.0\ArduinoMain\ArduinoMain\ArduinoCore\Debug\libArduinoCore.a(HardwareSerial0.o)
                0x000019b2                __vector_18
 .text.__vector_19
                0x00001a16       0x4c C:\Users\Kevin Mulligan\Documents\Atmel Studio\7.0\ArduinoMain\ArduinoMain\ArduinoCore\Debug\libArduinoCore.a(HardwareSerial0.o)
                0x00001a16                __vector_19
 .text._Z17Serial0_availablev
                0x00001a62       0x14 C:\Users\Kevin Mulligan\Documents\Atmel Studio\7.0\ArduinoMain\ArduinoMain\ArduinoCore\Debug\libArduinoCore.a(HardwareSerial0.o)
                0x00001a62                _Z17Serial0_availablev
 .text.startup._GLOBAL__sub_I___vector_18
                0x00001a76       0x5a C:\Users\Kevin Mulligan\Documents\Atmel Studio\7.0\ArduinoMain\ArduinoMain\ArduinoCore\Debug\libArduinoCore.a(HardwareSerial0.o)
 .text.initVariant
                0x00001ad0        0x2 C:\Users\Kevin Mulligan\Documents\Atmel Studio\7.0\ArduinoMain\ArduinoMain\ArduinoCore\Debug\libArduinoCore.a(main.o)
                0x00001ad0                initVariant
 .text.startup.main
                0x00001ad2       0x1e C:\Users\Kevin Mulligan\Documents\Atmel Studio\7.0\ArduinoMain\ArduinoMain\ArduinoCore\Debug\libArduinoCore.a(main.o)
                0x00001ad2                main
 .text._ZN5Print5writeEPKhj
                0x00001af0       0x56 C:\Users\Kevin Mulligan\Documents\Atmel Studio\7.0\ArduinoMain\ArduinoMain\ArduinoCore\Debug\libArduinoCore.a(Print.o)
                0x00001af0                _ZN5Print5writeEPKhj
 .text._ZN5Print5writeEPKc
                0x00001b46       0x2a C:\Users\Kevin Mulligan\Documents\Atmel Studio\7.0\ArduinoMain\ArduinoMain\ArduinoCore\Debug\libArduinoCore.a(Print.o)
                0x00001b46                _ZN5Print5writeEPKc
 .text._ZN5Print5printERK6String
                0x00001b70       0x1c C:\Users\Kevin Mulligan\Documents\Atmel Studio\7.0\ArduinoMain\ArduinoMain\ArduinoCore\Debug\libArduinoCore.a(Print.o)
                0x00001b70                _ZN5Print5printERK6String
 .text._ZN5Print5printEPKc
                0x00001b8c        0x4 C:\Users\Kevin Mulligan\Documents\Atmel Studio\7.0\ArduinoMain\ArduinoMain\ArduinoCore\Debug\libArduinoCore.a(Print.o)
                0x00001b8c                _ZN5Print5printEPKc
 .text._ZN5Print5printEc
                0x00001b90        0xe C:\Users\Kevin Mulligan\Documents\Atmel Studio\7.0\ArduinoMain\ArduinoMain\ArduinoCore\Debug\libArduinoCore.a(Print.o)
                0x00001b90                _ZN5Print5printEc
 .text._ZN5Print11printNumberEmh
                0x00001b9e       0xa8 C:\Users\Kevin Mulligan\Documents\Atmel Studio\7.0\ArduinoMain\ArduinoMain\ArduinoCore\Debug\libArduinoCore.a(Print.o)
                0x00001b9e                _ZN5Print11printNumberEmh
 .text._ZN5Print5printEli
                0x00001c46       0x94 C:\Users\Kevin Mulligan\Documents\Atmel Studio\7.0\ArduinoMain\ArduinoMain\ArduinoCore\Debug\libArduinoCore.a(Print.o)
                0x00001c46                _ZN5Print5printEli
 .text._ZN5Print10printFloatEdh
                0x00001cda      0x1ca C:\Users\Kevin Mulligan\Documents\Atmel Studio\7.0\ArduinoMain\ArduinoMain\ArduinoCore\Debug\libArduinoCore.a(Print.o)
                0x00001cda                _ZN5Print10printFloatEdh
 .text._ZN5Print5printEdi
                0x00001ea4        0x4 C:\Users\Kevin Mulligan\Documents\Atmel Studio\7.0\ArduinoMain\ArduinoMain\ArduinoCore\Debug\libArduinoCore.a(Print.o)
                0x00001ea4                _ZN5Print5printEdi
 .text.__vector_16
                0x00001ea8       0x94 C:\Users\Kevin Mulligan\Documents\Atmel Studio\7.0\ArduinoMain\ArduinoMain\ArduinoCore\Debug\libArduinoCore.a(wiring.o)
                0x00001ea8                __vector_16
 .text.micros   0x00001f3c       0x4a C:\Users\Kevin Mulligan\Documents\Atmel Studio\7.0\ArduinoMain\ArduinoMain\ArduinoCore\Debug\libArduinoCore.a(wiring.o)
                0x00001f3c                micros
 .text.delay    0x00001f86       0x78 C:\Users\Kevin Mulligan\Documents\Atmel Studio\7.0\ArduinoMain\ArduinoMain\ArduinoCore\Debug\libArduinoCore.a(wiring.o)
                0x00001f86                delay
 .text.init     0x00001ffe       0x76 C:\Users\Kevin Mulligan\Documents\Atmel Studio\7.0\ArduinoMain\ArduinoMain\ArduinoCore\Debug\libArduinoCore.a(wiring.o)
                0x00001ffe                init
 .text.analogWrite
                0x00002074       0xbe C:\Users\Kevin Mulligan\Documents\Atmel Studio\7.0\ArduinoMain\ArduinoMain\ArduinoCore\Debug\libArduinoCore.a(wiring_analog.o)
                0x00002074                analogWrite
 .text.turnOffPWM
                0x00002132       0x52 C:\Users\Kevin Mulligan\Documents\Atmel Studio\7.0\ArduinoMain\ArduinoMain\ArduinoCore\Debug\libArduinoCore.a(wiring_digital.o)
 .text.pinMode  0x00002184       0x78 C:\Users\Kevin Mulligan\Documents\Atmel Studio\7.0\ArduinoMain\ArduinoMain\ArduinoCore\Debug\libArduinoCore.a(wiring_digital.o)
                0x00002184                pinMode
 .text.digitalWrite
                0x000021fc       0x60 C:\Users\Kevin Mulligan\Documents\Atmel Studio\7.0\ArduinoMain\ArduinoMain\ArduinoCore\Debug\libArduinoCore.a(wiring_digital.o)
                0x000021fc                digitalWrite
 .text._ZN6StringD2Ev
                0x0000225c        0xa C:\Users\Kevin Mulligan\Documents\Atmel Studio\7.0\ArduinoMain\ArduinoMain\ArduinoCore\Debug\libArduinoCore.a(WString.o)
                0x0000225c                _ZN6StringD2Ev
                0x0000225c                _ZN6StringD1Ev
 .text._ZN6String10invalidateEv
                0x00002266       0x24 C:\Users\Kevin Mulligan\Documents\Atmel Studio\7.0\ArduinoMain\ArduinoMain\ArduinoCore\Debug\libArduinoCore.a(WString.o)
                0x00002266                _ZN6String10invalidateEv
 .text._ZN6String12changeBufferEj
                0x0000228a       0x34 C:\Users\Kevin Mulligan\Documents\Atmel Studio\7.0\ArduinoMain\ArduinoMain\ArduinoCore\Debug\libArduinoCore.a(WString.o)
                0x0000228a                _ZN6String12changeBufferEj
 .text._ZN6String7reserveEj
                0x000022be       0x38 C:\Users\Kevin Mulligan\Documents\Atmel Studio\7.0\ArduinoMain\ArduinoMain\ArduinoCore\Debug\libArduinoCore.a(WString.o)
                0x000022be                _ZN6String7reserveEj
 .text._ZN6String4copyEPKcj
                0x000022f6       0x42 C:\Users\Kevin Mulligan\Documents\Atmel Studio\7.0\ArduinoMain\ArduinoMain\ArduinoCore\Debug\libArduinoCore.a(WString.o)
                0x000022f6                _ZN6String4copyEPKcj
 .text._ZN6StringC2EPKc
                0x00002338       0x2a C:\Users\Kevin Mulligan\Documents\Atmel Studio\7.0\ArduinoMain\ArduinoMain\ArduinoCore\Debug\libArduinoCore.a(WString.o)
                0x00002338                _ZN6StringC2EPKc
                0x00002338                _ZN6StringC1EPKc
 .text._ZN24Adafruit_HMC5883_UnifiedD2Ev
                0x00002362        0x2 C:\Users\Kevin Mulligan\Documents\Atmel Studio\7.0\ArduinoMain\ArduinoMain\ArduinoCore\Debug\libArduinoCore.a(Adafruit_HMC5883_U.o)
                0x00002362                _ZN24Adafruit_HMC5883_UnifiedD1Ev
                0x00002362                _ZN24Adafruit_HMC5883_UnifiedD2Ev
 .text._ZN24Adafruit_HMC5883_Unified9getSensorEP8sensor_t
                0x00002364       0x9a C:\Users\Kevin Mulligan\Documents\Atmel Studio\7.0\ArduinoMain\ArduinoMain\ArduinoCore\Debug\libArduinoCore.a(Adafruit_HMC5883_U.o)
                0x00002364                _ZN24Adafruit_HMC5883_Unified9getSensorEP8sensor_t
 .text._ZN24Adafruit_HMC5883_UnifiedD0Ev
                0x000023fe        0x4 C:\Users\Kevin Mulligan\Documents\Atmel Studio\7.0\ArduinoMain\ArduinoMain\ArduinoCore\Debug\libArduinoCore.a(Adafruit_HMC5883_U.o)
                0x000023fe                _ZN24Adafruit_HMC5883_UnifiedD0Ev
 .text._ZN24Adafruit_HMC5883_UnifiedC2El
                0x00002402       0x14 C:\Users\Kevin Mulligan\Documents\Atmel Studio\7.0\ArduinoMain\ArduinoMain\ArduinoCore\Debug\libArduinoCore.a(Adafruit_HMC5883_U.o)
                0x00002402                _ZN24Adafruit_HMC5883_UnifiedC2El
                0x00002402                _ZN24Adafruit_HMC5883_UnifiedC1El
 .text._ZN24Adafruit_HMC5883_Unified4readEv
                0x00002416      0x110 C:\Users\Kevin Mulligan\Documents\Atmel Studio\7.0\ArduinoMain\ArduinoMain\ArduinoCore\Debug\libArduinoCore.a(Adafruit_HMC5883_U.o)
                0x00002416                _ZN24Adafruit_HMC5883_Unified4readEv
 .text._ZN24Adafruit_HMC5883_Unified8getEventEP15sensors_event_t
                0x00002526       0xfe C:\Users\Kevin Mulligan\Documents\Atmel Studio\7.0\ArduinoMain\ArduinoMain\ArduinoCore\Debug\libArduinoCore.a(Adafruit_HMC5883_U.o)
                0x00002526                _ZN24Adafruit_HMC5883_Unified8getEventEP15sensors_event_t
 .text._ZN6KalmanC2Ev
                0x00002624       0x64 C:\Users\Kevin Mulligan\Documents\Atmel Studio\7.0\ArduinoMain\ArduinoMain\ArduinoCore\Debug\libArduinoCore.a(Kalman.o)
                0x00002624                _ZN6KalmanC1Ev
                0x00002624                _ZN6KalmanC2Ev
 .text._ZN6Kalman8getAngleEfff
                0x00002688      0x2fe C:\Users\Kevin Mulligan\Documents\Atmel Studio\7.0\ArduinoMain\ArduinoMain\ArduinoCore\Debug\libArduinoCore.a(Kalman.o)
                0x00002688                _ZN6Kalman8getAngleEfff
 .text._ZN6Kalman8setAngleEf
                0x00002986        0xc C:\Users\Kevin Mulligan\Documents\Atmel Studio\7.0\ArduinoMain\ArduinoMain\ArduinoCore\Debug\libArduinoCore.a(Kalman.o)
                0x00002986                _ZN6Kalman8setAngleEf
 .text._ZN7TwoWire9availableEv
                0x00002992       0x10 C:\Users\Kevin Mulligan\Documents\Atmel Studio\7.0\ArduinoMain\ArduinoMain\ArduinoCore\Debug\libArduinoCore.a(Wire.o)
                0x00002992                _ZN7TwoWire9availableEv
 .text._ZN7TwoWire4readEv
                0x000029a2       0x28 C:\Users\Kevin Mulligan\Documents\Atmel Studio\7.0\ArduinoMain\ArduinoMain\ArduinoCore\Debug\libArduinoCore.a(Wire.o)
                0x000029a2                _ZN7TwoWire4readEv
 .text._ZN7TwoWire4peekEv
                0x000029ca       0x1e C:\Users\Kevin Mulligan\Documents\Atmel Studio\7.0\ArduinoMain\ArduinoMain\ArduinoCore\Debug\libArduinoCore.a(Wire.o)
                0x000029ca                _ZN7TwoWire4peekEv
 .text._ZN7TwoWire5flushEv
                0x000029e8        0x2 C:\Users\Kevin Mulligan\Documents\Atmel Studio\7.0\ArduinoMain\ArduinoMain\ArduinoCore\Debug\libArduinoCore.a(Wire.o)
                0x000029e8                _ZN7TwoWire5flushEv
 .text._ZN7TwoWire5writeEPKhj
                0x000029ea       0x60 C:\Users\Kevin Mulligan\Documents\Atmel Studio\7.0\ArduinoMain\ArduinoMain\ArduinoCore\Debug\libArduinoCore.a(Wire.o)
                0x000029ea                _ZN7TwoWire5writeEPKhj
 .text._ZN7TwoWire5writeEh
                0x00002a4a       0x5e C:\Users\Kevin Mulligan\Documents\Atmel Studio\7.0\ArduinoMain\ArduinoMain\ArduinoCore\Debug\libArduinoCore.a(Wire.o)
                0x00002a4a                _ZN7TwoWire5writeEh
 .text._ZN7TwoWireC2Ev
                0x00002aa8       0x20 C:\Users\Kevin Mulligan\Documents\Atmel Studio\7.0\ArduinoMain\ArduinoMain\ArduinoCore\Debug\libArduinoCore.a(Wire.o)
                0x00002aa8                _ZN7TwoWireC1Ev
                0x00002aa8                _ZN7TwoWireC2Ev
 .text._ZN7TwoWire5beginEv
                0x00002ac8       0x14 C:\Users\Kevin Mulligan\Documents\Atmel Studio\7.0\ArduinoMain\ArduinoMain\ArduinoCore\Debug\libArduinoCore.a(Wire.o)
                0x00002ac8                _ZN7TwoWire5beginEv
 .text._ZN7TwoWire17beginTransmissionEh
                0x00002adc       0x14 C:\Users\Kevin Mulligan\Documents\Atmel Studio\7.0\ArduinoMain\ArduinoMain\ArduinoCore\Debug\libArduinoCore.a(Wire.o)
                0x00002adc                _ZN7TwoWire17beginTransmissionEh
 .text._ZN7TwoWire17beginTransmissionEi
                0x00002af0        0x4 C:\Users\Kevin Mulligan\Documents\Atmel Studio\7.0\ArduinoMain\ArduinoMain\ArduinoCore\Debug\libArduinoCore.a(Wire.o)
                0x00002af0                _ZN7TwoWire17beginTransmissionEi
 .text._ZN7TwoWire15endTransmissionEh
                0x00002af4       0x26 C:\Users\Kevin Mulligan\Documents\Atmel Studio\7.0\ArduinoMain\ArduinoMain\ArduinoCore\Debug\libArduinoCore.a(Wire.o)
                0x00002af4                _ZN7TwoWire15endTransmissionEh
 .text._ZN7TwoWire11requestFromEhhmhh
                0x00002b1a       0xa8 C:\Users\Kevin Mulligan\Documents\Atmel Studio\7.0\ArduinoMain\ArduinoMain\ArduinoCore\Debug\libArduinoCore.a(Wire.o)
                0x00002b1a                _ZN7TwoWire11requestFromEhhmhh
 .text._ZN7TwoWire11requestFromEhhh
                0x00002bc2       0x20 C:\Users\Kevin Mulligan\Documents\Atmel Studio\7.0\ArduinoMain\ArduinoMain\ArduinoCore\Debug\libArduinoCore.a(Wire.o)
                0x00002bc2                _ZN7TwoWire11requestFromEhhh
 .text._ZN7TwoWire11requestFromEhh
                0x00002be2        0x6 C:\Users\Kevin Mulligan\Documents\Atmel Studio\7.0\ArduinoMain\ArduinoMain\ArduinoCore\Debug\libArduinoCore.a(Wire.o)
                0x00002be2                _ZN7TwoWire11requestFromEhh
 .text._ZN7TwoWire11requestFromEii
                0x00002be8        0x6 C:\Users\Kevin Mulligan\Documents\Atmel Studio\7.0\ArduinoMain\ArduinoMain\ArduinoCore\Debug\libArduinoCore.a(Wire.o)
                0x00002be8                _ZN7TwoWire11requestFromEii
 .text._ZN7TwoWire15endTransmissionEv
                0x00002bee        0x6 C:\Users\Kevin Mulligan\Documents\Atmel Studio\7.0\ArduinoMain\ArduinoMain\ArduinoCore\Debug\libArduinoCore.a(Wire.o)
                0x00002bee                _ZN7TwoWire15endTransmissionEv
 .text.startup._GLOBAL__sub_I__ZN7TwoWire8rxBufferE
                0x00002bf4        0x8 C:\Users\Kevin Mulligan\Documents\Atmel Studio\7.0\ArduinoMain\ArduinoMain\ArduinoCore\Debug\libArduinoCore.a(Wire.o)
 .text.__empty  0x00002bfc        0x2 C:\Users\Kevin Mulligan\Documents\Atmel Studio\7.0\ArduinoMain\ArduinoMain\ArduinoCore\Debug\libArduinoCore.a(hooks.o)
                0x00002bfc                yield
 .text._ZdlPv   0x00002bfe        0x4 C:\Users\Kevin Mulligan\Documents\Atmel Studio\7.0\ArduinoMain\ArduinoMain\ArduinoCore\Debug\libArduinoCore.a(new.o)
                0x00002bfe                _ZdlPv
 .text.twi_init
                0x00002c02       0x3c C:\Users\Kevin Mulligan\Documents\Atmel Studio\7.0\ArduinoMain\ArduinoMain\ArduinoCore\Debug\libArduinoCore.a(twi.o)
                0x00002c02                twi_init
 .text.twi_readFrom
                0x00002c3e       0x90 C:\Users\Kevin Mulligan\Documents\Atmel Studio\7.0\ArduinoMain\ArduinoMain\ArduinoCore\Debug\libArduinoCore.a(twi.o)
                0x00002c3e                twi_readFrom
 .text.twi_writeTo
                0x00002cce       0xac C:\Users\Kevin Mulligan\Documents\Atmel Studio\7.0\ArduinoMain\ArduinoMain\ArduinoCore\Debug\libArduinoCore.a(twi.o)
                0x00002cce                twi_writeTo
 .text.twi_transmit
                0x00002d7a       0x32 C:\Users\Kevin Mulligan\Documents\Atmel Studio\7.0\ArduinoMain\ArduinoMain\ArduinoCore\Debug\libArduinoCore.a(twi.o)
                0x00002d7a                twi_transmit
 .text.twi_stop
                0x00002dac       0x14 C:\Users\Kevin Mulligan\Documents\Atmel Studio\7.0\ArduinoMain\ArduinoMain\ArduinoCore\Debug\libArduinoCore.a(twi.o)
                0x00002dac                twi_stop
 .text.twi_releaseBus
                0x00002dc0        0xc C:\Users\Kevin Mulligan\Documents\Atmel Studio\7.0\ArduinoMain\ArduinoMain\ArduinoCore\Debug\libArduinoCore.a(twi.o)
                0x00002dc0                twi_releaseBus
 .text.__vector_24
                0x00002dcc      0x25a C:\Users\Kevin Mulligan\Documents\Atmel Studio\7.0\ArduinoMain\ArduinoMain\ArduinoCore\Debug\libArduinoCore.a(twi.o)
                0x00002dcc                __vector_24
 .text.avr-libc.fplib
                0x00003026        0xa c:/program files (x86)/atmel/studio/7.0/toolchain/avr8/avr8-gnu-toolchain/bin/../lib/gcc/avr/4.9.2/../../../../avr/lib/avr5\libm.a(unordsf2.o)
                0x00003026                __unordsf2
 .text.libgcc.div
                0x00003030       0x28 c:/program files (x86)/atmel/studio/7.0/toolchain/avr8/avr8-gnu-toolchain/bin/../lib/gcc/avr/4.9.2/avr5\libgcc.a(_divmodhi4.o)
                0x00003030                _div
                0x00003030                __divmodhi4
 .text.libgcc.div
                0x00003058       0x44 c:/program files (x86)/atmel/studio/7.0/toolchain/avr8/avr8-gnu-toolchain/bin/../lib/gcc/avr/4.9.2/avr5\libgcc.a(_udivmodsi4.o)
                0x00003058                __udivmodsi4
 .text.libgcc.div
                0x0000309c       0x28 c:/program files (x86)/atmel/studio/7.0/toolchain/avr8/avr8-gnu-toolchain/bin/../lib/gcc/avr/4.9.2/avr5\libgcc.a(_udivmodhi4.o)
                0x0000309c                __udivmodhi4
 .text.libgcc   0x000030c4        0xc c:/program files (x86)/atmel/studio/7.0/toolchain/avr8/avr8-gnu-toolchain/bin/../lib/gcc/avr/4.9.2/avr5\libgcc.a(_tablejump2.o)
                0x000030c4                __tablejump2__
 .text.avr-libc
                0x000030d0      0x25a c:/program files (x86)/atmel/studio/7.0/toolchain/avr8/avr8-gnu-toolchain/bin/../lib/gcc/avr/4.9.2/../../../../avr/lib/avr5\libc.a(malloc.o)
                0x000030d0                malloc
                0x000031fa                free
 .text.avr-libc
                0x0000332a      0x194 c:/program files (x86)/atmel/studio/7.0/toolchain/avr8/avr8-gnu-toolchain/bin/../lib/gcc/avr/4.9.2/../../../../avr/lib/avr5\libc.a(realloc.o)
                0x0000332a                realloc
 .text.avr-libc
                0x000034be        0x8 c:/program files (x86)/atmel/studio/7.0/toolchain/avr8/avr8-gnu-toolchain/bin/../lib/gcc/avr/4.9.2/../../../../avr/lib/avr5\libc.a(atof.o)
                0x000034be                atof
 .text.avr-libc
                0x000034c6       0x12 c:/program files (x86)/atmel/studio/7.0/toolchain/avr8/avr8-gnu-toolchain/bin/../lib/gcc/avr/4.9.2/../../../../avr/lib/avr5\libc.a(isspace.o)
                0x000034c6                isspace
 .text.avr-libc
                0x000034d8        0xa c:/program files (x86)/atmel/studio/7.0/toolchain/avr8/avr8-gnu-toolchain/bin/../lib/gcc/avr/4.9.2/../../../../avr/lib/avr5\libc.a(strtok.o)
                0x000034d8                strtok
 .text.avr-libc
                0x000034e2       0x12 c:/program files (x86)/atmel/studio/7.0/toolchain/avr8/avr8-gnu-toolchain/bin/../lib/gcc/avr/4.9.2/../../../../avr/lib/avr5\libc.a(memcpy.o)
                0x000034e2                memcpy
 .text.avr-libc
                0x000034f4        0xe c:/program files (x86)/atmel/studio/7.0/toolchain/avr8/avr8-gnu-toolchain/bin/../lib/gcc/avr/4.9.2/../../../../avr/lib/avr5\libc.a(strcpy.o)
                0x000034f4                strcpy
 .text.avr-libc
                0x00003502       0x1e c:/program files (x86)/atmel/studio/7.0/toolchain/avr8/avr8-gnu-toolchain/bin/../lib/gcc/avr/4.9.2/../../../../avr/lib/avr5\libc.a(strncpy.o)
                0x00003502                strncpy
 .text.avr-libc
                0x00003520       0x4e c:/program files (x86)/atmel/studio/7.0/toolchain/avr8/avr8-gnu-toolchain/bin/../lib/gcc/avr/4.9.2/../../../../avr/lib/avr5\libc.a(strtok_r.o)
                0x00003520                strtok_r
 .text.avr-libc
                0x0000356e      0x2ba c:/program files (x86)/atmel/studio/7.0/toolchain/avr8/avr8-gnu-toolchain/bin/../lib/gcc/avr/4.9.2/../../../../avr/lib/avr5\libc.a(strtod.o)
                0x0000356e                strtod
 .text.avr-libc
                0x00003828        0x6 c:/program files (x86)/atmel/studio/7.0/toolchain/avr8/avr8-gnu-toolchain/bin/../lib/gcc/avr/4.9.2/../../../../avr/lib/avr5\libc.a(cty_isfalse.o)
                0x00003828                __ctype_isfalse
                0x0000382c                __ctype_istrue
 .text.avr-libc
                0x0000382e       0x30 c:/program files (x86)/atmel/studio/7.0/toolchain/avr8/avr8-gnu-toolchain/bin/../lib/gcc/avr/4.9.2/../../../../avr/lib/avr5\libc.a(strncasecmp_P.o)
                0x0000382e                strncasecmp_P
 .text.libgcc.mul
                0x0000385e       0x16 c:/program files (x86)/atmel/studio/7.0/toolchain/avr8/avr8-gnu-toolchain/bin/../lib/gcc/avr/4.9.2/avr5\libgcc.a(_muluhisi3.o)
                0x0000385e                __muluhisi3
 .text.libgcc.prologue
                0x00003874       0x38 c:/program files (x86)/atmel/studio/7.0/toolchain/avr8/avr8-gnu-toolchain/bin/../lib/gcc/avr/4.9.2/avr5\libgcc.a(_prologue.o)
                0x00003874                __prologue_saves__
 .text.libgcc.prologue
                0x000038ac       0x36 c:/program files (x86)/atmel/studio/7.0/toolchain/avr8/avr8-gnu-toolchain/bin/../lib/gcc/avr/4.9.2/avr5\libgcc.a(_epilogue.o)
                0x000038ac                __epilogue_restores__
 .text.libgcc.mul
                0x000038e2       0x1e c:/program files (x86)/atmel/studio/7.0/toolchain/avr8/avr8-gnu-toolchain/bin/../lib/gcc/avr/4.9.2/avr5\libgcc.a(_umulhisi3.o)
                0x000038e2                __umulhisi3
                0x00003900                . = ALIGN (0x2)
 *(.fini9)
 .fini9         0x00003900        0x0 c:/program files (x86)/atmel/studio/7.0/toolchain/avr8/avr8-gnu-toolchain/bin/../lib/gcc/avr/4.9.2/avr5\libgcc.a(_exit.o)
                0x00003900                _exit
                0x00003900                exit
 *(.fini9)
 *(.fini8)
 *(.fini8)
 *(.fini7)
 *(.fini7)
 *(.fini6)
 .fini6         0x00003900       0x16 c:/program files (x86)/atmel/studio/7.0/toolchain/avr8/avr8-gnu-toolchain/bin/../lib/gcc/avr/4.9.2/avr5\libgcc.a(_dtors.o)
                0x00003900                __do_global_dtors
 *(.fini6)
 *(.fini5)
 *(.fini5)
 *(.fini4)
 *(.fini4)
 *(.fini3)
 *(.fini3)
 *(.fini2)
 *(.fini2)
 *(.fini1)
 *(.fini1)
 *(.fini0)
 .fini0         0x00003916        0x4 c:/program files (x86)/atmel/studio/7.0/toolchain/avr8/avr8-gnu-toolchain/bin/../lib/gcc/avr/4.9.2/avr5\libgcc.a(_exit.o)
 *(.fini0)
                0x0000391a                _etext = .

.data           0x00800100      0x126 load address 0x0000391a
                0x00800100                PROVIDE (__data_start, .)
 *(.data)
 .data          0x00800100        0x6 c:/program files (x86)/atmel/studio/7.0/toolchain/avr8/avr8-gnu-toolchain/bin/../lib/gcc/avr/4.9.2/../../../../avr/lib/avr5\libc.a(malloc.o)
                0x00800100                __malloc_heap_end
                0x00800102                __malloc_heap_start
                0x00800104                __malloc_margin
 *(.data*)
 .data.dir2     0x00800106        0x8 Sketch.o
                0x00800106                dir2
 .data.dir1     0x0080010e        0x8 Sketch.o
                0x0080010e                dir1
 .data.speedPin
                0x00800116        0x8 Sketch.o
                0x00800116                speedPin
 .data.speedPinRB
                0x0080011e        0x2 Sketch.o
                0x0080011e                speedPinRB
 .data.dir2PinRB
                0x00800120        0x2 Sketch.o
                0x00800120                dir2PinRB
 .data.dir1PinRB
                0x00800122        0x2 Sketch.o
                0x00800122                dir1PinRB
 .data.speedPinLB
                0x00800124        0x2 Sketch.o
                0x00800124                speedPinLB
 .data.dir2PinLB
                0x00800126        0x2 Sketch.o
                0x00800126                dir2PinLB
 .data.dir1PinLB
                0x00800128        0x2 Sketch.o
                0x00800128                dir1PinLB
 .data.speedPinRF
                0x0080012a        0x2 Sketch.o
                0x0080012a                speedPinRF
 .data.dir2PinRF
                0x0080012c        0x2 Sketch.o
                0x0080012c                dir2PinRF
 .data.dir1PinRF
                0x0080012e        0x2 Sketch.o
                0x0080012e                dir1PinRF
 .data.speedPinLF
                0x00800130        0x2 Sketch.o
                0x00800130                speedPinLF
 .data.dir2PinLF
                0x00800132        0x2 Sketch.o
                0x00800132                dir2PinLF
 .data.dir1PinLF
                0x00800134        0x2 Sketch.o
                0x00800134                dir1PinLF
 .data.d        0x00800136        0x2 Sketch.o
                0x00800136                d
 .data.g_offz   0x00800138        0x2 Sketch.o
                0x00800138                g_offz
 .data.g_offy   0x0080013a        0x2 Sketch.o
                0x0080013a                g_offy
 .data.g_offx   0x0080013c        0x2 Sketch.o
                0x0080013c                g_offx
 .data._ZL20_hmc5883_Gauss_LSB_Z
                0x0080013e        0x4 C:\Users\Kevin Mulligan\Documents\Atmel Studio\7.0\ArduinoMain\ArduinoMain\ArduinoCore\Debug\libArduinoCore.a(Adafruit_HMC5883_U.o)
 .data._ZL21_hmc5883_Gauss_LSB_XY
                0x00800142        0x4 C:\Users\Kevin Mulligan\Documents\Atmel Studio\7.0\ArduinoMain\ArduinoMain\ArduinoCore\Debug\libArduinoCore.a(Adafruit_HMC5883_U.o)
 *(.rodata)
 *(.rodata*)
 .rodata.str1.1
                0x00800146       0x99 Sketch.o
                                 0x9c (size before relaxing)
 .rodata._ZTV14HardwareSerial
                0x008001df       0x10 C:\Users\Kevin Mulligan\Documents\Atmel Studio\7.0\ArduinoMain\ArduinoMain\ArduinoCore\Debug\libArduinoCore.a(HardwareSerial.o)
                0x008001df                _ZTV14HardwareSerial
 .rodata.str1.1
                0x008001ef       0x11 C:\Users\Kevin Mulligan\Documents\Atmel Studio\7.0\ArduinoMain\ArduinoMain\ArduinoCore\Debug\libArduinoCore.a(Print.o)
 .rodata.str1.1
                0x00800200        0x8 C:\Users\Kevin Mulligan\Documents\Atmel Studio\7.0\ArduinoMain\ArduinoMain\ArduinoCore\Debug\libArduinoCore.a(Adafruit_HMC5883_U.o)
 .rodata._ZTV24Adafruit_HMC5883_Unified
                0x00800208        0xe C:\Users\Kevin Mulligan\Documents\Atmel Studio\7.0\ArduinoMain\ArduinoMain\ArduinoCore\Debug\libArduinoCore.a(Adafruit_HMC5883_U.o)
                0x00800208                _ZTV24Adafruit_HMC5883_Unified
 .rodata._ZTV7TwoWire
                0x00800216       0x10 C:\Users\Kevin Mulligan\Documents\Atmel Studio\7.0\ArduinoMain\ArduinoMain\ArduinoCore\Debug\libArduinoCore.a(Wire.o)
                0x00800216                _ZTV7TwoWire
 *(.gnu.linkonce.d*)
                0x00800226                . = ALIGN (0x2)
                0x00800226                _edata = .
                0x00800226                PROVIDE (__data_end, .)

.bss            0x00800226      0x24e
                0x00800226                PROVIDE (__bss_start, .)
 *(.bss)
 .bss           0x00800226        0x2 c:/program files (x86)/atmel/studio/7.0/toolchain/avr8/avr8-gnu-toolchain/bin/../lib/gcc/avr/4.9.2/../../../../avr/lib/avr5\libc.a(strtok.o)
 *(.bss*)
 .bss._ZZ17recvWithEndMarkervE3ndx
                0x00800228        0x1 Sketch.o
 .bss.receivedChars
                0x00800229       0x20 Sketch.o
                0x00800229                receivedChars
 .bss.newData   0x00800249        0x1 Sketch.o
                0x00800249                newData
 .bss.speedFromPC
                0x0080024a       0x10 Sketch.o
                0x0080024a                speedFromPC
 .bss.newlinechar
                0x0080025a        0x6 Sketch.o
                0x0080025a                newlinechar
 .bss.inputString
                0x00800260        0x6 Sketch.o
                0x00800260                inputString
 .bss.headingDegrees
                0x00800266        0x4 Sketch.o
                0x00800266                headingDegrees
 .bss.kalAngleY
                0x0080026a        0x4 Sketch.o
                0x0080026a                kalAngleY
 .bss.kalAngleX
                0x0080026e        0x4 Sketch.o
                0x0080026e                kalAngleX
 .bss.compAngleY
                0x00800272        0x4 Sketch.o
                0x00800272                compAngleY
 .bss.compAngleX
                0x00800276        0x4 Sketch.o
                0x00800276                compAngleX
 .bss.gyroYangle
                0x0080027a        0x4 Sketch.o
                0x0080027a                gyroYangle
 .bss.gyroXangle
                0x0080027e        0x4 Sketch.o
                0x0080027e                gyroXangle
 .bss.gyroZ     0x00800282        0x4 Sketch.o
                0x00800282                gyroZ
 .bss.gyroY     0x00800286        0x4 Sketch.o
                0x00800286                gyroY
 .bss.gyroX     0x0080028a        0x4 Sketch.o
                0x0080028a                gyroX
 .bss.accZ      0x0080028e        0x4 Sketch.o
                0x0080028e                accZ
 .bss.accY      0x00800292        0x4 Sketch.o
                0x00800292                accY
 .bss.accX      0x00800296        0x4 Sketch.o
                0x00800296                accX
 .bss.kalmanY   0x0080029a       0x28 Sketch.o
                0x0080029a                kalmanY
 .bss.kalmanX   0x008002c2       0x28 Sketch.o
                0x008002c2                kalmanX
 .bss.timer     0x008002ea        0x4 Sketch.o
                0x008002ea                timer
 .bss.truetemp  0x008002ee        0x2 Sketch.o
                0x008002ee                truetemp
 .bss.mag       0x008002f0       0x18 Sketch.o
                0x008002f0                mag
 .bss.Serial    0x00800308       0x9d C:\Users\Kevin Mulligan\Documents\Atmel Studio\7.0\ArduinoMain\ArduinoMain\ArduinoCore\Debug\libArduinoCore.a(HardwareSerial0.o)
                0x00800308                Serial
 .bss.timer0_fract
                0x008003a5        0x1 C:\Users\Kevin Mulligan\Documents\Atmel Studio\7.0\ArduinoMain\ArduinoMain\ArduinoCore\Debug\libArduinoCore.a(wiring.o)
 .bss.timer0_millis
                0x008003a6        0x4 C:\Users\Kevin Mulligan\Documents\Atmel Studio\7.0\ArduinoMain\ArduinoMain\ArduinoCore\Debug\libArduinoCore.a(wiring.o)
                0x008003a6                timer0_millis
 .bss.timer0_overflow_count
                0x008003aa        0x4 C:\Users\Kevin Mulligan\Documents\Atmel Studio\7.0\ArduinoMain\ArduinoMain\ArduinoCore\Debug\libArduinoCore.a(wiring.o)
                0x008003aa                timer0_overflow_count
 .bss.Wire      0x008003ae        0xc C:\Users\Kevin Mulligan\Documents\Atmel Studio\7.0\ArduinoMain\ArduinoMain\ArduinoCore\Debug\libArduinoCore.a(Wire.o)
                0x008003ae                Wire
 .bss._ZN7TwoWire12transmittingE
                0x008003ba        0x1 C:\Users\Kevin Mulligan\Documents\Atmel Studio\7.0\ArduinoMain\ArduinoMain\ArduinoCore\Debug\libArduinoCore.a(Wire.o)
                0x008003ba                _ZN7TwoWire12transmittingE
 .bss._ZN7TwoWire14txBufferLengthE
                0x008003bb        0x1 C:\Users\Kevin Mulligan\Documents\Atmel Studio\7.0\ArduinoMain\ArduinoMain\ArduinoCore\Debug\libArduinoCore.a(Wire.o)
                0x008003bb                _ZN7TwoWire14txBufferLengthE
 .bss._ZN7TwoWire13txBufferIndexE
                0x008003bc        0x1 C:\Users\Kevin Mulligan\Documents\Atmel Studio\7.0\ArduinoMain\ArduinoMain\ArduinoCore\Debug\libArduinoCore.a(Wire.o)
                0x008003bc                _ZN7TwoWire13txBufferIndexE
 .bss._ZN7TwoWire8txBufferE
                0x008003bd       0x20 C:\Users\Kevin Mulligan\Documents\Atmel Studio\7.0\ArduinoMain\ArduinoMain\ArduinoCore\Debug\libArduinoCore.a(Wire.o)
                0x008003bd                _ZN7TwoWire8txBufferE
 .bss._ZN7TwoWire9txAddressE
                0x008003dd        0x1 C:\Users\Kevin Mulligan\Documents\Atmel Studio\7.0\ArduinoMain\ArduinoMain\ArduinoCore\Debug\libArduinoCore.a(Wire.o)
                0x008003dd                _ZN7TwoWire9txAddressE
 .bss._ZN7TwoWire14rxBufferLengthE
                0x008003de        0x1 C:\Users\Kevin Mulligan\Documents\Atmel Studio\7.0\ArduinoMain\ArduinoMain\ArduinoCore\Debug\libArduinoCore.a(Wire.o)
                0x008003de                _ZN7TwoWire14rxBufferLengthE
 .bss._ZN7TwoWire13rxBufferIndexE
                0x008003df        0x1 C:\Users\Kevin Mulligan\Documents\Atmel Studio\7.0\ArduinoMain\ArduinoMain\ArduinoCore\Debug\libArduinoCore.a(Wire.o)
                0x008003df                _ZN7TwoWire13rxBufferIndexE
 .bss._ZN7TwoWire8rxBufferE
                0x008003e0       0x20 C:\Users\Kevin Mulligan\Documents\Atmel Studio\7.0\ArduinoMain\ArduinoMain\ArduinoCore\Debug\libArduinoCore.a(Wire.o)
                0x008003e0                _ZN7TwoWire8rxBufferE
 .bss.twi_error
                0x00800400        0x1 C:\Users\Kevin Mulligan\Documents\Atmel Studio\7.0\ArduinoMain\ArduinoMain\ArduinoCore\Debug\libArduinoCore.a(twi.o)
 .bss.twi_rxBufferIndex
                0x00800401        0x1 C:\Users\Kevin Mulligan\Documents\Atmel Studio\7.0\ArduinoMain\ArduinoMain\ArduinoCore\Debug\libArduinoCore.a(twi.o)
 .bss.twi_rxBuffer
                0x00800402       0x20 C:\Users\Kevin Mulligan\Documents\Atmel Studio\7.0\ArduinoMain\ArduinoMain\ArduinoCore\Debug\libArduinoCore.a(twi.o)
 .bss.twi_txBufferLength
                0x00800422        0x1 C:\Users\Kevin Mulligan\Documents\Atmel Studio\7.0\ArduinoMain\ArduinoMain\ArduinoCore\Debug\libArduinoCore.a(twi.o)
 .bss.twi_txBufferIndex
                0x00800423        0x1 C:\Users\Kevin Mulligan\Documents\Atmel Studio\7.0\ArduinoMain\ArduinoMain\ArduinoCore\Debug\libArduinoCore.a(twi.o)
 .bss.twi_txBuffer
                0x00800424       0x20 C:\Users\Kevin Mulligan\Documents\Atmel Studio\7.0\ArduinoMain\ArduinoMain\ArduinoCore\Debug\libArduinoCore.a(twi.o)
 .bss.twi_masterBufferLength
                0x00800444        0x1 C:\Users\Kevin Mulligan\Documents\Atmel Studio\7.0\ArduinoMain\ArduinoMain\ArduinoCore\Debug\libArduinoCore.a(twi.o)
 .bss.twi_masterBufferIndex
                0x00800445        0x1 C:\Users\Kevin Mulligan\Documents\Atmel Studio\7.0\ArduinoMain\ArduinoMain\ArduinoCore\Debug\libArduinoCore.a(twi.o)
 .bss.twi_masterBuffer
                0x00800446       0x20 C:\Users\Kevin Mulligan\Documents\Atmel Studio\7.0\ArduinoMain\ArduinoMain\ArduinoCore\Debug\libArduinoCore.a(twi.o)
 .bss.twi_onSlaveReceive
                0x00800466        0x2 C:\Users\Kevin Mulligan\Documents\Atmel Studio\7.0\ArduinoMain\ArduinoMain\ArduinoCore\Debug\libArduinoCore.a(twi.o)
 .bss.twi_onSlaveTransmit
                0x00800468        0x2 C:\Users\Kevin Mulligan\Documents\Atmel Studio\7.0\ArduinoMain\ArduinoMain\ArduinoCore\Debug\libArduinoCore.a(twi.o)
 .bss.twi_inRepStart
                0x0080046a        0x1 C:\Users\Kevin Mulligan\Documents\Atmel Studio\7.0\ArduinoMain\ArduinoMain\ArduinoCore\Debug\libArduinoCore.a(twi.o)
 .bss.twi_sendStop
                0x0080046b        0x1 C:\Users\Kevin Mulligan\Documents\Atmel Studio\7.0\ArduinoMain\ArduinoMain\ArduinoCore\Debug\libArduinoCore.a(twi.o)
 .bss.twi_slarw
                0x0080046c        0x1 C:\Users\Kevin Mulligan\Documents\Atmel Studio\7.0\ArduinoMain\ArduinoMain\ArduinoCore\Debug\libArduinoCore.a(twi.o)
 .bss.twi_state
                0x0080046d        0x1 C:\Users\Kevin Mulligan\Documents\Atmel Studio\7.0\ArduinoMain\ArduinoMain\ArduinoCore\Debug\libArduinoCore.a(twi.o)
 *(COMMON)
 COMMON         0x0080046e        0x4 c:/program files (x86)/atmel/studio/7.0/toolchain/avr8/avr8-gnu-toolchain/bin/../lib/gcc/avr/4.9.2/../../../../avr/lib/avr5\libc.a(malloc.o)
                0x0080046e                __brkval
                0x00800470                __flp
 COMMON         0x00800472        0x2 c:/program files (x86)/atmel/studio/7.0/toolchain/avr8/avr8-gnu-toolchain/bin/../lib/gcc/avr/4.9.2/../../../../avr/lib/avr5\libc.a(errno.o)
                0x00800472                errno
                0x00800474                PROVIDE (__bss_end, .)
                0x0000391a                __data_load_start = LOADADDR (.data)
                0x00003a40                __data_load_end = (__data_load_start + SIZEOF (.data))

.noinit         0x00800474        0x0
                [!provide]                PROVIDE (__noinit_start, .)
 *(.noinit*)
                [!provide]                PROVIDE (__noinit_end, .)
                0x00800474                _end = .
                0x00800474                PROVIDE (__heap_start, .)

.eeprom         0x00810000        0x0
 *(.eeprom*)
                0x00810000                __eeprom_end = .

.fuse
 *(.fuse)
 *(.lfuse)
 *(.hfuse)
 *(.efuse)

.lock
 *(.lock*)

.signature
 *(.signature*)

.user_signatures
 *(.user_signatures*)

.stab
 *(.stab)

.stabstr
 *(.stabstr)

.stab.excl
 *(.stab.excl)

.stab.exclstr
 *(.stab.exclstr)

.stab.index
 *(.stab.index)

.stab.indexstr
 *(.stab.indexstr)

.comment        0x00000000       0x5c
 *(.comment)
 .comment       0x00000000       0x30 Sketch.o
                                 0x31 (size before relaxing)
 .comment       0x00000030       0x31 C:\Users\Kevin Mulligan\Documents\Atmel Studio\7.0\ArduinoMain\ArduinoMain\ArduinoCore\Debug\libArduinoCore.a(HardwareSerial.o)
 .comment       0x00000030       0x31 C:\Users\Kevin Mulligan\Documents\Atmel Studio\7.0\ArduinoMain\ArduinoMain\ArduinoCore\Debug\libArduinoCore.a(HardwareSerial0.o)
 .comment       0x00000030       0x31 C:\Users\Kevin Mulligan\Documents\Atmel Studio\7.0\ArduinoMain\ArduinoMain\ArduinoCore\Debug\libArduinoCore.a(main.o)
 .comment       0x00000030       0x31 C:\Users\Kevin Mulligan\Documents\Atmel Studio\7.0\ArduinoMain\ArduinoMain\ArduinoCore\Debug\libArduinoCore.a(Print.o)
 .comment       0x00000030       0x31 C:\Users\Kevin Mulligan\Documents\Atmel Studio\7.0\ArduinoMain\ArduinoMain\ArduinoCore\Debug\libArduinoCore.a(wiring.o)
 .comment       0x00000030       0x31 C:\Users\Kevin Mulligan\Documents\Atmel Studio\7.0\ArduinoMain\ArduinoMain\ArduinoCore\Debug\libArduinoCore.a(wiring_analog.o)
 .comment       0x00000030       0x31 C:\Users\Kevin Mulligan\Documents\Atmel Studio\7.0\ArduinoMain\ArduinoMain\ArduinoCore\Debug\libArduinoCore.a(wiring_digital.o)
 .comment       0x00000030       0x31 C:\Users\Kevin Mulligan\Documents\Atmel Studio\7.0\ArduinoMain\ArduinoMain\ArduinoCore\Debug\libArduinoCore.a(WString.o)
 .comment       0x00000030       0x31 C:\Users\Kevin Mulligan\Documents\Atmel Studio\7.0\ArduinoMain\ArduinoMain\ArduinoCore\Debug\libArduinoCore.a(Adafruit_HMC5883_U.o)
 .comment       0x00000030       0x31 C:\Users\Kevin Mulligan\Documents\Atmel Studio\7.0\ArduinoMain\ArduinoMain\ArduinoCore\Debug\libArduinoCore.a(Kalman.o)
 .comment       0x00000030       0x31 C:\Users\Kevin Mulligan\Documents\Atmel Studio\7.0\ArduinoMain\ArduinoMain\ArduinoCore\Debug\libArduinoCore.a(Wire.o)
 .comment       0x00000030       0x31 C:\Users\Kevin Mulligan\Documents\Atmel Studio\7.0\ArduinoMain\ArduinoMain\ArduinoCore\Debug\libArduinoCore.a(hooks.o)
 .comment       0x00000030       0x31 C:\Users\Kevin Mulligan\Documents\Atmel Studio\7.0\ArduinoMain\ArduinoMain\ArduinoCore\Debug\libArduinoCore.a(new.o)
 .comment       0x00000030       0x31 C:\Users\Kevin Mulligan\Documents\Atmel Studio\7.0\ArduinoMain\ArduinoMain\ArduinoCore\Debug\libArduinoCore.a(twi.o)
 .comment       0x00000030       0x31 c:/program files (x86)/atmel/studio/7.0/toolchain/avr8/avr8-gnu-toolchain/bin/../lib/gcc/avr/4.9.2/../../../../avr/lib/avr5\libc.a(malloc.o)
 .comment       0x00000030       0x31 c:/program files (x86)/atmel/studio/7.0/toolchain/avr8/avr8-gnu-toolchain/bin/../lib/gcc/avr/4.9.2/../../../../avr/lib/avr5\libc.a(realloc.o)
 .comment       0x00000030       0x31 c:/program files (x86)/atmel/studio/7.0/toolchain/avr8/avr8-gnu-toolchain/bin/../lib/gcc/avr/4.9.2/../../../../avr/lib/avr5\libc.a(strtok.o)
 .comment       0x00000030       0x31 c:/program files (x86)/atmel/studio/7.0/toolchain/avr8/avr8-gnu-toolchain/bin/../lib/gcc/avr/4.9.2/../../../../avr/lib/avr5\libc.a(strtod.o)
 .comment       0x00000030       0x2c c:/program files (x86)/atmel/studio/7.0/toolchain/avr8/avr8-gnu-toolchain/bin/../lib/gcc/avr/4.9.2/../../../../avr/lib/avr5\libc.a(errno.o)
                                 0x2d (size before relaxing)

.note.gnu.avr.deviceinfo
                0x00000000       0x40
 .note.gnu.avr.deviceinfo
                0x00000000       0x40 C:/Program Files (x86)/Atmel/Studio/7.0/Packs/atmel/ATmega_DFP/1.0.106/gcc/dev/atmega328p/avr5/crtatmega328p.o

.note.gnu.build-id
 *(.note.gnu.build-id)

.debug
 *(.debug)

.line
 *(.line)

.debug_srcinfo
 *(.debug_srcinfo)

.debug_sfnames
 *(.debug_sfnames)

.debug_aranges  0x00000000      0x878
 *(.debug_aranges)
 .debug_aranges
                0x00000000       0xc8 Sketch.o
 .debug_aranges
                0x000000c8       0x68 C:\Users\Kevin Mulligan\Documents\Atmel Studio\7.0\ArduinoMain\ArduinoMain\ArduinoCore\Debug\libArduinoCore.a(HardwareSerial.o)
 .debug_aranges
                0x00000130       0x38 C:\Users\Kevin Mulligan\Documents\Atmel Studio\7.0\ArduinoMain\ArduinoMain\ArduinoCore\Debug\libArduinoCore.a(HardwareSerial0.o)
 .debug_aranges
                0x00000168       0x38 C:\Users\Kevin Mulligan\Documents\Atmel Studio\7.0\ArduinoMain\ArduinoMain\ArduinoCore\Debug\libArduinoCore.a(main.o)
 .debug_aranges
                0x000001a0       0xf0 C:\Users\Kevin Mulligan\Documents\Atmel Studio\7.0\ArduinoMain\ArduinoMain\ArduinoCore\Debug\libArduinoCore.a(Print.o)
 .debug_aranges
                0x00000290       0x48 C:\Users\Kevin Mulligan\Documents\Atmel Studio\7.0\ArduinoMain\ArduinoMain\ArduinoCore\Debug\libArduinoCore.a(wiring.o)
 .debug_aranges
                0x000002d8       0x30 C:\Users\Kevin Mulligan\Documents\Atmel Studio\7.0\ArduinoMain\ArduinoMain\ArduinoCore\Debug\libArduinoCore.a(wiring_analog.o)
 .debug_aranges
                0x00000308       0x38 C:\Users\Kevin Mulligan\Documents\Atmel Studio\7.0\ArduinoMain\ArduinoMain\ArduinoCore\Debug\libArduinoCore.a(wiring_digital.o)
 .debug_aranges
                0x00000340      0x2a8 C:\Users\Kevin Mulligan\Documents\Atmel Studio\7.0\ArduinoMain\ArduinoMain\ArduinoCore\Debug\libArduinoCore.a(WString.o)
 .debug_aranges
                0x000005e8       0x70 C:\Users\Kevin Mulligan\Documents\Atmel Studio\7.0\ArduinoMain\ArduinoMain\ArduinoCore\Debug\libArduinoCore.a(Adafruit_HMC5883_U.o)
 .debug_aranges
                0x00000658       0x68 C:\Users\Kevin Mulligan\Documents\Atmel Studio\7.0\ArduinoMain\ArduinoMain\ArduinoCore\Debug\libArduinoCore.a(Kalman.o)
 .debug_aranges
                0x000006c0       0xe8 C:\Users\Kevin Mulligan\Documents\Atmel Studio\7.0\ArduinoMain\ArduinoMain\ArduinoCore\Debug\libArduinoCore.a(Wire.o)
 .debug_aranges
                0x000007a8       0x20 C:\Users\Kevin Mulligan\Documents\Atmel Studio\7.0\ArduinoMain\ArduinoMain\ArduinoCore\Debug\libArduinoCore.a(hooks.o)
 .debug_aranges
                0x000007c8       0x38 C:\Users\Kevin Mulligan\Documents\Atmel Studio\7.0\ArduinoMain\ArduinoMain\ArduinoCore\Debug\libArduinoCore.a(new.o)
 .debug_aranges
                0x00000800       0x78 C:\Users\Kevin Mulligan\Documents\Atmel Studio\7.0\ArduinoMain\ArduinoMain\ArduinoCore\Debug\libArduinoCore.a(twi.o)

.debug_pubnames
 *(.debug_pubnames)

.debug_info     0x00000000    0x12b51
 *(.debug_info .gnu.linkonce.wi.*)
 .debug_info    0x00000000     0x34ba Sketch.o
 .debug_info    0x000034ba     0x1dd1 C:\Users\Kevin Mulligan\Documents\Atmel Studio\7.0\ArduinoMain\ArduinoMain\ArduinoCore\Debug\libArduinoCore.a(HardwareSerial.o)
 .debug_info    0x0000528b     0x19ca C:\Users\Kevin Mulligan\Documents\Atmel Studio\7.0\ArduinoMain\ArduinoMain\ArduinoCore\Debug\libArduinoCore.a(HardwareSerial0.o)
 .debug_info    0x00006c55      0x231 C:\Users\Kevin Mulligan\Documents\Atmel Studio\7.0\ArduinoMain\ArduinoMain\ArduinoCore\Debug\libArduinoCore.a(main.o)
 .debug_info    0x00006e86     0x297b C:\Users\Kevin Mulligan\Documents\Atmel Studio\7.0\ArduinoMain\ArduinoMain\ArduinoCore\Debug\libArduinoCore.a(Print.o)
 .debug_info    0x00009801      0x2c8 C:\Users\Kevin Mulligan\Documents\Atmel Studio\7.0\ArduinoMain\ArduinoMain\ArduinoCore\Debug\libArduinoCore.a(wiring.o)
 .debug_info    0x00009ac9      0x281 C:\Users\Kevin Mulligan\Documents\Atmel Studio\7.0\ArduinoMain\ArduinoMain\ArduinoCore\Debug\libArduinoCore.a(wiring_analog.o)
 .debug_info    0x00009d4a      0x5f9 C:\Users\Kevin Mulligan\Documents\Atmel Studio\7.0\ArduinoMain\ArduinoMain\ArduinoCore\Debug\libArduinoCore.a(wiring_digital.o)
 .debug_info    0x0000a343     0x4469 C:\Users\Kevin Mulligan\Documents\Atmel Studio\7.0\ArduinoMain\ArduinoMain\ArduinoCore\Debug\libArduinoCore.a(WString.o)
 .debug_info    0x0000e7ac     0x1095 C:\Users\Kevin Mulligan\Documents\Atmel Studio\7.0\ArduinoMain\ArduinoMain\ArduinoCore\Debug\libArduinoCore.a(Adafruit_HMC5883_U.o)
 .debug_info    0x0000f841      0x4d8 C:\Users\Kevin Mulligan\Documents\Atmel Studio\7.0\ArduinoMain\ArduinoMain\ArduinoCore\Debug\libArduinoCore.a(Kalman.o)
 .debug_info    0x0000fd19     0x269c C:\Users\Kevin Mulligan\Documents\Atmel Studio\7.0\ArduinoMain\ArduinoMain\ArduinoCore\Debug\libArduinoCore.a(Wire.o)
 .debug_info    0x000123b5       0x3e C:\Users\Kevin Mulligan\Documents\Atmel Studio\7.0\ArduinoMain\ArduinoMain\ArduinoCore\Debug\libArduinoCore.a(hooks.o)
 .debug_info    0x000123f3      0x18c C:\Users\Kevin Mulligan\Documents\Atmel Studio\7.0\ArduinoMain\ArduinoMain\ArduinoCore\Debug\libArduinoCore.a(new.o)
 .debug_info    0x0001257f      0x5d2 C:\Users\Kevin Mulligan\Documents\Atmel Studio\7.0\ArduinoMain\ArduinoMain\ArduinoCore\Debug\libArduinoCore.a(twi.o)

.debug_abbrev   0x00000000     0x2d2e
 *(.debug_abbrev)
 .debug_abbrev  0x00000000      0x6d4 Sketch.o
 .debug_abbrev  0x000006d4      0x478 C:\Users\Kevin Mulligan\Documents\Atmel Studio\7.0\ArduinoMain\ArduinoMain\ArduinoCore\Debug\libArduinoCore.a(HardwareSerial.o)
 .debug_abbrev  0x00000b4c      0x3b1 C:\Users\Kevin Mulligan\Documents\Atmel Studio\7.0\ArduinoMain\ArduinoMain\ArduinoCore\Debug\libArduinoCore.a(HardwareSerial0.o)
 .debug_abbrev  0x00000efd      0x109 C:\Users\Kevin Mulligan\Documents\Atmel Studio\7.0\ArduinoMain\ArduinoMain\ArduinoCore\Debug\libArduinoCore.a(main.o)
 .debug_abbrev  0x00001006      0x487 C:\Users\Kevin Mulligan\Documents\Atmel Studio\7.0\ArduinoMain\ArduinoMain\ArduinoCore\Debug\libArduinoCore.a(Print.o)
 .debug_abbrev  0x0000148d      0x145 C:\Users\Kevin Mulligan\Documents\Atmel Studio\7.0\ArduinoMain\ArduinoMain\ArduinoCore\Debug\libArduinoCore.a(wiring.o)
 .debug_abbrev  0x000015d2      0x184 C:\Users\Kevin Mulligan\Documents\Atmel Studio\7.0\ArduinoMain\ArduinoMain\ArduinoCore\Debug\libArduinoCore.a(wiring_analog.o)
 .debug_abbrev  0x00001756      0x15b C:\Users\Kevin Mulligan\Documents\Atmel Studio\7.0\ArduinoMain\ArduinoMain\ArduinoCore\Debug\libArduinoCore.a(wiring_digital.o)
 .debug_abbrev  0x000018b1      0x4d0 C:\Users\Kevin Mulligan\Documents\Atmel Studio\7.0\ArduinoMain\ArduinoMain\ArduinoCore\Debug\libArduinoCore.a(WString.o)
 .debug_abbrev  0x00001d81      0x4ab C:\Users\Kevin Mulligan\Documents\Atmel Studio\7.0\ArduinoMain\ArduinoMain\ArduinoCore\Debug\libArduinoCore.a(Adafruit_HMC5883_U.o)
 .debug_abbrev  0x0000222c      0x1da C:\Users\Kevin Mulligan\Documents\Atmel Studio\7.0\ArduinoMain\ArduinoMain\ArduinoCore\Debug\libArduinoCore.a(Kalman.o)
 .debug_abbrev  0x00002406      0x5c6 C:\Users\Kevin Mulligan\Documents\Atmel Studio\7.0\ArduinoMain\ArduinoMain\ArduinoCore\Debug\libArduinoCore.a(Wire.o)
 .debug_abbrev  0x000029cc       0x2a C:\Users\Kevin Mulligan\Documents\Atmel Studio\7.0\ArduinoMain\ArduinoMain\ArduinoCore\Debug\libArduinoCore.a(hooks.o)
 .debug_abbrev  0x000029f6       0xd9 C:\Users\Kevin Mulligan\Documents\Atmel Studio\7.0\ArduinoMain\ArduinoMain\ArduinoCore\Debug\libArduinoCore.a(new.o)
 .debug_abbrev  0x00002acf      0x25f C:\Users\Kevin Mulligan\Documents\Atmel Studio\7.0\ArduinoMain\ArduinoMain\ArduinoCore\Debug\libArduinoCore.a(twi.o)

.debug_line     0x00000000     0x44c7
 *(.debug_line .debug_line.* .debug_line_end)
 .debug_line    0x00000000      0xa36 Sketch.o
 .debug_line    0x00000a36      0x426 C:\Users\Kevin Mulligan\Documents\Atmel Studio\7.0\ArduinoMain\ArduinoMain\ArduinoCore\Debug\libArduinoCore.a(HardwareSerial.o)
 .debug_line    0x00000e5c      0x257 C:\Users\Kevin Mulligan\Documents\Atmel Studio\7.0\ArduinoMain\ArduinoMain\ArduinoCore\Debug\libArduinoCore.a(HardwareSerial0.o)
 .debug_line    0x000010b3      0x175 C:\Users\Kevin Mulligan\Documents\Atmel Studio\7.0\ArduinoMain\ArduinoMain\ArduinoCore\Debug\libArduinoCore.a(main.o)
 .debug_line    0x00001228      0x63e C:\Users\Kevin Mulligan\Documents\Atmel Studio\7.0\ArduinoMain\ArduinoMain\ArduinoCore\Debug\libArduinoCore.a(Print.o)
 .debug_line    0x00001866      0x299 C:\Users\Kevin Mulligan\Documents\Atmel Studio\7.0\ArduinoMain\ArduinoMain\ArduinoCore\Debug\libArduinoCore.a(wiring.o)
 .debug_line    0x00001aff      0x20f C:\Users\Kevin Mulligan\Documents\Atmel Studio\7.0\ArduinoMain\ArduinoMain\ArduinoCore\Debug\libArduinoCore.a(wiring_analog.o)
 .debug_line    0x00001d0e      0x252 C:\Users\Kevin Mulligan\Documents\Atmel Studio\7.0\ArduinoMain\ArduinoMain\ArduinoCore\Debug\libArduinoCore.a(wiring_digital.o)
 .debug_line    0x00001f60     0x12ad C:\Users\Kevin Mulligan\Documents\Atmel Studio\7.0\ArduinoMain\ArduinoMain\ArduinoCore\Debug\libArduinoCore.a(WString.o)
 .debug_line    0x0000320d      0x4ed C:\Users\Kevin Mulligan\Documents\Atmel Studio\7.0\ArduinoMain\ArduinoMain\ArduinoCore\Debug\libArduinoCore.a(Adafruit_HMC5883_U.o)
 .debug_line    0x000036fa      0x1dc C:\Users\Kevin Mulligan\Documents\Atmel Studio\7.0\ArduinoMain\ArduinoMain\ArduinoCore\Debug\libArduinoCore.a(Kalman.o)
 .debug_line    0x000038d6      0x56f C:\Users\Kevin Mulligan\Documents\Atmel Studio\7.0\ArduinoMain\ArduinoMain\ArduinoCore\Debug\libArduinoCore.a(Wire.o)
 .debug_line    0x00003e45       0x41 C:\Users\Kevin Mulligan\Documents\Atmel Studio\7.0\ArduinoMain\ArduinoMain\ArduinoCore\Debug\libArduinoCore.a(hooks.o)
 .debug_line    0x00003e86      0x15b C:\Users\Kevin Mulligan\Documents\Atmel Studio\7.0\ArduinoMain\ArduinoMain\ArduinoCore\Debug\libArduinoCore.a(new.o)
 .debug_line    0x00003fe1      0x4e6 C:\Users\Kevin Mulligan\Documents\Atmel Studio\7.0\ArduinoMain\ArduinoMain\ArduinoCore\Debug\libArduinoCore.a(twi.o)

.debug_frame    0x00000000     0x1af4
 *(.debug_frame)
 .debug_frame   0x00000000      0x2c4 Sketch.o
 .debug_frame   0x000002c4      0x110 C:\Users\Kevin Mulligan\Documents\Atmel Studio\7.0\ArduinoMain\ArduinoMain\ArduinoCore\Debug\libArduinoCore.a(HardwareSerial.o)
 .debug_frame   0x000003d4       0xc0 C:\Users\Kevin Mulligan\Documents\Atmel Studio\7.0\ArduinoMain\ArduinoMain\ArduinoCore\Debug\libArduinoCore.a(HardwareSerial0.o)
 .debug_frame   0x00000494       0x54 C:\Users\Kevin Mulligan\Documents\Atmel Studio\7.0\ArduinoMain\ArduinoMain\ArduinoCore\Debug\libArduinoCore.a(main.o)
 .debug_frame   0x000004e8      0x39c C:\Users\Kevin Mulligan\Documents\Atmel Studio\7.0\ArduinoMain\ArduinoMain\ArduinoCore\Debug\libArduinoCore.a(Print.o)
 .debug_frame   0x00000884       0xc4 C:\Users\Kevin Mulligan\Documents\Atmel Studio\7.0\ArduinoMain\ArduinoMain\ArduinoCore\Debug\libArduinoCore.a(wiring.o)
 .debug_frame   0x00000948       0x54 C:\Users\Kevin Mulligan\Documents\Atmel Studio\7.0\ArduinoMain\ArduinoMain\ArduinoCore\Debug\libArduinoCore.a(wiring_analog.o)
 .debug_frame   0x0000099c       0x7c C:\Users\Kevin Mulligan\Documents\Atmel Studio\7.0\ArduinoMain\ArduinoMain\ArduinoCore\Debug\libArduinoCore.a(wiring_digital.o)
 .debug_frame   0x00000a18      0xa48 C:\Users\Kevin Mulligan\Documents\Atmel Studio\7.0\ArduinoMain\ArduinoMain\ArduinoCore\Debug\libArduinoCore.a(WString.o)
 .debug_frame   0x00001460      0x18c C:\Users\Kevin Mulligan\Documents\Atmel Studio\7.0\ArduinoMain\ArduinoMain\ArduinoCore\Debug\libArduinoCore.a(Adafruit_HMC5883_U.o)
 .debug_frame   0x000015ec      0x114 C:\Users\Kevin Mulligan\Documents\Atmel Studio\7.0\ArduinoMain\ArduinoMain\ArduinoCore\Debug\libArduinoCore.a(Kalman.o)
 .debug_frame   0x00001700      0x258 C:\Users\Kevin Mulligan\Documents\Atmel Studio\7.0\ArduinoMain\ArduinoMain\ArduinoCore\Debug\libArduinoCore.a(Wire.o)
 .debug_frame   0x00001958       0x24 C:\Users\Kevin Mulligan\Documents\Atmel Studio\7.0\ArduinoMain\ArduinoMain\ArduinoCore\Debug\libArduinoCore.a(hooks.o)
 .debug_frame   0x0000197c       0x54 C:\Users\Kevin Mulligan\Documents\Atmel Studio\7.0\ArduinoMain\ArduinoMain\ArduinoCore\Debug\libArduinoCore.a(new.o)
 .debug_frame   0x000019d0      0x124 C:\Users\Kevin Mulligan\Documents\Atmel Studio\7.0\ArduinoMain\ArduinoMain\ArduinoCore\Debug\libArduinoCore.a(twi.o)

.debug_str      0x00000000     0x3342
 *(.debug_str)
 .debug_str     0x00000000     0x15ce Sketch.o
                               0x1765 (size before relaxing)
 .debug_str     0x000015ce      0x705 C:\Users\Kevin Mulligan\Documents\Atmel Studio\7.0\ArduinoMain\ArduinoMain\ArduinoCore\Debug\libArduinoCore.a(HardwareSerial.o)
                               0x12f1 (size before relaxing)
 .debug_str     0x00001cd3       0x47 C:\Users\Kevin Mulligan\Documents\Atmel Studio\7.0\ArduinoMain\ArduinoMain\ArduinoCore\Debug\libArduinoCore.a(HardwareSerial0.o)
                               0x10f1 (size before relaxing)
 .debug_str     0x00001d1a       0x43 C:\Users\Kevin Mulligan\Documents\Atmel Studio\7.0\ArduinoMain\ArduinoMain\ArduinoCore\Debug\libArduinoCore.a(main.o)
                                0x2c6 (size before relaxing)
 .debug_str     0x00001d5d      0x31e C:\Users\Kevin Mulligan\Documents\Atmel Studio\7.0\ArduinoMain\ArduinoMain\ArduinoCore\Debug\libArduinoCore.a(Print.o)
                                0xf71 (size before relaxing)
 .debug_str     0x0000207b      0x14a C:\Users\Kevin Mulligan\Documents\Atmel Studio\7.0\ArduinoMain\ArduinoMain\ArduinoCore\Debug\libArduinoCore.a(wiring.o)
                                0x250 (size before relaxing)
 .debug_str     0x000021c5       0x6b C:\Users\Kevin Mulligan\Documents\Atmel Studio\7.0\ArduinoMain\ArduinoMain\ArduinoCore\Debug\libArduinoCore.a(wiring_analog.o)
                                0x254 (size before relaxing)
 .debug_str     0x00002230       0xa3 C:\Users\Kevin Mulligan\Documents\Atmel Studio\7.0\ArduinoMain\ArduinoMain\ArduinoCore\Debug\libArduinoCore.a(wiring_digital.o)
                                0x2b5 (size before relaxing)
 .debug_str     0x000022d3      0x3dd C:\Users\Kevin Mulligan\Documents\Atmel Studio\7.0\ArduinoMain\ArduinoMain\ArduinoCore\Debug\libArduinoCore.a(WString.o)
                                0xf4a (size before relaxing)
 .debug_str     0x000026b0      0x64b C:\Users\Kevin Mulligan\Documents\Atmel Studio\7.0\ArduinoMain\ArduinoMain\ArduinoCore\Debug\libArduinoCore.a(Adafruit_HMC5883_U.o)
                                0xd55 (size before relaxing)
 .debug_str     0x00002cfb       0x55 C:\Users\Kevin Mulligan\Documents\Atmel Studio\7.0\ArduinoMain\ArduinoMain\ArduinoCore\Debug\libArduinoCore.a(Kalman.o)
                                0x320 (size before relaxing)
 .debug_str     0x00002d50      0x431 C:\Users\Kevin Mulligan\Documents\Atmel Studio\7.0\ArduinoMain\ArduinoMain\ArduinoCore\Debug\libArduinoCore.a(Wire.o)
                               0x1581 (size before relaxing)
 .debug_str     0x00003181       0x1c C:\Users\Kevin Mulligan\Documents\Atmel Studio\7.0\ArduinoMain\ArduinoMain\ArduinoCore\Debug\libArduinoCore.a(hooks.o)
                                0x145 (size before relaxing)
 .debug_str     0x0000319d       0x5e C:\Users\Kevin Mulligan\Documents\Atmel Studio\7.0\ArduinoMain\ArduinoMain\ArduinoCore\Debug\libArduinoCore.a(new.o)
                                0x1fa (size before relaxing)
 .debug_str     0x000031fb      0x147 C:\Users\Kevin Mulligan\Documents\Atmel Studio\7.0\ArduinoMain\ArduinoMain\ArduinoCore\Debug\libArduinoCore.a(twi.o)
                                0x3ac (size before relaxing)

.debug_loc      0x00000000     0x91a5
 *(.debug_loc)
 .debug_loc     0x00000000      0x95c Sketch.o
 .debug_loc     0x0000095c      0x497 C:\Users\Kevin Mulligan\Documents\Atmel Studio\7.0\ArduinoMain\ArduinoMain\ArduinoCore\Debug\libArduinoCore.a(HardwareSerial.o)
 .debug_loc     0x00000df3      0x161 C:\Users\Kevin Mulligan\Documents\Atmel Studio\7.0\ArduinoMain\ArduinoMain\ArduinoCore\Debug\libArduinoCore.a(HardwareSerial0.o)
 .debug_loc     0x00000f54     0x1ef5 C:\Users\Kevin Mulligan\Documents\Atmel Studio\7.0\ArduinoMain\ArduinoMain\ArduinoCore\Debug\libArduinoCore.a(Print.o)
 .debug_loc     0x00002e49      0x269 C:\Users\Kevin Mulligan\Documents\Atmel Studio\7.0\ArduinoMain\ArduinoMain\ArduinoCore\Debug\libArduinoCore.a(wiring.o)
 .debug_loc     0x000030b2       0xfe C:\Users\Kevin Mulligan\Documents\Atmel Studio\7.0\ArduinoMain\ArduinoMain\ArduinoCore\Debug\libArduinoCore.a(wiring_analog.o)
 .debug_loc     0x000031b0      0x5e3 C:\Users\Kevin Mulligan\Documents\Atmel Studio\7.0\ArduinoMain\ArduinoMain\ArduinoCore\Debug\libArduinoCore.a(wiring_digital.o)
 .debug_loc     0x00003793     0x417e C:\Users\Kevin Mulligan\Documents\Atmel Studio\7.0\ArduinoMain\ArduinoMain\ArduinoCore\Debug\libArduinoCore.a(WString.o)
 .debug_loc     0x00007911      0x60c C:\Users\Kevin Mulligan\Documents\Atmel Studio\7.0\ArduinoMain\ArduinoMain\ArduinoCore\Debug\libArduinoCore.a(Adafruit_HMC5883_U.o)
 .debug_loc     0x00007f1d      0x2d3 C:\Users\Kevin Mulligan\Documents\Atmel Studio\7.0\ArduinoMain\ArduinoMain\ArduinoCore\Debug\libArduinoCore.a(Kalman.o)
 .debug_loc     0x000081f0      0xb46 C:\Users\Kevin Mulligan\Documents\Atmel Studio\7.0\ArduinoMain\ArduinoMain\ArduinoCore\Debug\libArduinoCore.a(Wire.o)
 .debug_loc     0x00008d36       0x98 C:\Users\Kevin Mulligan\Documents\Atmel Studio\7.0\ArduinoMain\ArduinoMain\ArduinoCore\Debug\libArduinoCore.a(new.o)
 .debug_loc     0x00008dce      0x3d7 C:\Users\Kevin Mulligan\Documents\Atmel Studio\7.0\ArduinoMain\ArduinoMain\ArduinoCore\Debug\libArduinoCore.a(twi.o)

.debug_macinfo
 *(.debug_macinfo)

.debug_weaknames
 *(.debug_weaknames)

.debug_funcnames
 *(.debug_funcnames)

.debug_typenames
 *(.debug_typenames)

.debug_varnames
 *(.debug_varnames)

.debug_pubtypes
 *(.debug_pubtypes)

.debug_ranges   0x00000000      0x880
 *(.debug_ranges)
 .debug_ranges  0x00000000       0xe8 Sketch.o
 .debug_ranges  0x000000e8       0x70 C:\Users\Kevin Mulligan\Documents\Atmel Studio\7.0\ArduinoMain\ArduinoMain\ArduinoCore\Debug\libArduinoCore.a(HardwareSerial.o)
 .debug_ranges  0x00000158       0x28 C:\Users\Kevin Mulligan\Documents\Atmel Studio\7.0\ArduinoMain\ArduinoMain\ArduinoCore\Debug\libArduinoCore.a(HardwareSerial0.o)
 .debug_ranges  0x00000180       0x28 C:\Users\Kevin Mulligan\Documents\Atmel Studio\7.0\ArduinoMain\ArduinoMain\ArduinoCore\Debug\libArduinoCore.a(main.o)
 .debug_ranges  0x000001a8      0x128 C:\Users\Kevin Mulligan\Documents\Atmel Studio\7.0\ArduinoMain\ArduinoMain\ArduinoCore\Debug\libArduinoCore.a(Print.o)
 .debug_ranges  0x000002d0       0x38 C:\Users\Kevin Mulligan\Documents\Atmel Studio\7.0\ArduinoMain\ArduinoMain\ArduinoCore\Debug\libArduinoCore.a(wiring.o)
 .debug_ranges  0x00000308       0x20 C:\Users\Kevin Mulligan\Documents\Atmel Studio\7.0\ArduinoMain\ArduinoMain\ArduinoCore\Debug\libArduinoCore.a(wiring_analog.o)
 .debug_ranges  0x00000328       0x28 C:\Users\Kevin Mulligan\Documents\Atmel Studio\7.0\ArduinoMain\ArduinoMain\ArduinoCore\Debug\libArduinoCore.a(wiring_digital.o)
 .debug_ranges  0x00000350      0x300 C:\Users\Kevin Mulligan\Documents\Atmel Studio\7.0\ArduinoMain\ArduinoMain\ArduinoCore\Debug\libArduinoCore.a(WString.o)
 .debug_ranges  0x00000650       0x60 C:\Users\Kevin Mulligan\Documents\Atmel Studio\7.0\ArduinoMain\ArduinoMain\ArduinoCore\Debug\libArduinoCore.a(Adafruit_HMC5883_U.o)
 .debug_ranges  0x000006b0       0x58 C:\Users\Kevin Mulligan\Documents\Atmel Studio\7.0\ArduinoMain\ArduinoMain\ArduinoCore\Debug\libArduinoCore.a(Kalman.o)
 .debug_ranges  0x00000708       0xd8 C:\Users\Kevin Mulligan\Documents\Atmel Studio\7.0\ArduinoMain\ArduinoMain\ArduinoCore\Debug\libArduinoCore.a(Wire.o)
 .debug_ranges  0x000007e0       0x10 C:\Users\Kevin Mulligan\Documents\Atmel Studio\7.0\ArduinoMain\ArduinoMain\ArduinoCore\Debug\libArduinoCore.a(hooks.o)
 .debug_ranges  0x000007f0       0x28 C:\Users\Kevin Mulligan\Documents\Atmel Studio\7.0\ArduinoMain\ArduinoMain\ArduinoCore\Debug\libArduinoCore.a(new.o)
 .debug_ranges  0x00000818       0x68 C:\Users\Kevin Mulligan\Documents\Atmel Studio\7.0\ArduinoMain\ArduinoMain\ArduinoCore\Debug\libArduinoCore.a(twi.o)

.debug_macro
 *(.debug_macro)
OUTPUT(AccelerometerAndGyro-Kalman.elf elf32-avr)
LOAD linker stubs
