Archive member included to satisfy reference by file (symbol)

c:/program files (x86)/atmel/studio/7.0/toolchain/avr8/avr8-gnu-toolchain/bin/../lib/gcc/avr/4.9.2/../../../../avr/lib/avr5\libm.a(addsf3.o)
                              Sketch.o (__subsf3)
c:/program files (x86)/atmel/studio/7.0/toolchain/avr8/avr8-gnu-toolchain/bin/../lib/gcc/avr/4.9.2/../../../../avr/lib/avr5\libm.a(addsf3x.o)
                              c:/program files (x86)/atmel/studio/7.0/toolchain/avr8/avr8-gnu-toolchain/bin/../lib/gcc/avr/4.9.2/../../../../avr/lib/avr5\libm.a(addsf3.o) (__addsf3x)
c:/program files (x86)/atmel/studio/7.0/toolchain/avr8/avr8-gnu-toolchain/bin/../lib/gcc/avr/4.9.2/../../../../avr/lib/avr5\libm.a(atan2.o)
                              Sketch.o (atan2)
c:/program files (x86)/atmel/studio/7.0/toolchain/avr8/avr8-gnu-toolchain/bin/../lib/gcc/avr/4.9.2/../../../../avr/lib/avr5\libm.a(atan.o)
                              Sketch.o (atan)
c:/program files (x86)/atmel/studio/7.0/toolchain/avr8/avr8-gnu-toolchain/bin/../lib/gcc/avr/4.9.2/../../../../avr/lib/avr5\libm.a(cmpsf2.o)
                              Sketch.o (__ltsf2)
c:/program files (x86)/atmel/studio/7.0/toolchain/avr8/avr8-gnu-toolchain/bin/../lib/gcc/avr/4.9.2/../../../../avr/lib/avr5\libm.a(divsf3.o)
                              Sketch.o (__divsf3)
c:/program files (x86)/atmel/studio/7.0/toolchain/avr8/avr8-gnu-toolchain/bin/../lib/gcc/avr/4.9.2/../../../../avr/lib/avr5\libm.a(divsf3x.o)
                              c:/program files (x86)/atmel/studio/7.0/toolchain/avr8/avr8-gnu-toolchain/bin/../lib/gcc/avr/4.9.2/../../../../avr/lib/avr5\libm.a(divsf3.o) (__divsf3x)
c:/program files (x86)/atmel/studio/7.0/toolchain/avr8/avr8-gnu-toolchain/bin/../lib/gcc/avr/4.9.2/../../../../avr/lib/avr5\libm.a(fixsfsi.o)
                              Sketch.o (__fixsfsi)
c:/program files (x86)/atmel/studio/7.0/toolchain/avr8/avr8-gnu-toolchain/bin/../lib/gcc/avr/4.9.2/../../../../avr/lib/avr5\libm.a(fixunssfsi.o)
                              c:/program files (x86)/atmel/studio/7.0/toolchain/avr8/avr8-gnu-toolchain/bin/../lib/gcc/avr/4.9.2/../../../../avr/lib/avr5\libm.a(fixsfsi.o) (__fixunssfsi)
c:/program files (x86)/atmel/studio/7.0/toolchain/avr8/avr8-gnu-toolchain/bin/../lib/gcc/avr/4.9.2/../../../../avr/lib/avr5\libm.a(floatsisf.o)
                              Sketch.o (__floatunsisf)
c:/program files (x86)/atmel/studio/7.0/toolchain/avr8/avr8-gnu-toolchain/bin/../lib/gcc/avr/4.9.2/../../../../avr/lib/avr5\libm.a(fp_cmp.o)
                              c:/program files (x86)/atmel/studio/7.0/toolchain/avr8/avr8-gnu-toolchain/bin/../lib/gcc/avr/4.9.2/../../../../avr/lib/avr5\libm.a(cmpsf2.o) (__fp_cmp)
c:/program files (x86)/atmel/studio/7.0/toolchain/avr8/avr8-gnu-toolchain/bin/../lib/gcc/avr/4.9.2/../../../../avr/lib/avr5\libm.a(fp_inf.o)
                              c:/program files (x86)/atmel/studio/7.0/toolchain/avr8/avr8-gnu-toolchain/bin/../lib/gcc/avr/4.9.2/../../../../avr/lib/avr5\libm.a(addsf3x.o) (__fp_inf)
c:/program files (x86)/atmel/studio/7.0/toolchain/avr8/avr8-gnu-toolchain/bin/../lib/gcc/avr/4.9.2/../../../../avr/lib/avr5\libm.a(fp_nan.o)
                              c:/program files (x86)/atmel/studio/7.0/toolchain/avr8/avr8-gnu-toolchain/bin/../lib/gcc/avr/4.9.2/../../../../avr/lib/avr5\libm.a(addsf3x.o) (__fp_nan)
c:/program files (x86)/atmel/studio/7.0/toolchain/avr8/avr8-gnu-toolchain/bin/../lib/gcc/avr/4.9.2/../../../../avr/lib/avr5\libm.a(fp_powser.o)
                              c:/program files (x86)/atmel/studio/7.0/toolchain/avr8/avr8-gnu-toolchain/bin/../lib/gcc/avr/4.9.2/../../../../avr/lib/avr5\libm.a(atan.o) (__fp_powser)
c:/program files (x86)/atmel/studio/7.0/toolchain/avr8/avr8-gnu-toolchain/bin/../lib/gcc/avr/4.9.2/../../../../avr/lib/avr5\libm.a(fp_pscA.o)
                              c:/program files (x86)/atmel/studio/7.0/toolchain/avr8/avr8-gnu-toolchain/bin/../lib/gcc/avr/4.9.2/../../../../avr/lib/avr5\libm.a(addsf3x.o) (__fp_pscA)
c:/program files (x86)/atmel/studio/7.0/toolchain/avr8/avr8-gnu-toolchain/bin/../lib/gcc/avr/4.9.2/../../../../avr/lib/avr5\libm.a(fp_pscB.o)
                              c:/program files (x86)/atmel/studio/7.0/toolchain/avr8/avr8-gnu-toolchain/bin/../lib/gcc/avr/4.9.2/../../../../avr/lib/avr5\libm.a(addsf3x.o) (__fp_pscB)
c:/program files (x86)/atmel/studio/7.0/toolchain/avr8/avr8-gnu-toolchain/bin/../lib/gcc/avr/4.9.2/../../../../avr/lib/avr5\libm.a(fp_round.o)
                              c:/program files (x86)/atmel/studio/7.0/toolchain/avr8/avr8-gnu-toolchain/bin/../lib/gcc/avr/4.9.2/../../../../avr/lib/avr5\libm.a(addsf3.o) (__fp_round)
c:/program files (x86)/atmel/studio/7.0/toolchain/avr8/avr8-gnu-toolchain/bin/../lib/gcc/avr/4.9.2/../../../../avr/lib/avr5\libm.a(fp_split3.o)
                              c:/program files (x86)/atmel/studio/7.0/toolchain/avr8/avr8-gnu-toolchain/bin/../lib/gcc/avr/4.9.2/../../../../avr/lib/avr5\libm.a(addsf3x.o) (__fp_split3)
[...]
Memory Configuration

Name             Origin             Length             Attributes
text             0x00000000         0x00020000         xr
data             0x00800060         0x0000ffa0         rw !x
eeprom           0x00810000         0x00010000         rw !x
fuse             0x00820000         0x00000400         rw !x
lock             0x00830000         0x00000400         rw !x
signature        0x00840000         0x00000400         rw !x
user_signatures  0x00850000         0x00000400         rw !x
*default*        0x00000000         0xffffffff

Linker script and memory map

Address of section .data set to 0x800100
LOAD C:/Program Files (x86)/Atmel/Studio/7.0/Packs/atmel/ATmega_DFP/1.0.106/gcc/dev/atmega328p/avr5/crtatmega328p.o
LOAD Sketch.o
START GROUP
LOAD c:/program files (x86)/atmel/studio/7.0/toolchain/avr8/avr8-gnu-toolchain/bin/../lib/gcc/avr/4.9.2/../../../../avr/lib/avr5\libm.a
LOAD C:\Users\Kevin Mulligan\Documents\Atmel Studio\7.0\ArduinoMain\ArduinoMain\ArduinoCore\Debug\libArduinoCore.a
END GROUP
LOAD c:/program files (x86)/atmel/studio/7.0/toolchain/avr8/avr8-gnu-toolchain/bin/../lib/gcc/avr/4.9.2/avr5\libgcc.a
LOAD c:/program files (x86)/atmel/studio/7.0/toolchain/avr8/avr8-gnu-toolchain/bin/../lib/gcc/avr/4.9.2/../../../../avr/lib/avr5\libm.a
START GROUP
LOAD c:/program files (x86)/atmel/studio/7.0/toolchain/avr8/avr8-gnu-toolchain/bin/../lib/gcc/avr/4.9.2/avr5\libgcc.a
LOAD c:/program files (x86)/atmel/studio/7.0/toolchain/avr8/avr8-gnu-toolchain/bin/../lib/gcc/avr/4.9.2/../../../../avr/lib/avr5\libm.a
LOAD c:/program files (x86)/atmel/studio/7.0/toolchain/avr8/avr8-gnu-toolchain/bin/../lib/gcc/avr/4.9.2/../../../../avr/lib/avr5\libc.a
LOAD C:/Program Files (x86)/Atmel/Studio/7.0/Packs/atmel/ATmega_DFP/1.0.106/gcc/dev/atmega328p/avr5\libatmega328p.a
END GROUP
                0x00020000                __TEXT_REGION_LENGTH__ = DEFINED (__TEXT_REGION_LENGTH__)?__TEXT_REGION_LENGTH__:0x20000
                0x0000ffa0                __DATA_REGION_LENGTH__ = DEFINED (__DATA_REGION_LENGTH__)?__DATA_REGION_LENGTH__:0xffa0
                0x00010000                __EEPROM_REGION_LENGTH__ = DEFINED (__EEPROM_REGION_LENGTH__)?__EEPROM_REGION_LENGTH__:0x10000
                0x00000400                __FUSE_REGION_LENGTH__ = DEFINED (__FUSE_REGION_LENGTH__)?__FUSE_REGION_LENGTH__:0x400
                0x00000400                __LOCK_REGION_LENGTH__ = DEFINED (__LOCK_REGION_LENGTH__)?__LOCK_REGION_LENGTH__:0x400
                0x00000400                __SIGNATURE_REGION_LENGTH__ = DEFINED (__SIGNATURE_REGION_LENGTH__)?__SIGNATURE_REGION_LENGTH__:0x400
                0x00000400                __USER_SIGNATURE_REGION_LENGTH__ = DEFINED (__USER_SIGNATURE_REGION_LENGTH__)?__USER_SIGNATURE_REGION_LENGTH__:0x400

.hash
 *(.hash)

.dynsym
 *(.dynsym)

.dynstr
 *(.dynstr)

.gnu.version
 *(.gnu.version)

.gnu.version_d
 *(.gnu.version_d)

.gnu.version_r
 *(.gnu.version_r)

.rel.init
 *(.rel.init)

.rela.init
 *(.rela.init)

.rel.text
 *(.rel.text)
 *(.rel.text.*)
 *(.rel.gnu.linkonce.t*)

.rela.text
 *(.rela.text)
 *(.rela.text.*)
 *(.rela.gnu.linkonce.t*)

.rel.fini
 *(.rel.fini)

.rela.fini
 *(.rela.fini)

.rel.rodata
 *(.rel.rodata)
 *(.rel.rodata.*)
 *(.rel.gnu.linkonce.r*)

.rela.rodata
 *(.rela.rodata)
 *(.rela.rodata.*)
 *(.rela.gnu.linkonce.r*)

.rel.data
 *(.rel.data)
 *(.rel.data.*)
 *(.rel.gnu.linkonce.d*)

.rela.data
 *(.rela.data)
 *(.rela.data.*)
 *(.rela.gnu.linkonce.d*)

.rel.ctors
 *(.rel.ctors)

.rela.ctors
 *(.rela.ctors)

.rel.dtors
 *(.rel.dtors)

.rela.dtors
 *(.rela.dtors)

.rel.got
 *(.rel.got)

.rela.got
 *(.rela.got)

.rel.bss
 *(.rel.bss)

.rela.bss
 *(.rela.bss)

.rel.plt
 *(.rel.plt)

.rela.plt
 *(.rela.plt)

.text           0x00000000     0x3712
 *(.vectors)
 .vectors       0x00000000       0x68 C:/Program Files (x86)/Atmel/Studio/7.0/Packs/atmel/ATmega_DFP/1.0.106/gcc/dev/atmega328p/avr5/crtatmega328p.o
                0x00000000                __vector_default
                0x00000000                __vectors
 *(.vectors)
 *(.progmem.gcc*)
 .progmem.gcc_fplib
                0x00000068       0x2d c:/program files (x86)/atmel/studio/7.0/toolchain/avr8/avr8-gnu-toolchain/bin/../lib/gcc/avr/4.9.2/../../../../avr/lib/avr5\libm.a(atan.o)
                0x00000096                . = ALIGN (0x2)
 *fill*         0x00000095        0x1 
                0x00000096                __trampolines_start = .
 *(.trampolines)
 .trampolines   0x00000096        0x0 linker stubs
 *(.trampolines*)
                0x00000096                __trampolines_end = .
 *libprintf_flt.a:*(.progmem.data)
 *libc.a:*(.progmem.data)
 *(.progmem*)
 .progmem.data.digital_pin_to_timer_PGM
                0x00000096       0x14 C:\Users\Kevin Mulligan\Documents\Atmel Studio\7.0\ArduinoMain\ArduinoMain\ArduinoCore\Debug\libArduinoCore.a(wiring_digital.o)
                0x00000096                digital_pin_to_timer_PGM
 .progmem.data.digital_pin_to_bit_mask_PGM
                0x000000aa       0x14 C:\Users\Kevin Mulligan\Documents\Atmel Studio\7.0\ArduinoMain\ArduinoMain\ArduinoCore\Debug\libArduinoCore.a(wiring_digital.o)
                0x000000aa                digital_pin_to_bit_mask_PGM
 .progmem.data.digital_pin_to_port_PGM
                0x000000be       0x14 C:\Users\Kevin Mulligan\Documents\Atmel Studio\7.0\ArduinoMain\ArduinoMain\ArduinoCore\Debug\libArduinoCore.a(wiring_digital.o)
                0x000000be                digital_pin_to_port_PGM
 .progmem.data.port_to_output_PGM
                0x000000d2        0xa C:\Users\Kevin Mulligan\Documents\Atmel Studio\7.0\ArduinoMain\ArduinoMain\ArduinoCore\Debug\libArduinoCore.a(wiring_digital.o)
                0x000000d2                port_to_output_PGM
 .progmem.data.port_to_mode_PGM
                0x000000dc        0xa C:\Users\Kevin Mulligan\Documents\Atmel Studio\7.0\ArduinoMain\ArduinoMain\ArduinoCore\Debug\libArduinoCore.a(wiring_digital.o)
                0x000000dc                port_to_mode_PGM
                0x000000e6                . = ALIGN (0x2)
 *(.jumptables)
 *(.jumptables*)
 *(.lowtext)
 *(.lowtext*)
                0x000000e6                __ctors_start = .
 *(.ctors)
 .ctors         0x000000e6        0x2 Sketch.o
 .ctors         0x000000e8        0x2 C:\Users\Kevin Mulligan\Documents\Atmel Studio\7.0\ArduinoMain\ArduinoMain\ArduinoCore\Debug\libArduinoCore.a(HardwareSerial0.o)
 .ctors         0x000000ea        0x2 C:\Users\Kevin Mulligan\Documents\Atmel Studio\7.0\ArduinoMain\ArduinoMain\ArduinoCore\Debug\libArduinoCore.a(Wire.o)
                0x000000ec                __ctors_end = .
                0x000000ec                __dtors_start = .
 *(.dtors)
 .dtors         0x000000ec        0x2 Sketch.o
                0x000000ee                __dtors_end = .
 SORT(*)(.ctors)
 SORT(*)(.dtors)
 *(.init0)
 .init0         0x000000ee        0x0 C:/Program Files (x86)/Atmel/Studio/7.0/Packs/atmel/ATmega_DFP/1.0.106/gcc/dev/atmega328p/avr5/crtatmega328p.o
                0x000000ee                __init
 *(.init0)
 *(.init1)
 *(.init1)
 *(.init2)
 .init2         0x000000ee        0xc C:/Program Files (x86)/Atmel/Studio/7.0/Packs/atmel/ATmega_DFP/1.0.106/gcc/dev/atmega328p/avr5/crtatmega328p.o
 *(.init2)
 *(.init3)
 *(.init3)
 *(.init4)
 .init4         0x000000fa       0x16 c:/program files (x86)/atmel/studio/7.0/toolchain/avr8/avr8-gnu-toolchain/bin/../lib/gcc/avr/4.9.2/avr5\libgcc.a(_copy_data.o)
                0x000000fa                __do_copy_data
 .init4         0x00000110       0x10 c:/program files (x86)/atmel/studio/7.0/toolchain/avr8/avr8-gnu-toolchain/bin/../lib/gcc/avr/4.9.2/avr5\libgcc.a(_clear_bss.o)
                0x00000110                __do_clear_bss
 *(.init4)
 *(.init5)
 *(.init5)
 *(.init6)
 .init6         0x00000120       0x16 c:/program files (x86)/atmel/studio/7.0/toolchain/avr8/avr8-gnu-toolchain/bin/../lib/gcc/avr/4.9.2/avr5\libgcc.a(_ctors.o)
                0x00000120                __do_global_ctors
 *(.init6)
 *(.init7)
 *(.init7)
 *(.init8)
 *(.init8)
 *(.init9)
 .init9         0x00000136        0x8 C:/Program Files (x86)/Atmel/Studio/7.0/Packs/atmel/ATmega_DFP/1.0.106/gcc/dev/atmega328p/avr5/crtatmega328p.o
 *(.init9)
 *(.text)
 .text          0x0000013e        0x4 C:/Program Files (x86)/Atmel/Studio/7.0/Packs/atmel/ATmega_DFP/1.0.106/gcc/dev/atmega328p/avr5/crtatmega328p.o
                0x0000013e                __vector_22
                0x0000013e                __vector_1
                0x0000013e                __vector_12
                0x0000013e                __bad_interrupt
                0x0000013e                __vector_6
                0x0000013e                __vector_3
                0x0000013e                __vector_23
                0x0000013e                __vector_25
                0x0000013e                __vector_11
                0x0000013e                __vector_13
                0x0000013e                __vector_17
                0x0000013e                __vector_7
                0x0000013e                __vector_5
                0x0000013e                __vector_4
                0x0000013e                __vector_9
                0x0000013e                __vector_2
                0x0000013e                __vector_21
                0x0000013e                __vector_15
                0x0000013e                __vector_8
                0x0000013e                __vector_14
                0x0000013e                __vector_10
                0x0000013e                __vector_20
                0x00000142                . = ALIGN (0x2)
 *(.text.*)
 .text._ZN15Adafruit_Sensor15enableAutoRangeEb
                0x00000142        0x2 Sketch.o
                0x00000142                _ZN15Adafruit_Sensor15enableAutoRangeEb
 .text._ZN7TwoWire5writeEi
                0x00000144        0xe Sketch.o
                0x00000144                _ZN7TwoWire5writeEi
 .text._Z10MotorsInitv
                0x00000152       0x78 Sketch.o
                0x00000152                _Z10MotorsInitv
 .text._Z7forwardv
                0x000001ca       0x50 Sketch.o
                0x000001ca                _Z7forwardv
 .text._Z7reversev
                0x0000021a       0x50 Sketch.o
                0x0000021a                _Z7reversev
 .text._Z4leftv
                0x0000026a       0x50 Sketch.o
                0x0000026a                _Z4leftv
 .text._Z5rightv
                0x000002ba       0x50 Sketch.o
                0x000002ba                _Z5rightv
 .text._Z8turnleftv
                0x0000030a       0x50 Sketch.o
                0x0000030a                _Z8turnleftv
 .text._Z9turnrightv
                0x0000035a       0x50 Sketch.o
                0x0000035a                _Z9turnrightv
 .text._Z4stopv
                0x000003aa       0x50 Sketch.o
                0x000003aa                _Z4stopv
 .text.startup._GLOBAL__sub_I_mag
                0x000003fa       0x38 Sketch.o
 .text.exit._GLOBAL__sub_D_mag
                0x00000432       0x10 Sketch.o
 .text._Z17AccelerometerInitv
                0x00000442      0x15e Sketch.o
                0x00000442                _Z17AccelerometerInitv
 .text._Z17AccelerometerReadv
                0x000005a0       0xe2 Sketch.o
                0x000005a0                _Z17AccelerometerReadv
 .text._Z7writeToihh
                0x00000682       0x40 Sketch.o
                0x00000682                _Z7writeToihh
 .text._Z8GyroInitv
                0x000006c2       0x30 Sketch.o
                0x000006c2                _Z8GyroInitv
 .text.setup    0x000006f2       0x54 Sketch.o
                0x000006f2                setup
 .text._Z8readFromihiPh
                0x00000746       0x94 Sketch.o
                0x00000746                _Z8readFromihiPh
 .text._Z16getGyroscopeDataPi
                0x000007da       0xaa Sketch.o
                0x000007da                _Z16getGyroscopeDataPi
 .text._Z8GyroReadv
                0x00000884       0xea Sketch.o
                0x00000884                _Z8GyroReadv
 .text._Z10sensorloopv
                0x0000096e      0x77e Sketch.o
                0x0000096e                _Z10sensorloopv
 .text._Z11delaysensori
                0x000010ec       0x34 Sketch.o
                0x000010ec                _Z11delaysensori
 .text.loop     0x00001120       0xf4 Sketch.o
                0x00001120                loop
 .text.avr-libc.fplib
                0x00001214        0xe c:/program files (x86)/atmel/studio/7.0/toolchain/avr8/avr8-gnu-toolchain/bin/../lib/gcc/avr/4.9.2/../../../../avr/lib/avr5\libm.a(addsf3.o)
                0x00001214                __subsf3
                0x00001216                __addsf3
 .text.avr-libc.fplib
                0x00001222       0xcc c:/program files (x86)/atmel/studio/7.0/toolchain/avr8/avr8-gnu-toolchain/bin/../lib/gcc/avr/4.9.2/../../../../avr/lib/avr5\libm.a(addsf3x.o)
                0x00001244                __addsf3x
 .text.avr-libc.fplib
                0x000012ee       0x86 c:/program files (x86)/atmel/studio/7.0/toolchain/avr8/avr8-gnu-toolchain/bin/../lib/gcc/avr/4.9.2/../../../../avr/lib/avr5\libm.a(atan2.o)
                0x00001314                atan2
 .text.avr-libc.fplib
                0x00001374       0x5e c:/program files (x86)/atmel/studio/7.0/toolchain/avr8/avr8-gnu-toolchain/bin/../lib/gcc/avr/4.9.2/../../../../avr/lib/avr5\libm.a(atan.o)
                0x00001374                atan
 .text.avr-libc.fplib
                0x000013d2        0xa c:/program files (x86)/atmel/studio/7.0/toolchain/avr8/avr8-gnu-toolchain/bin/../lib/gcc/avr/4.9.2/../../../../avr/lib/avr5\libm.a(cmpsf2.o)
                0x000013d2                __nesf2
                0x000013d2                __eqsf2
                0x000013d2                __cmpsf2
                0x000013d2                __ltsf2
                0x000013d2                __lesf2
 .text.avr-libc.fplib
                0x000013dc        0x8 c:/program files (x86)/atmel/studio/7.0/toolchain/avr8/avr8-gnu-toolchain/bin/../lib/gcc/avr/4.9.2/../../../../avr/lib/avr5\libm.a(divsf3.o)
                0x000013dc                __divsf3
 .text.avr-libc.fplib
                0x000013e4       0xdc c:/program files (x86)/atmel/studio/7.0/toolchain/avr8/avr8-gnu-toolchain/bin/../lib/gcc/avr/4.9.2/../../../../avr/lib/avr5\libm.a(divsf3x.o)
                0x00001404                __divsf3x
                0x0000140a                __divsf3_pse
 .text.avr-libc.fplib
                0x000014c0        0xe c:/program files (x86)/atmel/studio/7.0/toolchain/avr8/avr8-gnu-toolchain/bin/../lib/gcc/avr/4.9.2/../../../../avr/lib/avr5\libm.a(fixsfsi.o)
                0x000014c0                __fixsfsi
 .text.avr-libc.fplib
                0x000014ce       0x5e c:/program files (x86)/atmel/studio/7.0/toolchain/avr8/avr8-gnu-toolchain/bin/../lib/gcc/avr/4.9.2/../../../../avr/lib/avr5\libm.a(fixunssfsi.o)
                0x000014ce                __fixunssfsi
 .text.avr-libc.fplib
                0x0000152c       0x7a c:/program files (x86)/atmel/studio/7.0/toolchain/avr8/avr8-gnu-toolchain/bin/../lib/gcc/avr/4.9.2/../../../../avr/lib/avr5\libm.a(floatsisf.o)
                0x0000152c                __floatunsisf
                0x00001530                __floatsisf
 .text.avr-libc.fplib
                0x000015a6       0x48 c:/program files (x86)/atmel/studio/7.0/toolchain/avr8/avr8-gnu-toolchain/bin/../lib/gcc/avr/4.9.2/../../../../avr/lib/avr5\libm.a(fp_cmp.o)
                0x000015a6                __fp_cmp
 .text.avr-libc.fplib
                0x000015ee        0xc c:/program files (x86)/atmel/studio/7.0/toolchain/avr8/avr8-gnu-toolchain/bin/../lib/gcc/avr/4.9.2/../../../../avr/lib/avr5\libm.a(fp_inf.o)
                0x000015ee                __fp_inf
 .text.avr-libc.fplib
                0x000015fa        0x6 c:/program files (x86)/atmel/studio/7.0/toolchain/avr8/avr8-gnu-toolchain/bin/../lib/gcc/avr/4.9.2/../../../../avr/lib/avr5\libm.a(fp_nan.o)
                0x000015fa                __fp_nan
 .text.avr-libc.fplib
                0x00001600       0x4e c:/program files (x86)/atmel/studio/7.0/toolchain/avr8/avr8-gnu-toolchain/bin/../lib/gcc/avr/4.9.2/../../../../avr/lib/avr5\libm.a(fp_powser.o)
                0x00001600                __fp_powser
 .text.avr-libc.fplib
                0x0000164e        0xe c:/program files (x86)/atmel/studio/7.0/toolchain/avr8/avr8-gnu-toolchain/bin/../lib/gcc/avr/4.9.2/../../../../avr/lib/avr5\libm.a(fp_pscA.o)
                0x0000164e                __fp_pscA
 .text.avr-libc.fplib
                0x0000165c        0xe c:/program files (x86)/atmel/studio/7.0/toolchain/avr8/avr8-gnu-toolchain/bin/../lib/gcc/avr/4.9.2/../../../../avr/lib/avr5\libm.a(fp_pscB.o)
                0x0000165c                __fp_pscB
 .text.avr-libc.fplib
                0x0000166a       0x22 c:/program files (x86)/atmel/studio/7.0/toolchain/avr8/avr8-gnu-toolchain/bin/../lib/gcc/avr/4.9.2/../../../../avr/lib/avr5\libm.a(fp_round.o)
                0x0000166a                __fp_round
 .text.avr-libc.fplib
                0x0000168c       0x44 c:/program files (x86)/atmel/studio/7.0/toolchain/avr8/avr8-gnu-toolchain/bin/../lib/gcc/avr/4.9.2/../../../../avr/lib/avr5\libm.a(fp_split3.o)
                0x0000168c                __fp_split3
                0x0000169c                __fp_splitA
 .text.avr-libc.fplib
                0x000016d0        0xe c:/program files (x86)/atmel/studio/7.0/toolchain/avr8/avr8-gnu-toolchain/bin/../lib/gcc/avr/4.9.2/../../../../avr/lib/avr5\libm.a(fp_zero.o)
                0x000016d0                __fp_zero
                0x000016d2                __fp_szero
 .text.avr-libc.fplib
                0x000016de        0xa c:/program files (x86)/atmel/studio/7.0/toolchain/avr8/avr8-gnu-toolchain/bin/../lib/gcc/avr/4.9.2/../../../../avr/lib/avr5\libm.a(gesf2.o)
                0x000016de                __gesf2
                0x000016de                __gtsf2
 .text.avr-libc.fplib
                0x000016e8       0x10 c:/program files (x86)/atmel/studio/7.0/toolchain/avr8/avr8-gnu-toolchain/bin/../lib/gcc/avr/4.9.2/../../../../avr/lib/avr5\libm.a(inverse.o)
                0x000016e8                inverse
 .text.avr-libc.fplib
                0x000016f8        0x8 c:/program files (x86)/atmel/studio/7.0/toolchain/avr8/avr8-gnu-toolchain/bin/../lib/gcc/avr/4.9.2/../../../../avr/lib/avr5\libm.a(mulsf3.o)
                0x000016f8                __mulsf3
 .text.avr-libc.fplib
                0x00001700       0xd2 c:/program files (x86)/atmel/studio/7.0/toolchain/avr8/avr8-gnu-toolchain/bin/../lib/gcc/avr/4.9.2/../../../../avr/lib/avr5\libm.a(mulsf3x.o)
                0x0000171e                __mulsf3x
                0x00001724                __mulsf3_pse
 .text.avr-libc.fplib
                0x000017d2       0x8c c:/program files (x86)/atmel/studio/7.0/toolchain/avr8/avr8-gnu-toolchain/bin/../lib/gcc/avr/4.9.2/../../../../avr/lib/avr5\libm.a(sqrt.o)
                0x000017de                sqrtf
                0x000017de                sqrt
 .text.avr-libc.fplib
                0x0000185e        0x8 c:/program files (x86)/atmel/studio/7.0/toolchain/avr8/avr8-gnu-toolchain/bin/../lib/gcc/avr/4.9.2/../../../../avr/lib/avr5\libm.a(square.o)
                0x0000185e                square
 .text.avr-libc.fplib
                0x00001866       0x1c c:/program files (x86)/atmel/studio/7.0/toolchain/avr8/avr8-gnu-toolchain/bin/../lib/gcc/avr/4.9.2/../../../../avr/lib/avr5\libm.a(fp_mpack.o)
                0x00001866                __fp_mpack
                0x0000186a                __fp_mpack_finite
 .text.avr-libc.fplib
                0x00001882        0xe c:/program files (x86)/atmel/studio/7.0/toolchain/avr8/avr8-gnu-toolchain/bin/../lib/gcc/avr/4.9.2/../../../../avr/lib/avr5\libm.a(fp_norm2.o)
                0x00001882                __fp_norm2
 .text._ZN14HardwareSerial9availableEv
                0x00001890       0x18 C:\Users\Kevin Mulligan\Documents\Atmel Studio\7.0\ArduinoMain\ArduinoMain\ArduinoCore\Debug\libArduinoCore.a(HardwareSerial.o)
                0x00001890                _ZN14HardwareSerial9availableEv
 .text._ZN14HardwareSerial4peekEv
                0x000018a8       0x1c C:\Users\Kevin Mulligan\Documents\Atmel Studio\7.0\ArduinoMain\ArduinoMain\ArduinoCore\Debug\libArduinoCore.a(HardwareSerial.o)
                0x000018a8                _ZN14HardwareSerial4peekEv
 .text._ZN14HardwareSerial4readEv
                0x000018c4       0x28 C:\Users\Kevin Mulligan\Documents\Atmel Studio\7.0\ArduinoMain\ArduinoMain\ArduinoCore\Debug\libArduinoCore.a(HardwareSerial.o)
                0x000018c4                _ZN14HardwareSerial4readEv
 .text._Z14serialEventRunv
                0x000018ec       0x1c C:\Users\Kevin Mulligan\Documents\Atmel Studio\7.0\ArduinoMain\ArduinoMain\ArduinoCore\Debug\libArduinoCore.a(HardwareSerial.o)
                0x000018ec                _Z14serialEventRunv
 .text._ZN14HardwareSerial17_tx_udr_empty_irqEv
                0x00001908       0x42 C:\Users\Kevin Mulligan\Documents\Atmel Studio\7.0\ArduinoMain\ArduinoMain\ArduinoCore\Debug\libArduinoCore.a(HardwareSerial.o)
                0x00001908                _ZN14HardwareSerial17_tx_udr_empty_irqEv
 .text._ZN14HardwareSerial5flushEv
                0x0000194a       0x44 C:\Users\Kevin Mulligan\Documents\Atmel Studio\7.0\ArduinoMain\ArduinoMain\ArduinoCore\Debug\libArduinoCore.a(HardwareSerial.o)
                0x0000194a                _ZN14HardwareSerial5flushEv
 .text._ZN14HardwareSerial5writeEh
                0x0000198e       0x8e C:\Users\Kevin Mulligan\Documents\Atmel Studio\7.0\ArduinoMain\ArduinoMain\ArduinoCore\Debug\libArduinoCore.a(HardwareSerial.o)
                0x0000198e                _ZN14HardwareSerial5writeEh
 .text._ZN14HardwareSerial5beginEmh
                0x00001a1c       0xca C:\Users\Kevin Mulligan\Documents\Atmel Studio\7.0\ArduinoMain\ArduinoMain\ArduinoCore\Debug\libArduinoCore.a(HardwareSerial.o)
                0x00001a1c                _ZN14HardwareSerial5beginEmh
 .text.__vector_18
                0x00001ae6       0x64 C:\Users\Kevin Mulligan\Documents\Atmel Studio\7.0\ArduinoMain\ArduinoMain\ArduinoCore\Debug\libArduinoCore.a(HardwareSerial0.o)
                0x00001ae6                __vector_18
 .text.__vector_19
                0x00001b4a       0x4c C:\Users\Kevin Mulligan\Documents\Atmel Studio\7.0\ArduinoMain\ArduinoMain\ArduinoCore\Debug\libArduinoCore.a(HardwareSerial0.o)
                0x00001b4a                __vector_19
 .text._Z17Serial0_availablev
                0x00001b96       0x14 C:\Users\Kevin Mulligan\Documents\Atmel Studio\7.0\ArduinoMain\ArduinoMain\ArduinoCore\Debug\libArduinoCore.a(HardwareSerial0.o)
                0x00001b96                _Z17Serial0_availablev
 .text.startup._GLOBAL__sub_I___vector_18
                0x00001baa       0x5a C:\Users\Kevin Mulligan\Documents\Atmel Studio\7.0\ArduinoMain\ArduinoMain\ArduinoCore\Debug\libArduinoCore.a(HardwareSerial0.o)
 .text.initVariant
                0x00001c04        0x2 C:\Users\Kevin Mulligan\Documents\Atmel Studio\7.0\ArduinoMain\ArduinoMain\ArduinoCore\Debug\libArduinoCore.a(main.o)
                0x00001c04                initVariant
 .text.startup.main
                0x00001c06       0x1e C:\Users\Kevin Mulligan\Documents\Atmel Studio\7.0\ArduinoMain\ArduinoMain\ArduinoCore\Debug\libArduinoCore.a(main.o)
                0x00001c06                main
 .text._ZN5Print5writeEPKhj
                0x00001c24       0x56 C:\Users\Kevin Mulligan\Documents\Atmel Studio\7.0\ArduinoMain\ArduinoMain\ArduinoCore\Debug\libArduinoCore.a(Print.o)
                0x00001c24                _ZN5Print5writeEPKhj
 .text._ZN5Print5writeEPKc
                0x00001c7a       0x2a C:\Users\Kevin Mulligan\Documents\Atmel Studio\7.0\ArduinoMain\ArduinoMain\ArduinoCore\Debug\libArduinoCore.a(Print.o)
                0x00001c7a                _ZN5Print5writeEPKc
 .text._ZN5Print5printERK6String
                0x00001ca4       0x1c C:\Users\Kevin Mulligan\Documents\Atmel Studio\7.0\ArduinoMain\ArduinoMain\ArduinoCore\Debug\libArduinoCore.a(Print.o)
                0x00001ca4                _ZN5Print5printERK6String
 .text._ZN5Print5printEPKc
                0x00001cc0        0x4 C:\Users\Kevin Mulligan\Documents\Atmel Studio\7.0\ArduinoMain\ArduinoMain\ArduinoCore\Debug\libArduinoCore.a(Print.o)
                0x00001cc0                _ZN5Print5printEPKc
 .text._ZN5Print5printEc
                0x00001cc4        0xe C:\Users\Kevin Mulligan\Documents\Atmel Studio\7.0\ArduinoMain\ArduinoMain\ArduinoCore\Debug\libArduinoCore.a(Print.o)
                0x00001cc4                _ZN5Print5printEc
 .text._ZN5Print7printlnEv
                0x00001cd2        0x8 C:\Users\Kevin Mulligan\Documents\Atmel Studio\7.0\ArduinoMain\ArduinoMain\ArduinoCore\Debug\libArduinoCore.a(Print.o)
                0x00001cd2                _ZN5Print7printlnEv
 .text._ZN5Print7printlnERK6String
                0x00001cda       0x24 C:\Users\Kevin Mulligan\Documents\Atmel Studio\7.0\ArduinoMain\ArduinoMain\ArduinoCore\Debug\libArduinoCore.a(Print.o)
                0x00001cda                _ZN5Print7printlnERK6String
 .text._ZN5Print11printNumberEmh
                0x00001cfe       0xa8 C:\Users\Kevin Mulligan\Documents\Atmel Studio\7.0\ArduinoMain\ArduinoMain\ArduinoCore\Debug\libArduinoCore.a(Print.o)
                0x00001cfe                _ZN5Print11printNumberEmh
 .text._ZN5Print5printEli
                0x00001da6       0x94 C:\Users\Kevin Mulligan\Documents\Atmel Studio\7.0\ArduinoMain\ArduinoMain\ArduinoCore\Debug\libArduinoCore.a(Print.o)
                0x00001da6                _ZN5Print5printEli
 .text._ZN5Print10printFloatEdh
                0x00001e3a      0x1ca C:\Users\Kevin Mulligan\Documents\Atmel Studio\7.0\ArduinoMain\ArduinoMain\ArduinoCore\Debug\libArduinoCore.a(Print.o)
                0x00001e3a                _ZN5Print10printFloatEdh
 .text._ZN5Print5printEdi
                0x00002004        0x4 C:\Users\Kevin Mulligan\Documents\Atmel Studio\7.0\ArduinoMain\ArduinoMain\ArduinoCore\Debug\libArduinoCore.a(Print.o)
                0x00002004                _ZN5Print5printEdi
 .text.__vector_16
                0x00002008       0x94 C:\Users\Kevin Mulligan\Documents\Atmel Studio\7.0\ArduinoMain\ArduinoMain\ArduinoCore\Debug\libArduinoCore.a(wiring.o)
                0x00002008                __vector_16
 .text.micros   0x0000209c       0x4a C:\Users\Kevin Mulligan\Documents\Atmel Studio\7.0\ArduinoMain\ArduinoMain\ArduinoCore\Debug\libArduinoCore.a(wiring.o)
                0x0000209c                micros
 .text.delay    0x000020e6       0x78 C:\Users\Kevin Mulligan\Documents\Atmel Studio\7.0\ArduinoMain\ArduinoMain\ArduinoCore\Debug\libArduinoCore.a(wiring.o)
                0x000020e6                delay
 .text.init     0x0000215e       0x76 C:\Users\Kevin Mulligan\Documents\Atmel Studio\7.0\ArduinoMain\ArduinoMain\ArduinoCore\Debug\libArduinoCore.a(wiring.o)
                0x0000215e                init
 .text.analogWrite
                0x000021d4       0xbe C:\Users\Kevin Mulligan\Documents\Atmel Studio\7.0\ArduinoMain\ArduinoMain\ArduinoCore\Debug\libArduinoCore.a(wiring_analog.o)
                0x000021d4                analogWrite
 .text.turnOffPWM
                0x00002292       0x52 C:\Users\Kevin Mulligan\Documents\Atmel Studio\7.0\ArduinoMain\ArduinoMain\ArduinoCore\Debug\libArduinoCore.a(wiring_digital.o)
 .text.pinMode  0x000022e4       0x78 C:\Users\Kevin Mulligan\Documents\Atmel Studio\7.0\ArduinoMain\ArduinoMain\ArduinoCore\Debug\libArduinoCore.a(wiring_digital.o)
                0x000022e4                pinMode
 .text.digitalWrite
                0x0000235c       0x60 C:\Users\Kevin Mulligan\Documents\Atmel Studio\7.0\ArduinoMain\ArduinoMain\ArduinoCore\Debug\libArduinoCore.a(wiring_digital.o)
                0x0000235c                digitalWrite
 .text._ZN6StringD2Ev
                0x000023bc        0xa C:\Users\Kevin Mulligan\Documents\Atmel Studio\7.0\ArduinoMain\ArduinoMain\ArduinoCore\Debug\libArduinoCore.a(WString.o)
                0x000023bc                _ZN6StringD2Ev
                0x000023bc                _ZN6StringD1Ev
 .text._ZN6String10invalidateEv
                0x000023c6       0x24 C:\Users\Kevin Mulligan\Documents\Atmel Studio\7.0\ArduinoMain\ArduinoMain\ArduinoCore\Debug\libArduinoCore.a(WString.o)
                0x000023c6                _ZN6String10invalidateEv
 .text._ZN6String12changeBufferEj
                0x000023ea       0x34 C:\Users\Kevin Mulligan\Documents\Atmel Studio\7.0\ArduinoMain\ArduinoMain\ArduinoCore\Debug\libArduinoCore.a(WString.o)
                0x000023ea                _ZN6String12changeBufferEj
 .text._ZN6String7reserveEj
                0x0000241e       0x38 C:\Users\Kevin Mulligan\Documents\Atmel Studio\7.0\ArduinoMain\ArduinoMain\ArduinoCore\Debug\libArduinoCore.a(WString.o)
                0x0000241e                _ZN6String7reserveEj
 .text._ZN6String4copyEPKcj
                0x00002456       0x42 C:\Users\Kevin Mulligan\Documents\Atmel Studio\7.0\ArduinoMain\ArduinoMain\ArduinoCore\Debug\libArduinoCore.a(WString.o)
                0x00002456                _ZN6String4copyEPKcj
 .text._ZN6StringC2EPKc
                0x00002498       0x2a C:\Users\Kevin Mulligan\Documents\Atmel Studio\7.0\ArduinoMain\ArduinoMain\ArduinoCore\Debug\libArduinoCore.a(WString.o)
                0x00002498                _ZN6StringC2EPKc
                0x00002498                _ZN6StringC1EPKc
 .text._ZN6StringaSEPKc
                0x000024c2       0x2e C:\Users\Kevin Mulligan\Documents\Atmel Studio\7.0\ArduinoMain\ArduinoMain\ArduinoCore\Debug\libArduinoCore.a(WString.o)
                0x000024c2                _ZN6StringaSEPKc
 .text._ZN24Adafruit_HMC5883_UnifiedD2Ev
                0x000024f0        0x2 C:\Users\Kevin Mulligan\Documents\Atmel Studio\7.0\ArduinoMain\ArduinoMain\ArduinoCore\Debug\libArduinoCore.a(Adafruit_HMC5883_U.o)
                0x000024f0                _ZN24Adafruit_HMC5883_UnifiedD1Ev
                0x000024f0                _ZN24Adafruit_HMC5883_UnifiedD2Ev
 .text._ZN24Adafruit_HMC5883_Unified9getSensorEP8sensor_t
                0x000024f2       0x9a C:\Users\Kevin Mulligan\Documents\Atmel Studio\7.0\ArduinoMain\ArduinoMain\ArduinoCore\Debug\libArduinoCore.a(Adafruit_HMC5883_U.o)
                0x000024f2                _ZN24Adafruit_HMC5883_Unified9getSensorEP8sensor_t
 .text._ZN24Adafruit_HMC5883_UnifiedD0Ev
                0x0000258c        0x4 C:\Users\Kevin Mulligan\Documents\Atmel Studio\7.0\ArduinoMain\ArduinoMain\ArduinoCore\Debug\libArduinoCore.a(Adafruit_HMC5883_U.o)
                0x0000258c                _ZN24Adafruit_HMC5883_UnifiedD0Ev
 .text._ZN24Adafruit_HMC5883_UnifiedC2El
                0x00002590       0x14 C:\Users\Kevin Mulligan\Documents\Atmel Studio\7.0\ArduinoMain\ArduinoMain\ArduinoCore\Debug\libArduinoCore.a(Adafruit_HMC5883_U.o)
                0x00002590                _ZN24Adafruit_HMC5883_UnifiedC2El
                0x00002590                _ZN24Adafruit_HMC5883_UnifiedC1El
 .text._ZN24Adafruit_HMC5883_Unified4readEv
                0x000025a4      0x110 C:\Users\Kevin Mulligan\Documents\Atmel Studio\7.0\ArduinoMain\ArduinoMain\ArduinoCore\Debug\libArduinoCore.a(Adafruit_HMC5883_U.o)
                0x000025a4                _ZN24Adafruit_HMC5883_Unified4readEv
 .text._ZN24Adafruit_HMC5883_Unified8getEventEP15sensors_event_t
                0x000026b4       0xfe C:\Users\Kevin Mulligan\Documents\Atmel Studio\7.0\ArduinoMain\ArduinoMain\ArduinoCore\Debug\libArduinoCore.a(Adafruit_HMC5883_U.o)
                0x000026b4                _ZN24Adafruit_HMC5883_Unified8getEventEP15sensors_event_t
 .text._ZN6KalmanC2Ev
                0x000027b2       0x64 C:\Users\Kevin Mulligan\Documents\Atmel Studio\7.0\ArduinoMain\ArduinoMain\ArduinoCore\Debug\libArduinoCore.a(Kalman.o)
                0x000027b2                _ZN6KalmanC1Ev
                0x000027b2                _ZN6KalmanC2Ev
 .text._ZN6Kalman8getAngleEfff
                0x00002816      0x2fe C:\Users\Kevin Mulligan\Documents\Atmel Studio\7.0\ArduinoMain\ArduinoMain\ArduinoCore\Debug\libArduinoCore.a(Kalman.o)
                0x00002816                _ZN6Kalman8getAngleEfff
 .text._ZN6Kalman8setAngleEf
                0x00002b14        0xc C:\Users\Kevin Mulligan\Documents\Atmel Studio\7.0\ArduinoMain\ArduinoMain\ArduinoCore\Debug\libArduinoCore.a(Kalman.o)
                0x00002b14                _ZN6Kalman8setAngleEf
 .text._ZN7TwoWire9availableEv
                0x00002b20       0x10 C:\Users\Kevin Mulligan\Documents\Atmel Studio\7.0\ArduinoMain\ArduinoMain\ArduinoCore\Debug\libArduinoCore.a(Wire.o)
                0x00002b20                _ZN7TwoWire9availableEv
 .text._ZN7TwoWire4readEv
                0x00002b30       0x28 C:\Users\Kevin Mulligan\Documents\Atmel Studio\7.0\ArduinoMain\ArduinoMain\ArduinoCore\Debug\libArduinoCore.a(Wire.o)
                0x00002b30                _ZN7TwoWire4readEv
 .text._ZN7TwoWire4peekEv
                0x00002b58       0x1e C:\Users\Kevin Mulligan\Documents\Atmel Studio\7.0\ArduinoMain\ArduinoMain\ArduinoCore\Debug\libArduinoCore.a(Wire.o)
                0x00002b58                _ZN7TwoWire4peekEv
 .text._ZN7TwoWire5flushEv
                0x00002b76        0x2 C:\Users\Kevin Mulligan\Documents\Atmel Studio\7.0\ArduinoMain\ArduinoMain\ArduinoCore\Debug\libArduinoCore.a(Wire.o)
                0x00002b76                _ZN7TwoWire5flushEv
 .text._ZN7TwoWire5writeEPKhj
                0x00002b78       0x60 C:\Users\Kevin Mulligan\Documents\Atmel Studio\7.0\ArduinoMain\ArduinoMain\ArduinoCore\Debug\libArduinoCore.a(Wire.o)
                0x00002b78                _ZN7TwoWire5writeEPKhj
 .text._ZN7TwoWire5writeEh
                0x00002bd8       0x5e C:\Users\Kevin Mulligan\Documents\Atmel Studio\7.0\ArduinoMain\ArduinoMain\ArduinoCore\Debug\libArduinoCore.a(Wire.o)
                0x00002bd8                _ZN7TwoWire5writeEh
 .text._ZN7TwoWireC2Ev
                0x00002c36       0x20 C:\Users\Kevin Mulligan\Documents\Atmel Studio\7.0\ArduinoMain\ArduinoMain\ArduinoCore\Debug\libArduinoCore.a(Wire.o)
                0x00002c36                _ZN7TwoWireC1Ev
                0x00002c36                _ZN7TwoWireC2Ev
 .text._ZN7TwoWire5beginEv
                0x00002c56       0x14 C:\Users\Kevin Mulligan\Documents\Atmel Studio\7.0\ArduinoMain\ArduinoMain\ArduinoCore\Debug\libArduinoCore.a(Wire.o)
                0x00002c56                _ZN7TwoWire5beginEv
 .text._ZN7TwoWire17beginTransmissionEh
                0x00002c6a       0x14 C:\Users\Kevin Mulligan\Documents\Atmel Studio\7.0\ArduinoMain\ArduinoMain\ArduinoCore\Debug\libArduinoCore.a(Wire.o)
                0x00002c6a                _ZN7TwoWire17beginTransmissionEh
 .text._ZN7TwoWire17beginTransmissionEi
                0x00002c7e        0x4 C:\Users\Kevin Mulligan\Documents\Atmel Studio\7.0\ArduinoMain\ArduinoMain\ArduinoCore\Debug\libArduinoCore.a(Wire.o)
                0x00002c7e                _ZN7TwoWire17beginTransmissionEi
 .text._ZN7TwoWire15endTransmissionEh
                0x00002c82       0x26 C:\Users\Kevin Mulligan\Documents\Atmel Studio\7.0\ArduinoMain\ArduinoMain\ArduinoCore\Debug\libArduinoCore.a(Wire.o)
                0x00002c82                _ZN7TwoWire15endTransmissionEh
 .text._ZN7TwoWire11requestFromEhhmhh
                0x00002ca8       0xa8 C:\Users\Kevin Mulligan\Documents\Atmel Studio\7.0\ArduinoMain\ArduinoMain\ArduinoCore\Debug\libArduinoCore.a(Wire.o)
                0x00002ca8                _ZN7TwoWire11requestFromEhhmhh
 .text._ZN7TwoWire11requestFromEhhh
                0x00002d50       0x20 C:\Users\Kevin Mulligan\Documents\Atmel Studio\7.0\ArduinoMain\ArduinoMain\ArduinoCore\Debug\libArduinoCore.a(Wire.o)
                0x00002d50                _ZN7TwoWire11requestFromEhhh
 .text._ZN7TwoWire11requestFromEhh
                0x00002d70        0x6 C:\Users\Kevin Mulligan\Documents\Atmel Studio\7.0\ArduinoMain\ArduinoMain\ArduinoCore\Debug\libArduinoCore.a(Wire.o)
                0x00002d70                _ZN7TwoWire11requestFromEhh
 .text._ZN7TwoWire11requestFromEii
                0x00002d76        0x6 C:\Users\Kevin Mulligan\Documents\Atmel Studio\7.0\ArduinoMain\ArduinoMain\ArduinoCore\Debug\libArduinoCore.a(Wire.o)
                0x00002d76                _ZN7TwoWire11requestFromEii
 .text._ZN7TwoWire15endTransmissionEv
                0x00002d7c        0x6 C:\Users\Kevin Mulligan\Documents\Atmel Studio\7.0\ArduinoMain\ArduinoMain\ArduinoCore\Debug\libArduinoCore.a(Wire.o)
                0x00002d7c                _ZN7TwoWire15endTransmissionEv
 .text.startup._GLOBAL__sub_I__ZN7TwoWire8rxBufferE
                0x00002d82        0x8 C:\Users\Kevin Mulligan\Documents\Atmel Studio\7.0\ArduinoMain\ArduinoMain\ArduinoCore\Debug\libArduinoCore.a(Wire.o)
 .text.__empty  0x00002d8a        0x2 C:\Users\Kevin Mulligan\Documents\Atmel Studio\7.0\ArduinoMain\ArduinoMain\ArduinoCore\Debug\libArduinoCore.a(hooks.o)
                0x00002d8a                yield
 .text._ZdlPv   0x00002d8c        0x4 C:\Users\Kevin Mulligan\Documents\Atmel Studio\7.0\ArduinoMain\ArduinoMain\ArduinoCore\Debug\libArduinoCore.a(new.o)
                0x00002d8c                _ZdlPv
 .text.twi_init
                0x00002d90       0x3c C:\Users\Kevin Mulligan\Documents\Atmel Studio\7.0\ArduinoMain\ArduinoMain\ArduinoCore\Debug\libArduinoCore.a(twi.o)
                0x00002d90                twi_init
 .text.twi_readFrom
                0x00002dcc       0x90 C:\Users\Kevin Mulligan\Documents\Atmel Studio\7.0\ArduinoMain\ArduinoMain\ArduinoCore\Debug\libArduinoCore.a(twi.o)
                0x00002dcc                twi_readFrom
 .text.twi_writeTo
                0x00002e5c       0xac C:\Users\Kevin Mulligan\Documents\Atmel Studio\7.0\ArduinoMain\ArduinoMain\ArduinoCore\Debug\libArduinoCore.a(twi.o)
                0x00002e5c                twi_writeTo
 .text.twi_transmit
                0x00002f08       0x32 C:\Users\Kevin Mulligan\Documents\Atmel Studio\7.0\ArduinoMain\ArduinoMain\ArduinoCore\Debug\libArduinoCore.a(twi.o)
                0x00002f08                twi_transmit
 .text.twi_stop
                0x00002f3a       0x14 C:\Users\Kevin Mulligan\Documents\Atmel Studio\7.0\ArduinoMain\ArduinoMain\ArduinoCore\Debug\libArduinoCore.a(twi.o)
                0x00002f3a                twi_stop
 .text.twi_releaseBus
                0x00002f4e        0xc C:\Users\Kevin Mulligan\Documents\Atmel Studio\7.0\ArduinoMain\ArduinoMain\ArduinoCore\Debug\libArduinoCore.a(twi.o)
                0x00002f4e                twi_releaseBus
 .text.__vector_24
                0x00002f5a      0x25a C:\Users\Kevin Mulligan\Documents\Atmel Studio\7.0\ArduinoMain\ArduinoMain\ArduinoCore\Debug\libArduinoCore.a(twi.o)
                0x00002f5a                __vector_24
 .text.avr-libc.fplib
                0x000031b4        0xa c:/program files (x86)/atmel/studio/7.0/toolchain/avr8/avr8-gnu-toolchain/bin/../lib/gcc/avr/4.9.2/../../../../avr/lib/avr5\libm.a(unordsf2.o)
                0x000031b4                __unordsf2
 .text.libgcc.div
                0x000031be       0x28 c:/program files (x86)/atmel/studio/7.0/toolchain/avr8/avr8-gnu-toolchain/bin/../lib/gcc/avr/4.9.2/avr5\libgcc.a(_divmodhi4.o)
                0x000031be                _div
                0x000031be                __divmodhi4
 .text.libgcc.div
                0x000031e6       0x44 c:/program files (x86)/atmel/studio/7.0/toolchain/avr8/avr8-gnu-toolchain/bin/../lib/gcc/avr/4.9.2/avr5\libgcc.a(_udivmodsi4.o)
                0x000031e6                __udivmodsi4
 .text.libgcc.div
                0x0000322a       0x28 c:/program files (x86)/atmel/studio/7.0/toolchain/avr8/avr8-gnu-toolchain/bin/../lib/gcc/avr/4.9.2/avr5\libgcc.a(_udivmodhi4.o)
                0x0000322a                __udivmodhi4
 .text.libgcc   0x00003252        0xc c:/program files (x86)/atmel/studio/7.0/toolchain/avr8/avr8-gnu-toolchain/bin/../lib/gcc/avr/4.9.2/avr5\libgcc.a(_tablejump2.o)
                0x00003252                __tablejump2__
 .text.avr-libc
                0x0000325e      0x25a c:/program files (x86)/atmel/studio/7.0/toolchain/avr8/avr8-gnu-toolchain/bin/../lib/gcc/avr/4.9.2/../../../../avr/lib/avr5\libc.a(malloc.o)
                0x0000325e                malloc
                0x00003388                free
 .text.avr-libc
                0x000034b8      0x194 c:/program files (x86)/atmel/studio/7.0/toolchain/avr8/avr8-gnu-toolchain/bin/../lib/gcc/avr/4.9.2/../../../../avr/lib/avr5\libc.a(realloc.o)
                0x000034b8                realloc
 .text.avr-libc
                0x0000364c       0x12 c:/program files (x86)/atmel/studio/7.0/toolchain/avr8/avr8-gnu-toolchain/bin/../lib/gcc/avr/4.9.2/../../../../avr/lib/avr5\libc.a(memcpy.o)
                0x0000364c                memcpy
 .text.avr-libc
                0x0000365e        0xe c:/program files (x86)/atmel/studio/7.0/toolchain/avr8/avr8-gnu-toolchain/bin/../lib/gcc/avr/4.9.2/../../../../avr/lib/avr5\libc.a(strcpy.o)
                0x0000365e                strcpy
 .text.avr-libc
                0x0000366c       0x1e c:/program files (x86)/atmel/studio/7.0/toolchain/avr8/avr8-gnu-toolchain/bin/../lib/gcc/avr/4.9.2/../../../../avr/lib/avr5\libc.a(strncpy.o)
                0x0000366c                strncpy
 .text.libgcc.prologue
                0x0000368a       0x38 c:/program files (x86)/atmel/studio/7.0/toolchain/avr8/avr8-gnu-toolchain/bin/../lib/gcc/avr/4.9.2/avr5\libgcc.a(_prologue.o)
                0x0000368a                __prologue_saves__
 .text.libgcc.prologue
                0x000036c2       0x36 c:/program files (x86)/atmel/studio/7.0/toolchain/avr8/avr8-gnu-toolchain/bin/../lib/gcc/avr/4.9.2/avr5\libgcc.a(_epilogue.o)
                0x000036c2                __epilogue_restores__
                0x000036f8                . = ALIGN (0x2)
 *(.fini9)
 .fini9         0x000036f8        0x0 c:/program files (x86)/atmel/studio/7.0/toolchain/avr8/avr8-gnu-toolchain/bin/../lib/gcc/avr/4.9.2/avr5\libgcc.a(_exit.o)
                0x000036f8                _exit
                0x000036f8                exit
 *(.fini9)
 *(.fini8)
 *(.fini8)
 *(.fini7)
 *(.fini7)
 *(.fini6)
 .fini6         0x000036f8       0x16 c:/program files (x86)/atmel/studio/7.0/toolchain/avr8/avr8-gnu-toolchain/bin/../lib/gcc/avr/4.9.2/avr5\libgcc.a(_dtors.o)
                0x000036f8                __do_global_dtors
 *(.fini6)
 *(.fini5)
 *(.fini5)
 *(.fini4)
 *(.fini4)
 *(.fini3)
 *(.fini3)
 *(.fini2)
 *(.fini2)
 *(.fini1)
 *(.fini1)
 *(.fini0)
 .fini0         0x0000370e        0x4 c:/program files (x86)/atmel/studio/7.0/toolchain/avr8/avr8-gnu-toolchain/bin/../lib/gcc/avr/4.9.2/avr5\libgcc.a(_exit.o)
 *(.fini0)
                0x00003712                _etext = .

.data           0x00800100      0x12e load address 0x00003712
                0x00800100                PROVIDE (__data_start, .)
 *(.data)
 .data          0x00800100        0x6 c:/program files (x86)/atmel/studio/7.0/toolchain/avr8/avr8-gnu-toolchain/bin/../lib/gcc/avr/4.9.2/../../../../avr/lib/avr5\libc.a(malloc.o)
                0x00800100                __malloc_heap_end
                0x00800102                __malloc_heap_start
                0x00800104                __malloc_margin
 *(.data*)
 .data.speedPinRB
                0x00800106        0x2 Sketch.o
                0x00800106                speedPinRB
 .data.dir2PinRB
                0x00800108        0x2 Sketch.o
                0x00800108                dir2PinRB
 .data.dir1PinRB
                0x0080010a        0x2 Sketch.o
                0x0080010a                dir1PinRB
 .data.speedPinLB
                0x0080010c        0x2 Sketch.o
                0x0080010c                speedPinLB
 .data.dir2PinLB
                0x0080010e        0x2 Sketch.o
                0x0080010e                dir2PinLB
 .data.dir1PinLB
                0x00800110        0x2 Sketch.o
                0x00800110                dir1PinLB
 .data.speedPinRF
                0x00800112        0x2 Sketch.o
                0x00800112                speedPinRF
 .data.dir2PinRF
                0x00800114        0x2 Sketch.o
                0x00800114                dir2PinRF
 .data.dir1PinRF
                0x00800116        0x2 Sketch.o
                0x00800116                dir1PinRF
 .data.speedPinLF
                0x00800118        0x2 Sketch.o
                0x00800118                speedPinLF
 .data.dir2PinLF
                0x0080011a        0x2 Sketch.o
                0x0080011a                dir2PinLF
 .data.dir1PinLF
                0x0080011c        0x2 Sketch.o
                0x0080011c                dir1PinLF
 .data.speedall
                0x0080011e        0x2 Sketch.o
                0x0080011e                speedall
 .data.d        0x00800120        0x2 Sketch.o
                0x00800120                d
 .data.g_offz   0x00800122        0x2 Sketch.o
                0x00800122                g_offz
 .data.g_offy   0x00800124        0x2 Sketch.o
                0x00800124                g_offy
 .data.g_offx   0x00800126        0x2 Sketch.o
                0x00800126                g_offx
 .data._ZL20_hmc5883_Gauss_LSB_Z
                0x00800128        0x4 C:\Users\Kevin Mulligan\Documents\Atmel Studio\7.0\ArduinoMain\ArduinoMain\ArduinoCore\Debug\libArduinoCore.a(Adafruit_HMC5883_U.o)
 .data._ZL21_hmc5883_Gauss_LSB_XY
                0x0080012c        0x4 C:\Users\Kevin Mulligan\Documents\Atmel Studio\7.0\ArduinoMain\ArduinoMain\ArduinoCore\Debug\libArduinoCore.a(Adafruit_HMC5883_U.o)
 *(.rodata)
 *(.rodata*)
 .rodata.str1.1
                0x00800130       0xb6 Sketch.o
                                 0xbb (size before relaxing)
 .rodata._ZTV14HardwareSerial
                0x008001e6       0x10 C:\Users\Kevin Mulligan\Documents\Atmel Studio\7.0\ArduinoMain\ArduinoMain\ArduinoCore\Debug\libArduinoCore.a(HardwareSerial.o)
                0x008001e6                _ZTV14HardwareSerial
 .rodata.str1.1
                0x008001f6       0x11 C:\Users\Kevin Mulligan\Documents\Atmel Studio\7.0\ArduinoMain\ArduinoMain\ArduinoCore\Debug\libArduinoCore.a(Print.o)
 .rodata.str1.1
                0x00800207        0x8 C:\Users\Kevin Mulligan\Documents\Atmel Studio\7.0\ArduinoMain\ArduinoMain\ArduinoCore\Debug\libArduinoCore.a(Adafruit_HMC5883_U.o)
 .rodata._ZTV24Adafruit_HMC5883_Unified
                0x0080020f        0xe C:\Users\Kevin Mulligan\Documents\Atmel Studio\7.0\ArduinoMain\ArduinoMain\ArduinoCore\Debug\libArduinoCore.a(Adafruit_HMC5883_U.o)
                0x0080020f                _ZTV24Adafruit_HMC5883_Unified
 .rodata._ZTV7TwoWire
                0x0080021d       0x10 C:\Users\Kevin Mulligan\Documents\Atmel Studio\7.0\ArduinoMain\ArduinoMain\ArduinoCore\Debug\libArduinoCore.a(Wire.o)
                0x0080021d                _ZTV7TwoWire
 *(.gnu.linkonce.d*)
                0x0080022e                . = ALIGN (0x2)
 *fill*         0x0080022d        0x1 
                0x0080022e                _edata = .
                0x0080022e                PROVIDE (__data_end, .)

.bss            0x0080022e      0x219
                0x0080022e                PROVIDE (__bss_start, .)
 *(.bss)
 *(.bss*)
 .bss.newlinechar
                0x0080022e        0x6 Sketch.o
                0x0080022e                newlinechar
 .bss.stringComplete
                0x00800234        0x1 Sketch.o
                0x00800234                stringComplete
 .bss.inputString
                0x00800235        0x6 Sketch.o
                0x00800235                inputString
 .bss.headingDegrees
                0x0080023b        0x4 Sketch.o
                0x0080023b                headingDegrees
 .bss.kalAngleY
                0x0080023f        0x4 Sketch.o
                0x0080023f                kalAngleY
 .bss.kalAngleX
                0x00800243        0x4 Sketch.o
                0x00800243                kalAngleX
 .bss.compAngleY
                0x00800247        0x4 Sketch.o
                0x00800247                compAngleY
 .bss.compAngleX
                0x0080024b        0x4 Sketch.o
                0x0080024b                compAngleX
 .bss.gyroYangle
                0x0080024f        0x4 Sketch.o
                0x0080024f                gyroYangle
 .bss.gyroXangle
                0x00800253        0x4 Sketch.o
                0x00800253                gyroXangle
 .bss.gyroZ     0x00800257        0x4 Sketch.o
                0x00800257                gyroZ
 .bss.gyroY     0x0080025b        0x4 Sketch.o
                0x0080025b                gyroY
 .bss.gyroX     0x0080025f        0x4 Sketch.o
                0x0080025f                gyroX
 .bss.accZ      0x00800263        0x4 Sketch.o
                0x00800263                accZ
 .bss.accY      0x00800267        0x4 Sketch.o
                0x00800267                accY
 .bss.accX      0x0080026b        0x4 Sketch.o
                0x0080026b                accX
 .bss.kalmanY   0x0080026f       0x28 Sketch.o
                0x0080026f                kalmanY
 .bss.kalmanX   0x00800297       0x28 Sketch.o
                0x00800297                kalmanX
 .bss.timer     0x008002bf        0x4 Sketch.o
                0x008002bf                timer
 .bss.truetemp  0x008002c3        0x2 Sketch.o
                0x008002c3                truetemp
 .bss.mag       0x008002c5       0x18 Sketch.o
                0x008002c5                mag
 .bss.Serial    0x008002dd       0x9d C:\Users\Kevin Mulligan\Documents\Atmel Studio\7.0\ArduinoMain\ArduinoMain\ArduinoCore\Debug\libArduinoCore.a(HardwareSerial0.o)
                0x008002dd                Serial
 .bss.timer0_fract
                0x0080037a        0x1 C:\Users\Kevin Mulligan\Documents\Atmel Studio\7.0\ArduinoMain\ArduinoMain\ArduinoCore\Debug\libArduinoCore.a(wiring.o)
 .bss.timer0_millis
                0x0080037b        0x4 C:\Users\Kevin Mulligan\Documents\Atmel Studio\7.0\ArduinoMain\ArduinoMain\ArduinoCore\Debug\libArduinoCore.a(wiring.o)
                0x0080037b                timer0_millis
 .bss.timer0_overflow_count
                0x0080037f        0x4 C:\Users\Kevin Mulligan\Documents\Atmel Studio\7.0\ArduinoMain\ArduinoMain\ArduinoCore\Debug\libArduinoCore.a(wiring.o)
                0x0080037f                timer0_overflow_count
 .bss.Wire      0x00800383        0xc C:\Users\Kevin Mulligan\Documents\Atmel Studio\7.0\ArduinoMain\ArduinoMain\ArduinoCore\Debug\libArduinoCore.a(Wire.o)
                0x00800383                Wire
 .bss._ZN7TwoWire12transmittingE
                0x0080038f        0x1 C:\Users\Kevin Mulligan\Documents\Atmel Studio\7.0\ArduinoMain\ArduinoMain\ArduinoCore\Debug\libArduinoCore.a(Wire.o)
                0x0080038f                _ZN7TwoWire12transmittingE
 .bss._ZN7TwoWire14txBufferLengthE
                0x00800390        0x1 C:\Users\Kevin Mulligan\Documents\Atmel Studio\7.0\ArduinoMain\ArduinoMain\ArduinoCore\Debug\libArduinoCore.a(Wire.o)
                0x00800390                _ZN7TwoWire14txBufferLengthE
 .bss._ZN7TwoWire13txBufferIndexE
                0x00800391        0x1 C:\Users\Kevin Mulligan\Documents\Atmel Studio\7.0\ArduinoMain\ArduinoMain\ArduinoCore\Debug\libArduinoCore.a(Wire.o)
                0x00800391                _ZN7TwoWire13txBufferIndexE
 .bss._ZN7TwoWire8txBufferE
                0x00800392       0x20 C:\Users\Kevin Mulligan\Documents\Atmel Studio\7.0\ArduinoMain\ArduinoMain\ArduinoCore\Debug\libArduinoCore.a(Wire.o)
                0x00800392                _ZN7TwoWire8txBufferE
 .bss._ZN7TwoWire9txAddressE
                0x008003b2        0x1 C:\Users\Kevin Mulligan\Documents\Atmel Studio\7.0\ArduinoMain\ArduinoMain\ArduinoCore\Debug\libArduinoCore.a(Wire.o)
                0x008003b2                _ZN7TwoWire9txAddressE
 .bss._ZN7TwoWire14rxBufferLengthE
                0x008003b3        0x1 C:\Users\Kevin Mulligan\Documents\Atmel Studio\7.0\ArduinoMain\ArduinoMain\ArduinoCore\Debug\libArduinoCore.a(Wire.o)
                0x008003b3                _ZN7TwoWire14rxBufferLengthE
 .bss._ZN7TwoWire13rxBufferIndexE
                0x008003b4        0x1 C:\Users\Kevin Mulligan\Documents\Atmel Studio\7.0\ArduinoMain\ArduinoMain\ArduinoCore\Debug\libArduinoCore.a(Wire.o)
                0x008003b4                _ZN7TwoWire13rxBufferIndexE
 .bss._ZN7TwoWire8rxBufferE
                0x008003b5       0x20 C:\Users\Kevin Mulligan\Documents\Atmel Studio\7.0\ArduinoMain\ArduinoMain\ArduinoCore\Debug\libArduinoCore.a(Wire.o)
                0x008003b5                _ZN7TwoWire8rxBufferE
 .bss.twi_error
                0x008003d5        0x1 C:\Users\Kevin Mulligan\Documents\Atmel Studio\7.0\ArduinoMain\ArduinoMain\ArduinoCore\Debug\libArduinoCore.a(twi.o)
 .bss.twi_rxBufferIndex
                0x008003d6        0x1 C:\Users\Kevin Mulligan\Documents\Atmel Studio\7.0\ArduinoMain\ArduinoMain\ArduinoCore\Debug\libArduinoCore.a(twi.o)
 .bss.twi_rxBuffer
                0x008003d7       0x20 C:\Users\Kevin Mulligan\Documents\Atmel Studio\7.0\ArduinoMain\ArduinoMain\ArduinoCore\Debug\libArduinoCore.a(twi.o)
 .bss.twi_txBufferLength
                0x008003f7        0x1 C:\Users\Kevin Mulligan\Documents\Atmel Studio\7.0\ArduinoMain\ArduinoMain\ArduinoCore\Debug\libArduinoCore.a(twi.o)
 .bss.twi_txBufferIndex
                0x008003f8        0x1 C:\Users\Kevin Mulligan\Documents\Atmel Studio\7.0\ArduinoMain\ArduinoMain\ArduinoCore\Debug\libArduinoCore.a(twi.o)
 .bss.twi_txBuffer
                0x008003f9       0x20 C:\Users\Kevin Mulligan\Documents\Atmel Studio\7.0\ArduinoMain\ArduinoMain\ArduinoCore\Debug\libArduinoCore.a(twi.o)
 .bss.twi_masterBufferLength
                0x00800419        0x1 C:\Users\Kevin Mulligan\Documents\Atmel Studio\7.0\ArduinoMain\ArduinoMain\ArduinoCore\Debug\libArduinoCore.a(twi.o)
 .bss.twi_masterBufferIndex
                0x0080041a        0x1 C:\Users\Kevin Mulligan\Documents\Atmel Studio\7.0\ArduinoMain\ArduinoMain\ArduinoCore\Debug\libArduinoCore.a(twi.o)
 .bss.twi_masterBuffer
                0x0080041b       0x20 C:\Users\Kevin Mulligan\Documents\Atmel Studio\7.0\ArduinoMain\ArduinoMain\ArduinoCore\Debug\libArduinoCore.a(twi.o)
 .bss.twi_onSlaveReceive
                0x0080043b        0x2 C:\Users\Kevin Mulligan\Documents\Atmel Studio\7.0\ArduinoMain\ArduinoMain\ArduinoCore\Debug\libArduinoCore.a(twi.o)
 .bss.twi_onSlaveTransmit
                0x0080043d        0x2 C:\Users\Kevin Mulligan\Documents\Atmel Studio\7.0\ArduinoMain\ArduinoMain\ArduinoCore\Debug\libArduinoCore.a(twi.o)
 .bss.twi_inRepStart
                0x0080043f        0x1 C:\Users\Kevin Mulligan\Documents\Atmel Studio\7.0\ArduinoMain\ArduinoMain\ArduinoCore\Debug\libArduinoCore.a(twi.o)
 .bss.twi_sendStop
                0x00800440        0x1 C:\Users\Kevin Mulligan\Documents\Atmel Studio\7.0\ArduinoMain\ArduinoMain\ArduinoCore\Debug\libArduinoCore.a(twi.o)
 .bss.twi_slarw
                0x00800441        0x1 C:\Users\Kevin Mulligan\Documents\Atmel Studio\7.0\ArduinoMain\ArduinoMain\ArduinoCore\Debug\libArduinoCore.a(twi.o)
 .bss.twi_state
                0x00800442        0x1 C:\Users\Kevin Mulligan\Documents\Atmel Studio\7.0\ArduinoMain\ArduinoMain\ArduinoCore\Debug\libArduinoCore.a(twi.o)
 *(COMMON)
 COMMON         0x00800443        0x4 c:/program files (x86)/atmel/studio/7.0/toolchain/avr8/avr8-gnu-toolchain/bin/../lib/gcc/avr/4.9.2/../../../../avr/lib/avr5\libc.a(malloc.o)
                0x00800443                __brkval
                0x00800445                __flp
                0x00800447                PROVIDE (__bss_end, .)
                0x00003712                __data_load_start = LOADADDR (.data)
                0x00003840                __data_load_end = (__data_load_start + SIZEOF (.data))

.noinit         0x00800447        0x0
                [!provide]                PROVIDE (__noinit_start, .)
 *(.noinit*)
                [!provide]                PROVIDE (__noinit_end, .)
                0x00800447                _end = .
                0x00800447                PROVIDE (__heap_start, .)

.eeprom         0x00810000        0x0
 *(.eeprom*)
                0x00810000                __eeprom_end = .

.fuse
 *(.fuse)
 *(.lfuse)
 *(.hfuse)
 *(.efuse)

.lock
 *(.lock*)

.signature
 *(.signature*)

.user_signatures
 *(.user_signatures*)

.stab
 *(.stab)

.stabstr
 *(.stabstr)

.stab.excl
 *(.stab.excl)

.stab.exclstr
 *(.stab.exclstr)

.stab.index
 *(.stab.index)

.stab.indexstr
 *(.stab.indexstr)

.comment        0x00000000       0x30
 *(.comment)
 .comment       0x00000000       0x30 Sketch.o
                                 0x31 (size before relaxing)
 .comment       0x00000030       0x31 C:\Users\Kevin Mulligan\Documents\Atmel Studio\7.0\ArduinoMain\ArduinoMain\ArduinoCore\Debug\libArduinoCore.a(HardwareSerial.o)
 .comment       0x00000030       0x31 C:\Users\Kevin Mulligan\Documents\Atmel Studio\7.0\ArduinoMain\ArduinoMain\ArduinoCore\Debug\libArduinoCore.a(HardwareSerial0.o)
 .comment       0x00000030       0x31 C:\Users\Kevin Mulligan\Documents\Atmel Studio\7.0\ArduinoMain\ArduinoMain\ArduinoCore\Debug\libArduinoCore.a(main.o)
 .comment       0x00000030       0x31 C:\Users\Kevin Mulligan\Documents\Atmel Studio\7.0\ArduinoMain\ArduinoMain\ArduinoCore\Debug\libArduinoCore.a(Print.o)
 .comment       0x00000030       0x31 C:\Users\Kevin Mulligan\Documents\Atmel Studio\7.0\ArduinoMain\ArduinoMain\ArduinoCore\Debug\libArduinoCore.a(wiring.o)
 .comment       0x00000030       0x31 C:\Users\Kevin Mulligan\Documents\Atmel Studio\7.0\ArduinoMain\ArduinoMain\ArduinoCore\Debug\libArduinoCore.a(wiring_analog.o)
 .comment       0x00000030       0x31 C:\Users\Kevin Mulligan\Documents\Atmel Studio\7.0\ArduinoMain\ArduinoMain\ArduinoCore\Debug\libArduinoCore.a(wiring_digital.o)
 .comment       0x00000030       0x31 C:\Users\Kevin Mulligan\Documents\Atmel Studio\7.0\ArduinoMain\ArduinoMain\ArduinoCore\Debug\libArduinoCore.a(WString.o)
 .comment       0x00000030       0x31 C:\Users\Kevin Mulligan\Documents\Atmel Studio\7.0\ArduinoMain\ArduinoMain\ArduinoCore\Debug\libArduinoCore.a(Adafruit_HMC5883_U.o)
 .comment       0x00000030       0x31 C:\Users\Kevin Mulligan\Documents\Atmel Studio\7.0\ArduinoMain\ArduinoMain\ArduinoCore\Debug\libArduinoCore.a(Kalman.o)
 .comment       0x00000030       0x31 C:\Users\Kevin Mulligan\Documents\Atmel Studio\7.0\ArduinoMain\ArduinoMain\ArduinoCore\Debug\libArduinoCore.a(Wire.o)
 .comment       0x00000030       0x31 C:\Users\Kevin Mulligan\Documents\Atmel Studio\7.0\ArduinoMain\ArduinoMain\ArduinoCore\Debug\libArduinoCore.a(hooks.o)
 .comment       0x00000030       0x31 C:\Users\Kevin Mulligan\Documents\Atmel Studio\7.0\ArduinoMain\ArduinoMain\ArduinoCore\Debug\libArduinoCore.a(new.o)
 .comment       0x00000030       0x31 C:\Users\Kevin Mulligan\Documents\Atmel Studio\7.0\ArduinoMain\ArduinoMain\ArduinoCore\Debug\libArduinoCore.a(twi.o)
 .comment       0x00000030       0x31 c:/program files (x86)/atmel/studio/7.0/toolchain/avr8/avr8-gnu-toolchain/bin/../lib/gcc/avr/4.9.2/../../../../avr/lib/avr5\libc.a(malloc.o)
 .comment       0x00000030       0x31 c:/program files (x86)/atmel/studio/7.0/toolchain/avr8/avr8-gnu-toolchain/bin/../lib/gcc/avr/4.9.2/../../../../avr/lib/avr5\libc.a(realloc.o)

.note.gnu.avr.deviceinfo
                0x00000000       0x40
 .note.gnu.avr.deviceinfo
                0x00000000       0x40 C:/Program Files (x86)/Atmel/Studio/7.0/Packs/atmel/ATmega_DFP/1.0.106/gcc/dev/atmega328p/avr5/crtatmega328p.o

.note.gnu.build-id
 *(.note.gnu.build-id)

.debug
 *(.debug)

.line
 *(.line)

.debug_srcinfo
 *(.debug_srcinfo)

.debug_sfnames
 *(.debug_sfnames)

.debug_aranges  0x00000000      0x890
 *(.debug_aranges)
 .debug_aranges
                0x00000000       0xe0 Sketch.o
 .debug_aranges
                0x000000e0       0x68 C:\Users\Kevin Mulligan\Documents\Atmel Studio\7.0\ArduinoMain\ArduinoMain\ArduinoCore\Debug\libArduinoCore.a(HardwareSerial.o)
 .debug_aranges
                0x00000148       0x38 C:\Users\Kevin Mulligan\Documents\Atmel Studio\7.0\ArduinoMain\ArduinoMain\ArduinoCore\Debug\libArduinoCore.a(HardwareSerial0.o)
 .debug_aranges
                0x00000180       0x38 C:\Users\Kevin Mulligan\Documents\Atmel Studio\7.0\ArduinoMain\ArduinoMain\ArduinoCore\Debug\libArduinoCore.a(main.o)
 .debug_aranges
                0x000001b8       0xf0 C:\Users\Kevin Mulligan\Documents\Atmel Studio\7.0\ArduinoMain\ArduinoMain\ArduinoCore\Debug\libArduinoCore.a(Print.o)
 .debug_aranges
                0x000002a8       0x48 C:\Users\Kevin Mulligan\Documents\Atmel Studio\7.0\ArduinoMain\ArduinoMain\ArduinoCore\Debug\libArduinoCore.a(wiring.o)
 .debug_aranges
                0x000002f0       0x30 C:\Users\Kevin Mulligan\Documents\Atmel Studio\7.0\ArduinoMain\ArduinoMain\ArduinoCore\Debug\libArduinoCore.a(wiring_analog.o)
 .debug_aranges
                0x00000320       0x38 C:\Users\Kevin Mulligan\Documents\Atmel Studio\7.0\ArduinoMain\ArduinoMain\ArduinoCore\Debug\libArduinoCore.a(wiring_digital.o)
 .debug_aranges
                0x00000358      0x2a8 C:\Users\Kevin Mulligan\Documents\Atmel Studio\7.0\ArduinoMain\ArduinoMain\ArduinoCore\Debug\libArduinoCore.a(WString.o)
 .debug_aranges
                0x00000600       0x70 C:\Users\Kevin Mulligan\Documents\Atmel Studio\7.0\ArduinoMain\ArduinoMain\ArduinoCore\Debug\libArduinoCore.a(Adafruit_HMC5883_U.o)
 .debug_aranges
                0x00000670       0x68 C:\Users\Kevin Mulligan\Documents\Atmel Studio\7.0\ArduinoMain\ArduinoMain\ArduinoCore\Debug\libArduinoCore.a(Kalman.o)
 .debug_aranges
                0x000006d8       0xe8 C:\Users\Kevin Mulligan\Documents\Atmel Studio\7.0\ArduinoMain\ArduinoMain\ArduinoCore\Debug\libArduinoCore.a(Wire.o)
 .debug_aranges
                0x000007c0       0x20 C:\Users\Kevin Mulligan\Documents\Atmel Studio\7.0\ArduinoMain\ArduinoMain\ArduinoCore\Debug\libArduinoCore.a(hooks.o)
 .debug_aranges
                0x000007e0       0x38 C:\Users\Kevin Mulligan\Documents\Atmel Studio\7.0\ArduinoMain\ArduinoMain\ArduinoCore\Debug\libArduinoCore.a(new.o)
 .debug_aranges
                0x00000818       0x78 C:\Users\Kevin Mulligan\Documents\Atmel Studio\7.0\ArduinoMain\ArduinoMain\ArduinoCore\Debug\libArduinoCore.a(twi.o)

.debug_pubnames
 *(.debug_pubnames)

.debug_info     0x00000000    0x12db9
 *(.debug_info .gnu.linkonce.wi.*)
 .debug_info    0x00000000     0x3722 Sketch.o
 .debug_info    0x00003722     0x1dd1 C:\Users\Kevin Mulligan\Documents\Atmel Studio\7.0\ArduinoMain\ArduinoMain\ArduinoCore\Debug\libArduinoCore.a(HardwareSerial.o)
 .debug_info    0x000054f3     0x19ca C:\Users\Kevin Mulligan\Documents\Atmel Studio\7.0\ArduinoMain\ArduinoMain\ArduinoCore\Debug\libArduinoCore.a(HardwareSerial0.o)
 .debug_info    0x00006ebd      0x231 C:\Users\Kevin Mulligan\Documents\Atmel Studio\7.0\ArduinoMain\ArduinoMain\ArduinoCore\Debug\libArduinoCore.a(main.o)
 .debug_info    0x000070ee     0x297b C:\Users\Kevin Mulligan\Documents\Atmel Studio\7.0\ArduinoMain\ArduinoMain\ArduinoCore\Debug\libArduinoCore.a(Print.o)
 .debug_info    0x00009a69      0x2c8 C:\Users\Kevin Mulligan\Documents\Atmel Studio\7.0\ArduinoMain\ArduinoMain\ArduinoCore\Debug\libArduinoCore.a(wiring.o)
 .debug_info    0x00009d31      0x281 C:\Users\Kevin Mulligan\Documents\Atmel Studio\7.0\ArduinoMain\ArduinoMain\ArduinoCore\Debug\libArduinoCore.a(wiring_analog.o)
 .debug_info    0x00009fb2      0x5f9 C:\Users\Kevin Mulligan\Documents\Atmel Studio\7.0\ArduinoMain\ArduinoMain\ArduinoCore\Debug\libArduinoCore.a(wiring_digital.o)
 .debug_info    0x0000a5ab     0x4469 C:\Users\Kevin Mulligan\Documents\Atmel Studio\7.0\ArduinoMain\ArduinoMain\ArduinoCore\Debug\libArduinoCore.a(WString.o)
 .debug_info    0x0000ea14     0x1095 C:\Users\Kevin Mulligan\Documents\Atmel Studio\7.0\ArduinoMain\ArduinoMain\ArduinoCore\Debug\libArduinoCore.a(Adafruit_HMC5883_U.o)
 .debug_info    0x0000faa9      0x4d8 C:\Users\Kevin Mulligan\Documents\Atmel Studio\7.0\ArduinoMain\ArduinoMain\ArduinoCore\Debug\libArduinoCore.a(Kalman.o)
 .debug_info    0x0000ff81     0x269c C:\Users\Kevin Mulligan\Documents\Atmel Studio\7.0\ArduinoMain\ArduinoMain\ArduinoCore\Debug\libArduinoCore.a(Wire.o)
 .debug_info    0x0001261d       0x3e C:\Users\Kevin Mulligan\Documents\Atmel Studio\7.0\ArduinoMain\ArduinoMain\ArduinoCore\Debug\libArduinoCore.a(hooks.o)
 .debug_info    0x0001265b      0x18c C:\Users\Kevin Mulligan\Documents\Atmel Studio\7.0\ArduinoMain\ArduinoMain\ArduinoCore\Debug\libArduinoCore.a(new.o)
 .debug_info    0x000127e7      0x5d2 C:\Users\Kevin Mulligan\Documents\Atmel Studio\7.0\ArduinoMain\ArduinoMain\ArduinoCore\Debug\libArduinoCore.a(twi.o)

.debug_abbrev   0x00000000     0x2d3c
 *(.debug_abbrev)
 .debug_abbrev  0x00000000      0x6e2 Sketch.o
 .debug_abbrev  0x000006e2      0x478 C:\Users\Kevin Mulligan\Documents\Atmel Studio\7.0\ArduinoMain\ArduinoMain\ArduinoCore\Debug\libArduinoCore.a(HardwareSerial.o)
 .debug_abbrev  0x00000b5a      0x3b1 C:\Users\Kevin Mulligan\Documents\Atmel Studio\7.0\ArduinoMain\ArduinoMain\ArduinoCore\Debug\libArduinoCore.a(HardwareSerial0.o)
 .debug_abbrev  0x00000f0b      0x109 C:\Users\Kevin Mulligan\Documents\Atmel Studio\7.0\ArduinoMain\ArduinoMain\ArduinoCore\Debug\libArduinoCore.a(main.o)
 .debug_abbrev  0x00001014      0x487 C:\Users\Kevin Mulligan\Documents\Atmel Studio\7.0\ArduinoMain\ArduinoMain\ArduinoCore\Debug\libArduinoCore.a(Print.o)
 .debug_abbrev  0x0000149b      0x145 C:\Users\Kevin Mulligan\Documents\Atmel Studio\7.0\ArduinoMain\ArduinoMain\ArduinoCore\Debug\libArduinoCore.a(wiring.o)
 .debug_abbrev  0x000015e0      0x184 C:\Users\Kevin Mulligan\Documents\Atmel Studio\7.0\ArduinoMain\ArduinoMain\ArduinoCore\Debug\libArduinoCore.a(wiring_analog.o)
 .debug_abbrev  0x00001764      0x15b C:\Users\Kevin Mulligan\Documents\Atmel Studio\7.0\ArduinoMain\ArduinoMain\ArduinoCore\Debug\libArduinoCore.a(wiring_digital.o)
 .debug_abbrev  0x000018bf      0x4d0 C:\Users\Kevin Mulligan\Documents\Atmel Studio\7.0\ArduinoMain\ArduinoMain\ArduinoCore\Debug\libArduinoCore.a(WString.o)
 .debug_abbrev  0x00001d8f      0x4ab C:\Users\Kevin Mulligan\Documents\Atmel Studio\7.0\ArduinoMain\ArduinoMain\ArduinoCore\Debug\libArduinoCore.a(Adafruit_HMC5883_U.o)
 .debug_abbrev  0x0000223a      0x1da C:\Users\Kevin Mulligan\Documents\Atmel Studio\7.0\ArduinoMain\ArduinoMain\ArduinoCore\Debug\libArduinoCore.a(Kalman.o)
 .debug_abbrev  0x00002414      0x5c6 C:\Users\Kevin Mulligan\Documents\Atmel Studio\7.0\ArduinoMain\ArduinoMain\ArduinoCore\Debug\libArduinoCore.a(Wire.o)
 .debug_abbrev  0x000029da       0x2a C:\Users\Kevin Mulligan\Documents\Atmel Studio\7.0\ArduinoMain\ArduinoMain\ArduinoCore\Debug\libArduinoCore.a(hooks.o)
 .debug_abbrev  0x00002a04       0xd9 C:\Users\Kevin Mulligan\Documents\Atmel Studio\7.0\ArduinoMain\ArduinoMain\ArduinoCore\Debug\libArduinoCore.a(new.o)
 .debug_abbrev  0x00002add      0x25f C:\Users\Kevin Mulligan\Documents\Atmel Studio\7.0\ArduinoMain\ArduinoMain\ArduinoCore\Debug\libArduinoCore.a(twi.o)

.debug_line     0x00000000     0x45d8
 *(.debug_line .debug_line.* .debug_line_end)
 .debug_line    0x00000000      0xb47 Sketch.o
 .debug_line    0x00000b47      0x426 C:\Users\Kevin Mulligan\Documents\Atmel Studio\7.0\ArduinoMain\ArduinoMain\ArduinoCore\Debug\libArduinoCore.a(HardwareSerial.o)
 .debug_line    0x00000f6d      0x257 C:\Users\Kevin Mulligan\Documents\Atmel Studio\7.0\ArduinoMain\ArduinoMain\ArduinoCore\Debug\libArduinoCore.a(HardwareSerial0.o)
 .debug_line    0x000011c4      0x175 C:\Users\Kevin Mulligan\Documents\Atmel Studio\7.0\ArduinoMain\ArduinoMain\ArduinoCore\Debug\libArduinoCore.a(main.o)
 .debug_line    0x00001339      0x63e C:\Users\Kevin Mulligan\Documents\Atmel Studio\7.0\ArduinoMain\ArduinoMain\ArduinoCore\Debug\libArduinoCore.a(Print.o)
 .debug_line    0x00001977      0x299 C:\Users\Kevin Mulligan\Documents\Atmel Studio\7.0\ArduinoMain\ArduinoMain\ArduinoCore\Debug\libArduinoCore.a(wiring.o)
 .debug_line    0x00001c10      0x20f C:\Users\Kevin Mulligan\Documents\Atmel Studio\7.0\ArduinoMain\ArduinoMain\ArduinoCore\Debug\libArduinoCore.a(wiring_analog.o)
 .debug_line    0x00001e1f      0x252 C:\Users\Kevin Mulligan\Documents\Atmel Studio\7.0\ArduinoMain\ArduinoMain\ArduinoCore\Debug\libArduinoCore.a(wiring_digital.o)
 .debug_line    0x00002071     0x12ad C:\Users\Kevin Mulligan\Documents\Atmel Studio\7.0\ArduinoMain\ArduinoMain\ArduinoCore\Debug\libArduinoCore.a(WString.o)
 .debug_line    0x0000331e      0x4ed C:\Users\Kevin Mulligan\Documents\Atmel Studio\7.0\ArduinoMain\ArduinoMain\ArduinoCore\Debug\libArduinoCore.a(Adafruit_HMC5883_U.o)
 .debug_line    0x0000380b      0x1dc C:\Users\Kevin Mulligan\Documents\Atmel Studio\7.0\ArduinoMain\ArduinoMain\ArduinoCore\Debug\libArduinoCore.a(Kalman.o)
 .debug_line    0x000039e7      0x56f C:\Users\Kevin Mulligan\Documents\Atmel Studio\7.0\ArduinoMain\ArduinoMain\ArduinoCore\Debug\libArduinoCore.a(Wire.o)
 .debug_line    0x00003f56       0x41 C:\Users\Kevin Mulligan\Documents\Atmel Studio\7.0\ArduinoMain\ArduinoMain\ArduinoCore\Debug\libArduinoCore.a(hooks.o)
 .debug_line    0x00003f97      0x15b C:\Users\Kevin Mulligan\Documents\Atmel Studio\7.0\ArduinoMain\ArduinoMain\ArduinoCore\Debug\libArduinoCore.a(new.o)
 .debug_line    0x000040f2      0x4e6 C:\Users\Kevin Mulligan\Documents\Atmel Studio\7.0\ArduinoMain\ArduinoMain\ArduinoCore\Debug\libArduinoCore.a(twi.o)

.debug_frame    0x00000000     0x1ad0
 *(.debug_frame)
 .debug_frame   0x00000000      0x2a0 Sketch.o
 .debug_frame   0x000002a0      0x110 C:\Users\Kevin Mulligan\Documents\Atmel Studio\7.0\ArduinoMain\ArduinoMain\ArduinoCore\Debug\libArduinoCore.a(HardwareSerial.o)
 .debug_frame   0x000003b0       0xc0 C:\Users\Kevin Mulligan\Documents\Atmel Studio\7.0\ArduinoMain\ArduinoMain\ArduinoCore\Debug\libArduinoCore.a(HardwareSerial0.o)
 .debug_frame   0x00000470       0x54 C:\Users\Kevin Mulligan\Documents\Atmel Studio\7.0\ArduinoMain\ArduinoMain\ArduinoCore\Debug\libArduinoCore.a(main.o)
 .debug_frame   0x000004c4      0x39c C:\Users\Kevin Mulligan\Documents\Atmel Studio\7.0\ArduinoMain\ArduinoMain\ArduinoCore\Debug\libArduinoCore.a(Print.o)
 .debug_frame   0x00000860       0xc4 C:\Users\Kevin Mulligan\Documents\Atmel Studio\7.0\ArduinoMain\ArduinoMain\ArduinoCore\Debug\libArduinoCore.a(wiring.o)
 .debug_frame   0x00000924       0x54 C:\Users\Kevin Mulligan\Documents\Atmel Studio\7.0\ArduinoMain\ArduinoMain\ArduinoCore\Debug\libArduinoCore.a(wiring_analog.o)
 .debug_frame   0x00000978       0x7c C:\Users\Kevin Mulligan\Documents\Atmel Studio\7.0\ArduinoMain\ArduinoMain\ArduinoCore\Debug\libArduinoCore.a(wiring_digital.o)
 .debug_frame   0x000009f4      0xa48 C:\Users\Kevin Mulligan\Documents\Atmel Studio\7.0\ArduinoMain\ArduinoMain\ArduinoCore\Debug\libArduinoCore.a(WString.o)
 .debug_frame   0x0000143c      0x18c C:\Users\Kevin Mulligan\Documents\Atmel Studio\7.0\ArduinoMain\ArduinoMain\ArduinoCore\Debug\libArduinoCore.a(Adafruit_HMC5883_U.o)
 .debug_frame   0x000015c8      0x114 C:\Users\Kevin Mulligan\Documents\Atmel Studio\7.0\ArduinoMain\ArduinoMain\ArduinoCore\Debug\libArduinoCore.a(Kalman.o)
 .debug_frame   0x000016dc      0x258 C:\Users\Kevin Mulligan\Documents\Atmel Studio\7.0\ArduinoMain\ArduinoMain\ArduinoCore\Debug\libArduinoCore.a(Wire.o)
 .debug_frame   0x00001934       0x24 C:\Users\Kevin Mulligan\Documents\Atmel Studio\7.0\ArduinoMain\ArduinoMain\ArduinoCore\Debug\libArduinoCore.a(hooks.o)
 .debug_frame   0x00001958       0x54 C:\Users\Kevin Mulligan\Documents\Atmel Studio\7.0\ArduinoMain\ArduinoMain\ArduinoCore\Debug\libArduinoCore.a(new.o)
 .debug_frame   0x000019ac      0x124 C:\Users\Kevin Mulligan\Documents\Atmel Studio\7.0\ArduinoMain\ArduinoMain\ArduinoCore\Debug\libArduinoCore.a(twi.o)

.debug_str      0x00000000     0x32b2
 *(.debug_str)
 .debug_str     0x00000000     0x154b Sketch.o
                               0x16f2 (size before relaxing)
 .debug_str     0x0000154b      0x705 C:\Users\Kevin Mulligan\Documents\Atmel Studio\7.0\ArduinoMain\ArduinoMain\ArduinoCore\Debug\libArduinoCore.a(HardwareSerial.o)
                               0x12f1 (size before relaxing)
 .debug_str     0x00001c50       0x47 C:\Users\Kevin Mulligan\Documents\Atmel Studio\7.0\ArduinoMain\ArduinoMain\ArduinoCore\Debug\libArduinoCore.a(HardwareSerial0.o)
                               0x10f1 (size before relaxing)
 .debug_str     0x00001c97       0x43 C:\Users\Kevin Mulligan\Documents\Atmel Studio\7.0\ArduinoMain\ArduinoMain\ArduinoCore\Debug\libArduinoCore.a(main.o)
                                0x2c6 (size before relaxing)
 .debug_str     0x00001cda      0x317 C:\Users\Kevin Mulligan\Documents\Atmel Studio\7.0\ArduinoMain\ArduinoMain\ArduinoCore\Debug\libArduinoCore.a(Print.o)
                                0xf71 (size before relaxing)
 .debug_str     0x00001ff1      0x14a C:\Users\Kevin Mulligan\Documents\Atmel Studio\7.0\ArduinoMain\ArduinoMain\ArduinoCore\Debug\libArduinoCore.a(wiring.o)
                                0x250 (size before relaxing)
 .debug_str     0x0000213b       0x6b C:\Users\Kevin Mulligan\Documents\Atmel Studio\7.0\ArduinoMain\ArduinoMain\ArduinoCore\Debug\libArduinoCore.a(wiring_analog.o)
                                0x254 (size before relaxing)
 .debug_str     0x000021a6       0xa3 C:\Users\Kevin Mulligan\Documents\Atmel Studio\7.0\ArduinoMain\ArduinoMain\ArduinoCore\Debug\libArduinoCore.a(wiring_digital.o)
                                0x2b5 (size before relaxing)
 .debug_str     0x00002249      0x3d7 C:\Users\Kevin Mulligan\Documents\Atmel Studio\7.0\ArduinoMain\ArduinoMain\ArduinoCore\Debug\libArduinoCore.a(WString.o)
                                0xf4a (size before relaxing)
 .debug_str     0x00002620      0x64b C:\Users\Kevin Mulligan\Documents\Atmel Studio\7.0\ArduinoMain\ArduinoMain\ArduinoCore\Debug\libArduinoCore.a(Adafruit_HMC5883_U.o)
                                0xd55 (size before relaxing)
 .debug_str     0x00002c6b       0x55 C:\Users\Kevin Mulligan\Documents\Atmel Studio\7.0\ArduinoMain\ArduinoMain\ArduinoCore\Debug\libArduinoCore.a(Kalman.o)
                                0x320 (size before relaxing)
 .debug_str     0x00002cc0      0x431 C:\Users\Kevin Mulligan\Documents\Atmel Studio\7.0\ArduinoMain\ArduinoMain\ArduinoCore\Debug\libArduinoCore.a(Wire.o)
                               0x1581 (size before relaxing)
 .debug_str     0x000030f1       0x1c C:\Users\Kevin Mulligan\Documents\Atmel Studio\7.0\ArduinoMain\ArduinoMain\ArduinoCore\Debug\libArduinoCore.a(hooks.o)
                                0x145 (size before relaxing)
 .debug_str     0x0000310d       0x5e C:\Users\Kevin Mulligan\Documents\Atmel Studio\7.0\ArduinoMain\ArduinoMain\ArduinoCore\Debug\libArduinoCore.a(new.o)
                                0x1fa (size before relaxing)
 .debug_str     0x0000316b      0x147 C:\Users\Kevin Mulligan\Documents\Atmel Studio\7.0\ArduinoMain\ArduinoMain\ArduinoCore\Debug\libArduinoCore.a(twi.o)
                                0x3ac (size before relaxing)

.debug_loc      0x00000000     0x8fd9
 *(.debug_loc)
 .debug_loc     0x00000000      0x790 Sketch.o
 .debug_loc     0x00000790      0x497 C:\Users\Kevin Mulligan\Documents\Atmel Studio\7.0\ArduinoMain\ArduinoMain\ArduinoCore\Debug\libArduinoCore.a(HardwareSerial.o)
 .debug_loc     0x00000c27      0x161 C:\Users\Kevin Mulligan\Documents\Atmel Studio\7.0\ArduinoMain\ArduinoMain\ArduinoCore\Debug\libArduinoCore.a(HardwareSerial0.o)
 .debug_loc     0x00000d88     0x1ef5 C:\Users\Kevin Mulligan\Documents\Atmel Studio\7.0\ArduinoMain\ArduinoMain\ArduinoCore\Debug\libArduinoCore.a(Print.o)
 .debug_loc     0x00002c7d      0x269 C:\Users\Kevin Mulligan\Documents\Atmel Studio\7.0\ArduinoMain\ArduinoMain\ArduinoCore\Debug\libArduinoCore.a(wiring.o)
 .debug_loc     0x00002ee6       0xfe C:\Users\Kevin Mulligan\Documents\Atmel Studio\7.0\ArduinoMain\ArduinoMain\ArduinoCore\Debug\libArduinoCore.a(wiring_analog.o)
 .debug_loc     0x00002fe4      0x5e3 C:\Users\Kevin Mulligan\Documents\Atmel Studio\7.0\ArduinoMain\ArduinoMain\ArduinoCore\Debug\libArduinoCore.a(wiring_digital.o)
 .debug_loc     0x000035c7     0x417e C:\Users\Kevin Mulligan\Documents\Atmel Studio\7.0\ArduinoMain\ArduinoMain\ArduinoCore\Debug\libArduinoCore.a(WString.o)
 .debug_loc     0x00007745      0x60c C:\Users\Kevin Mulligan\Documents\Atmel Studio\7.0\ArduinoMain\ArduinoMain\ArduinoCore\Debug\libArduinoCore.a(Adafruit_HMC5883_U.o)
 .debug_loc     0x00007d51      0x2d3 C:\Users\Kevin Mulligan\Documents\Atmel Studio\7.0\ArduinoMain\ArduinoMain\ArduinoCore\Debug\libArduinoCore.a(Kalman.o)
 .debug_loc     0x00008024      0xb46 C:\Users\Kevin Mulligan\Documents\Atmel Studio\7.0\ArduinoMain\ArduinoMain\ArduinoCore\Debug\libArduinoCore.a(Wire.o)
 .debug_loc     0x00008b6a       0x98 C:\Users\Kevin Mulligan\Documents\Atmel Studio\7.0\ArduinoMain\ArduinoMain\ArduinoCore\Debug\libArduinoCore.a(new.o)
 .debug_loc     0x00008c02      0x3d7 C:\Users\Kevin Mulligan\Documents\Atmel Studio\7.0\ArduinoMain\ArduinoMain\ArduinoCore\Debug\libArduinoCore.a(twi.o)

.debug_macinfo
 *(.debug_macinfo)

.debug_weaknames
 *(.debug_weaknames)

.debug_funcnames
 *(.debug_funcnames)

.debug_typenames
 *(.debug_typenames)

.debug_varnames
 *(.debug_varnames)

.debug_pubtypes
 *(.debug_pubtypes)

.debug_ranges   0x00000000      0x898
 *(.debug_ranges)
 .debug_ranges  0x00000000      0x100 Sketch.o
 .debug_ranges  0x00000100       0x70 C:\Users\Kevin Mulligan\Documents\Atmel Studio\7.0\ArduinoMain\ArduinoMain\ArduinoCore\Debug\libArduinoCore.a(HardwareSerial.o)
 .debug_ranges  0x00000170       0x28 C:\Users\Kevin Mulligan\Documents\Atmel Studio\7.0\ArduinoMain\ArduinoMain\ArduinoCore\Debug\libArduinoCore.a(HardwareSerial0.o)
 .debug_ranges  0x00000198       0x28 C:\Users\Kevin Mulligan\Documents\Atmel Studio\7.0\ArduinoMain\ArduinoMain\ArduinoCore\Debug\libArduinoCore.a(main.o)
 .debug_ranges  0x000001c0      0x128 C:\Users\Kevin Mulligan\Documents\Atmel Studio\7.0\ArduinoMain\ArduinoMain\ArduinoCore\Debug\libArduinoCore.a(Print.o)
 .debug_ranges  0x000002e8       0x38 C:\Users\Kevin Mulligan\Documents\Atmel Studio\7.0\ArduinoMain\ArduinoMain\ArduinoCore\Debug\libArduinoCore.a(wiring.o)
 .debug_ranges  0x00000320       0x20 C:\Users\Kevin Mulligan\Documents\Atmel Studio\7.0\ArduinoMain\ArduinoMain\ArduinoCore\Debug\libArduinoCore.a(wiring_analog.o)
 .debug_ranges  0x00000340       0x28 C:\Users\Kevin Mulligan\Documents\Atmel Studio\7.0\ArduinoMain\ArduinoMain\ArduinoCore\Debug\libArduinoCore.a(wiring_digital.o)
 .debug_ranges  0x00000368      0x300 C:\Users\Kevin Mulligan\Documents\Atmel Studio\7.0\ArduinoMain\ArduinoMain\ArduinoCore\Debug\libArduinoCore.a(WString.o)
 .debug_ranges  0x00000668       0x60 C:\Users\Kevin Mulligan\Documents\Atmel Studio\7.0\ArduinoMain\ArduinoMain\ArduinoCore\Debug\libArduinoCore.a(Adafruit_HMC5883_U.o)
 .debug_ranges  0x000006c8       0x58 C:\Users\Kevin Mulligan\Documents\Atmel Studio\7.0\ArduinoMain\ArduinoMain\ArduinoCore\Debug\libArduinoCore.a(Kalman.o)
 .debug_ranges  0x00000720       0xd8 C:\Users\Kevin Mulligan\Documents\Atmel Studio\7.0\ArduinoMain\ArduinoMain\ArduinoCore\Debug\libArduinoCore.a(Wire.o)
 .debug_ranges  0x000007f8       0x10 C:\Users\Kevin Mulligan\Documents\Atmel Studio\7.0\ArduinoMain\ArduinoMain\ArduinoCore\Debug\libArduinoCore.a(hooks.o)
 .debug_ranges  0x00000808       0x28 C:\Users\Kevin Mulligan\Documents\Atmel Studio\7.0\ArduinoMain\ArduinoMain\ArduinoCore\Debug\libArduinoCore.a(new.o)
 .debug_ranges  0x00000830       0x68 C:\Users\Kevin Mulligan\Documents\Atmel Studio\7.0\ArduinoMain\ArduinoMain\ArduinoCore\Debug\libArduinoCore.a(twi.o)

.debug_macro
 *(.debug_macro)
OUTPUT(AccelerometerAndGyro-Kalman.elf elf32-avr)
LOAD linker stubs
